11-06 16:01:01.161 V/WindowManager( 1587):         {WCT{RemoteToken{30a46ef Task{c476bc1 #1 type=home}}} m=TO_FRONT f=SHOW_WALLPAPER p=WCT{RemoteToken{8d735fc DefaultTaskDisplayArea@180800654}} leash=Surface(name=Task=1)/@0x4a5d001 sb=Rect(0, 0 - 1440, 3120) eb=Rect(0, 0 - 1440, 3120) d=0 taskParent=-1},
11-06 16:01:01.161 V/WindowManager( 1587):         {WCT{RemoteToken{8d735fc DefaultTaskDisplayArea@180800654}} m=TO_FRONT f=SHOW_WALLPAPER leash=Surface(name=DefaultTaskDisplayArea)/@0x68ca1e8 sb=Rect(0, 0 - 1440, 3120) eb=Rect(0, 0 - 1440, 3120) d=0},
11-06 16:01:01.161 V/WindowManager( 1587):         {null m=TO_FRONT f=IS_WALLPAPER|IS_OCCLUDED leash=Surface(name=WallpaperWindowToken{667f727 token=android.os.Binder@8bf5e6})/@0xb3b7f0b sb=Rect(0, 0 - 1440, 3120) eb=Rect(0, 0 - 1440, 3120) d=0},
11-06 16:01:01.161 V/WindowManager( 1587):         {null m=TO_BACK f=IS_WALLPAPER leash=Surface(name=WallpaperWindowToken{9f3914b token=android.os.Binder@922d21a})/@0x18c848d sb=Rect(0, 0 - 1440, 3120) eb=Rect(0, 0 - 1440, 3120) d=0}
11-06 16:01:01.161 V/WindowManager( 1587):     ]}
11-06 16:01:01.162 I/LockSettingsService( 1587): Successfully verified lockscreen credential for user 0
11-06 16:01:01.162 V/WindowManagerShell( 2069): start keyguard going-away transition, info = {id=6 t=TO_BACK f=0x104 trk=0 r=[0@Point(0, 0)] c=[{WCT{android.window.IWindowContainerToken$Stub$Proxy@f799935} m=TO_FRONT f=SHOW_WALLPAPER p=WCT{android.window.IWindowContainerToken$Stub$Proxy@77291ca} leash=Surface(name=Task=1)/@0x7fcef40 sb=Rect(0, 0 - 1440, 3120) eb=Rect(0, 0 - 1440, 3120) d=0 taskParent=-1},{WCT{android.window.IWindowContainerToken$Stub$Proxy@6fcf3b} m=TO_FRONT f=SHOW_WALLPAPER leash=Surface(name=DefaultTaskDisplayArea)/@0x3178e79 sb=Rect(0, 0 - 1440, 3120) eb=Rect(0, 0 - 1440, 3120) d=0},{null m=TO_FRONT f=IS_WALLPAPER|IS_OCCLUDED leash=Surface(name=WallpaperWindowToken{667f727 token=android.os.Binder@8bf5e6})/@0x906b7be sb=Rect(0, 0 - 1440, 3120) eb=Rect(0, 0 - 1440, 3120) d=0},{null m=TO_BACK f=IS_WALLPAPER leash=Surface(name=WallpaperWindowToken{9f3914b token=android.os.Binder@922d21a})/@0xecc501f sb=Rect(0, 0 - 1440, 3120) eb=Rect(0, 0 - 1440, 3120) d=0}]}
11-06 16:01:01.162 D/BiometricDeferredQueue( 1587): Fingerprint addPendingLockoutResetForUser: 0
11-06 16:01:01.162 D/BiometricDeferredQueue( 1587): Fingerprint addPendingLockoutResetForUser: 0
11-06 16:01:01.162 D/KeyguardService( 2069): Starts IRemoteAnimationRunner: info={id=6 t=TO_BACK f=0x104 trk=0 r=[0@Point(0, 0)] c=[{WCT{android.window.IWindowContainerToken$Stub$Proxy@f799935} m=TO_FRONT f=SHOW_WALLPAPER p=WCT{android.window.IWindowContainerToken$Stub$Proxy@77291ca} leash=Surface(name=Task=1)/@0x7fcef40 sb=Rect(0, 0 - 1440, 3120) eb=Rect(0, 0 - 1440, 3120) d=0 taskParent=-1},{WCT{android.window.IWindowContainerToken$Stub$Proxy@6fcf3b} m=TO_FRONT f=SHOW_WALLPAPER leash=Surface(name=DefaultTaskDisplayArea)/@0x3178e79 sb=Rect(0, 0 - 1440, 3120) eb=Rect(0, 0 - 1440, 3120) d=0},{null m=TO_FRONT f=IS_WALLPAPER|IS_OCCLUDED leash=Surface(name=WallpaperWindowToken{667f727 token=android.os.Binder@8bf5e6})/@0x906b7be sb=Rect(0, 0 - 1440, 3120) eb=Rect(0, 0 - 1440, 3120) d=0},{null m=TO_BACK f=IS_WALLPAPER leash=Surface(name=WallpaperWindowToken{9f3914b token=android.os.Binder@922d21a})/@0xecc501f sb=Rect(0, 0 - 1440, 3120) eb=Rect(0, 0 - 1440, 3120) d=0}]}
11-06 16:01:01.164 V/WindowManagerShell( 2069):  animated by com.android.wm.shell.keyguard.KeyguardTransitionHandler@a813f57
11-06 16:01:01.164 E/SingleInstanceRemoteListener( 2069): Failed remote call on null listener
11-06 16:01:01.165 I/keystore2(  535): system/security/keystore2/src/authorization.rs:128 - on_device_unlocked(user_id=0, password.is_some()=true)
11-06 16:01:01.166 I/keystore2(  535): system/security/keystore2/src/super_key.rs:1232 - unlock_user(user=0)
11-06 16:01:01.166 W/UserManagerService( 1587): Requested status bar icon for non-badged user 0
11-06 16:01:01.184 I/keystore2(  535): system/security/keystore2/src/authorization.rs:128 - on_device_unlocked(user_id=0, password.is_some()=false)
11-06 16:01:01.189 D/CoreBackPreview( 1587): Window{84332dd u0 NotificationShade}: Setting back callback null
11-06 16:01:01.193 D/vold    (  510): fscrypt_unlock_ce_storage 0
11-06 16:01:01.193 D/vold    (  510): Trying user CE key /data/misc/vold/user_keys/ce/0/current
11-06 16:01:01.194 D/KeyguardService( 2069): Finish IRemoteAnimationRunner.
11-06 16:01:01.194 V/WindowManagerShell( 2069): Transition animation finished (aborted=false), notifying core (#6) android.os.BinderProxy@a1df77d@0
11-06 16:01:01.195 I/keystore2(  535): system/security/keystore2/src/authorization.rs:128 - on_device_unlocked(user_id=10, password.is_some()=false)
11-06 16:01:01.196 V/WindowManager( 1587): Finish Transition (#6): created at 11-06 16:01:01.118 collect-started=0.212ms request-sent=0.364ms started=22.324ms ready=22.282ms sent=41.604ms finished=77.361ms
11-06 16:01:01.197 V/WindowManagerShell( 2069): Track 0 became idle
11-06 16:01:01.197 V/WindowManagerShell( 2069): All active transition animations finished
11-06 16:01:01.198 D/vold    (  510): Successfully retrieved key
11-06 16:01:01.201 W/UserManagerService( 1587): Requested status bar icon for non-badged user 0
11-06 16:01:01.207 D/vold    (  510): Installed fscrypt key with ref 0275695fcbc6e48b692d73b8cd726335 to /data
11-06 16:01:01.207 D/vold    (  510): Installed CE key for user 0
11-06 16:01:01.208 I/LockSettingsService( 1587): Unlocked CE storage for secured user 0
11-06 16:01:01.209 D/SystemServerTiming( 1587): finishUserUnlocking-0
11-06 16:01:01.209 D/ActivityManager( 1587): Started unlocking user 0
11-06 16:01:01.209 D/LockSettingsService( 1587): unlockUser started
11-06 16:01:01.209 D/ActivityManager( 1587): Unlocking user 0 progress 0
11-06 16:01:01.209 D/LockSettingsService( 1587): unlockUser progress 0
11-06 16:01:01.209 D/ActivityManager( 1587): Unlocking user 0 progress 5
11-06 16:01:01.209 D/LockSettingsService( 1587): unlockUser progress 5
11-06 16:01:01.209 D/ActivityManager( 1587): User 10 (parent 0): attempting unlock because parent was just unlocked
11-06 16:01:01.210 D/LockSettingsService( 1587): Not unlocking CE storage for user 10 yet because user is secured
11-06 16:01:01.210 D/SystemServerTiming( 1587): finishUserUnlocking-10
11-06 16:01:01.210 D/SystemServerTiming( 1587): UM.onBeforeUnlockUser-0
11-06 16:01:01.210 D/SystemServerTiming( 1587): prepareUserData-0
11-06 16:01:01.210 D/UserDataPreparer( 1587): Preparing user data; volumeUuid=null, userId=0, flags=0x2, isNewUser=false
11-06 16:01:01.211 D/vold    (  510): fscrypt_prepare_user_storage for volume null, user 0, flags 2
11-06 16:01:01.211 D/vold    (  510): Preparing: /data/system_ce/0
11-06 16:01:01.212 I/vold    (  510): Verified that /data/system_ce/0 has the encryption policy 0275695fcbc6e48b692d73b8cd726335 v2 modes 1/4 flags 0xa
11-06 16:01:01.213 D/vold    (  510): Preparing: /data/vendor_ce/0
11-06 16:01:01.213 I/vold    (  510): Verified that /data/vendor_ce/0 has the encryption policy 0275695fcbc6e48b692d73b8cd726335 v2 modes 1/4 flags 0xa
11-06 16:01:01.214 D/FingerprintProvider/default( 1587): Starting watchdog for fingerprint
11-06 16:01:01.214 D/vold    (  510): Preparing: /data/media/0
11-06 16:01:01.215 I/vold    (  510): Verified that /data/media/0 has the encryption policy 0275695fcbc6e48b692d73b8cd726335 v2 modes 1/4 flags 0xa
11-06 16:01:01.215 D/vold    (  510): Preparing: /data/misc_ce/0
11-06 16:01:01.215 I/vold    (  510): Verified that /data/misc_ce/0 has the encryption policy 0275695fcbc6e48b692d73b8cd726335 v2 modes 1/4 flags 0xa
11-06 16:01:01.215 D/vold    (  510): Preparing: /data/user/0
11-06 16:01:01.216 I/vold    (  510): Verified that /data/user/0 has the encryption policy 0275695fcbc6e48b692d73b8cd726335 v2 modes 1/4 flags 0xa
11-06 16:01:01.216 D/vold    (  510): Starting restorecon of /data/system_ce/0
11-06 16:01:01.220 D/vold    (  510): Finished restorecon of /data/system_ce/0
11-06 16:01:01.220 D/vold    (  510): Starting restorecon of /data/vendor_ce/0
11-06 16:01:01.223 D/vold    (  510): Finished restorecon of /data/vendor_ce/0
11-06 16:01:01.223 D/vold    (  510): Starting restorecon of /data/misc_ce/0
11-06 16:01:01.227 D/vold    (  510): Finished restorecon of /data/misc_ce/0
11-06 16:01:01.227 D/vold    (  510): /system/bin/vold_prepare_subdirs
11-06 16:01:01.227 D/vold    (  510):     prepare
11-06 16:01:01.227 D/vold    (  510):     
11-06 16:01:01.227 D/vold    (  510):     0
11-06 16:01:01.227 D/vold    (  510):     2
11-06 16:01:01.228 W/UserManagerService( 1587): Requested status bar icon for non-badged user 0
11-06 16:01:01.229 W/UserManagerService( 1587): Requested status bar icon for non-badged user 0
11-06 16:01:01.230 D/SystemServerTiming( 1587): getUserSwitchability-0
11-06 16:01:01.230 D/SystemServerTiming( 1587): TM.isInCall
11-06 16:01:01.230 D/SystemServerTiming( 1587): hasUserRestriction-DISALLOW_USER_SWITCH
11-06 16:01:01.230 D/SystemServerTiming( 1587): getInt-ALLOW_USER_SWITCHING_WHEN_SYSTEM_USER_LOCKED
11-06 16:01:01.230 D/SystemServerTiming( 1587): isUserUnlocked-USER_SYSTEM
11-06 16:01:01.230 W/UserManagerService( 1587): Requested status bar icon for non-badged user 0
11-06 16:01:01.232 W/UserManagerService( 1587): Requested status bar icon for non-badged user 0
11-06 16:01:01.249 D/CompatChangeReporter( 1587): Compat change id reported: 151861875; UID 10165; state: ENABLED
11-06 16:01:01.260 I/ActivityManager( 1587): Start proc 3876:com.google.android.inputmethod.latin/u0a165 for service {com.google.android.inputmethod.latin/com.android.inputmethod.latin.LatinIME}
11-06 16:01:01.293 V/UserDataPreparer( 1587): Found /data/user/0 with serial number 0
11-06 16:01:01.293 V/UserDataPreparer( 1587): Found /data/system_ce/0 with serial number 0
11-06 16:01:01.294 D/UserDataPreparer( 1587): Setting property: sys.user.0.ce_available=true
11-06 16:01:01.296 D/SystemServerTiming( 1587): reconcileAppsData-0
11-06 16:01:01.297 V/PackageManager( 1587): reconcileAppsData for null u0 0x2 migrateAppData=false
11-06 16:01:01.302 W/PackageManager( 1587): Skipping preparing app data for com.google.android.devicelock
11-06 16:01:01.302 W/PackageManager( 1587): Skipping preparing app data for com.google.android.tzdata6
11-06 16:01:01.302 W/PackageManager( 1587): Skipping preparing app data for com.google.android.ondevicepersonalization
11-06 16:01:01.303 W/PackageManager( 1587): Skipping preparing app data for com.android.hardware.biometrics.face.virtual
11-06 16:01:01.303 W/PackageManager( 1587): Skipping preparing app data for com.google.android.media.swcodec
11-06 16:01:01.303 W/PackageManager( 1587): Skipping preparing app data for com.google.android.os.statsd
11-06 16:01:01.303 W/PackageManager( 1587): Skipping preparing app data for com.google.android.widevine.nonupdatable
11-06 16:01:01.303 W/PackageManager( 1587): Skipping preparing app data for com.google.mainline.primary.libs
11-06 16:01:01.303 W/PackageManager( 1587): Skipping preparing app data for com.google.android.extservices
11-06 16:01:01.303 W/PackageManager( 1587): Skipping preparing app data for com.google.android.sdksandbox
11-06 16:01:01.303 W/PackageManager( 1587): Skipping preparing app data for com.google.android.healthfitness
11-06 16:01:01.303 W/PackageManager( 1587): Skipping preparing app data for com.google.android.ipsec
11-06 16:01:01.304 W/PackageManager( 1587): Skipping preparing app data for com.google.android.media
11-06 16:01:01.304 W/PackageManager( 1587): Skipping preparing app data for com.google.android.compos
11-06 16:01:01.304 W/PackageManager( 1587): Skipping preparing app data for com.android.i18n
11-06 16:01:01.304 W/PackageManager( 1587): Skipping preparing app data for com.google.android.appsearch
11-06 16:01:01.304 W/PackageManager( 1587): Skipping preparing app data for com.google.android.configinfrastructure
11-06 16:01:01.304 W/PackageManager( 1587): Skipping preparing app data for com.google.pixel.euicc.update
11-06 16:01:01.304 W/PackageManager( 1587): Skipping preparing app data for com.google.android.cellbroadcast
11-06 16:01:01.304 W/PackageManager( 1587): Skipping preparing app data for com.android.apex.cts.shim
11-06 16:01:01.304 W/PackageManager( 1587): Skipping preparing app data for com.google.android.resolv
11-06 16:01:01.304 W/PackageManager( 1587): Skipping preparing app data for com.google.android.sdkext
11-06 16:01:01.304 W/PackageManager( 1587): Skipping preparing app data for com.google.android.art
11-06 16:01:01.304 W/PackageManager( 1587): Skipping preparing app data for com.google.android.uwb
11-06 16:01:01.304 W/PackageManager( 1587): Skipping preparing app data for com.android.hardware.biometrics.fingerprint.virtual
11-06 16:01:01.304 W/PackageManager( 1587): Skipping preparing app data for com.google.android.runtime
11-06 16:01:01.305 W/PackageManager( 1587): Skipping preparing app data for com.android.hardware.cas
11-06 16:01:01.305 W/PackageManager( 1587): Skipping preparing app data for com.google.android.adservices
11-06 16:01:01.305 W/PackageManager( 1587): Skipping preparing app data for com.google.android.scheduling
11-06 16:01:01.306 W/PackageManager( 1587): Skipping preparing app data for com.google.android.mediaprovider
11-06 16:01:01.306 W/PackageManager( 1587): Skipping preparing app data for com.google.android.permission
11-06 16:01:01.306 W/PackageManager( 1587): Skipping preparing app data for com.google.android.profiling
11-06 16:01:01.306 W/PackageManager( 1587): Skipping preparing app data for com.google.pixel.camera.hal
11-06 16:01:01.306 W/PackageManager( 1587): Skipping preparing app data for com.google.android.neuralnetworks
11-06 16:01:01.306 W/PackageManager( 1587): Skipping preparing app data for com.google.android.tethering
11-06 16:01:01.306 W/PackageManager( 1587): Skipping preparing app data for com.google.android.btservices
11-06 16:01:01.306 W/PackageManager( 1587): Skipping preparing app data for com.google.android.adbd
11-06 16:01:01.306 W/PackageManager( 1587): Skipping preparing app data for com.google.android.rkpd
11-06 16:01:01.306 W/PackageManager( 1587): Skipping preparing app data for com.google.android.virt
11-06 16:01:01.306 W/PackageManager( 1587): Skipping preparing app data for com.google.android.wifi
11-06 16:01:01.306 W/PackageManager( 1587): Skipping preparing app data for com.google.android.conscrypt
11-06 16:01:01.307 W/PackageManager( 1587): Skipping preparing app data for com.google.pixel.wifi.ext
11-06 16:01:01.307 W/PackageManager( 1587): Skipping preparing app data for com.android.nfcservices
11-06 16:01:01.391 V/PackageManager( 1587): reconcileAppsData finished 401 packages
11-06 16:01:01.391 I/ActivityManager( 1587): User 0 state changed from RUNNING_LOCKED to RUNNING_UNLOCKING
11-06 16:01:01.391 D/ActivityManager( 1587): Unlocking user 0 progress 20
11-06 16:01:01.392 D/LockSettingsService( 1587): unlockUser progress 20
11-06 16:01:01.392 W/Looper  ( 1587): Slow dispatch took 182ms android.fg h=android.os.Handler c=com.android.server.am.UserController$$ExternalSyntheticLambda5@da75b3e m=0
11-06 16:01:01.392 D/SystemServerTimingAsync( 1587): ssm.UnlockingUser-0
11-06 16:01:01.392 I/SystemServiceManager( 1587): Calling onUnlockingUser 0
11-06 16:01:01.392 D/SystemServerTimingAsync( 1587): ssm.onUnlockingUser-0_com.android.server.security.FileIntegrityService
11-06 16:01:01.392 D/SystemServerTimingAsync( 1587): ssm.onUnlockingUser-0_com.android.server.pm.Installer
11-06 16:01:01.392 D/SystemServerTimingAsync( 1587): ssm.onUnlockingUser-0_com.android.server.os.DeviceIdentifiersPolicyService
11-06 16:01:01.392 D/SystemServerTimingAsync( 1587): ssm.onUnlockingUser-0_com.android.server.flags.FeatureFlagsService
11-06 16:01:01.392 D/SystemServerTimingAsync( 1587): ssm.onUnlockingUser-0_com.android.server.uri.UriGrantsManagerService$Lifecycle
11-06 16:01:01.392 D/SystemServerTimingAsync( 1587): ssm.onUnlockingUser-0_com.android.server.powerstats.PowerStatsService
11-06 16:01:01.392 D/SystemServerTimingAsync( 1587): ssm.onUnlockingUser-0_com.android.server.permission.access.AccessCheckingService
11-06 16:01:01.392 D/SystemServerTimingAsync( 1587): ssm.onUnlockingUser-0_com.android.server.wm.ActivityTaskManagerService$Lifecycle
11-06 16:01:01.392 D/SystemServerTimingAsync( 1587): ssm.onUnlockingUser-0_com.android.server.am.ActivityManagerService$Lifecycle
11-06 16:01:01.392 D/SystemServerTimingAsync( 1587): ssm.onUnlockingUser-0_com.android.server.pm.DataLoaderManagerService
11-06 16:01:01.392 D/SystemServerTimingAsync( 1587): ssm.onUnlockingUser-0_com.android.server.power.PowerManagerService
11-06 16:01:01.392 D/SystemServerTimingAsync( 1587): ssm.onUnlockingUser-0_com.android.server.power.ThermalManagerService
11-06 16:01:01.392 D/SystemServerTimingAsync( 1587): ssm.onUnlockingUser-0_com.android.server.recoverysystem.RecoverySystemService$Lifecycle
11-06 16:01:01.392 D/SystemServerTimingAsync( 1587): ssm.onUnlockingUser-0_com.android.server.lights.LightsService
11-06 16:01:01.392 D/SystemServerTimingAsync( 1587): ssm.onUnlockingUser-0_com.android.server.display.DisplayManagerService
11-06 16:01:01.392 D/SystemServerTimingAsync( 1587): ssm.onUnlockingUser-0_com.android.server.pm.verify.domain.DomainVerificationService
11-06 16:01:01.392 D/SystemServerTimingAsync( 1587): ssm.onUnlockingUser-0_com.android.server.pm.PackageInstallerService$Lifecycle
11-06 16:01:01.392 D/SystemServerTimingAsync( 1587): ssm.onUnlockingUser-0_com.android.server.pm.UserManagerService$LifeCycle
11-06 16:01:01.392 D/SystemServerTimingAsync( 1587): ssm.onUnlockingUser-0_com.android.server.om.OverlayManagerService
11-06 16:01:01.392 D/SystemServerTimingAsync( 1587): ssm.onUnlockingUser-0_com.android.server.resources.ResourcesManagerService
11-06 16:01:01.392 D/SystemServerTimingAsync( 1587): ssm.onUnlockingUser-0_com.android.server.sensorprivacy.SensorPrivacyService
11-06 16:01:01.392 D/SystemServerTimingAsync( 1587): ssm.onUnlockingUser-0_com.android.server.sensors.SensorService
11-06 16:01:01.392 D/SystemServerTimingAsync( 1587): ssm.onUnlockingUser-0_com.android.server.SystemConfigService
11-06 16:01:01.392 D/SystemServerTimingAsync( 1587): ssm.onUnlockingUser-0_com.android.server.BatteryService
11-06 16:01:01.392 D/SystemServerTimingAsync( 1587): ssm.onUnlockingUser-0_com.android.server.usage.UsageStatsService
11-06 16:01:01.392 D/SystemServerTimingAsync( 1587): ssm.onUnlockingUser-0_com.android.server.webkit.WebViewUpdateService
11-06 16:01:01.392 D/SystemServerTimingAsync( 1587): ssm.onUnlockingUser-0_com.android.server.CachedDeviceStateService
11-06 16:01:01.392 D/SystemServerTimingAsync( 1587): ssm.onUnlockingUser-0_com.android.server.BinderCallsStatsService$LifeCycle
11-06 16:01:01.392 D/SystemServerTimingAsync( 1587): ssm.onUnlockingUser-0_com.android.server.LooperStatsService$Lifecycle
11-06 16:01:01.392 D/SystemServerTimingAsync( 1587): ssm.onUnlockingUser-0_com.android.server.rollback.RollbackManagerService
11-06 16:01:01.447 D/IntervalStats( 1587): Unable to parse usage stats packages: [447, 448]
11-06 16:01:01.450 D/IntervalStats( 1587): Unable to parse usage stats packages: [448]
11-06 16:01:01.451 D/IntervalStats( 1587): Unable to parse usage stats packages: [448]
11-06 16:01:01.453 D/IntervalStats( 1587): Unable to parse usage stats packages: [23, 73, 152, 175, 393, 414, 447, 448]
11-06 16:01:01.453 I/UsageStatsService( 1587): User[0] Rollover scheduled @ 2024-11-06 19:51:58(1730951518084)
11-06 16:01:01.453 E/ApexManager( 1587): Failed to copy from [/data/misc_ce/0/apexdata/com.google.mainline.primary.libs] to [/data/misc_ce/0/apexrollback/1011572257/com.google.mainline.primary.libs]
11-06 16:01:01.453 E/ApexManager( 1587): android.os.ServiceSpecificException: Failed to copy from [/data/misc_ce/0/apexdata/com.google.mainline.primary.libs] to [/data/misc_ce/0/apexrollback/1011572257/com.google.mainline.primary.libs] (code 0)
11-06 16:01:01.453 E/ApexManager( 1587): 	at android.os.Parcel.createExceptionOrNull(Parcel.java:3256)
11-06 16:01:01.453 E/ApexManager( 1587): 	at android.os.Parcel.createException(Parcel.java:3226)
11-06 16:01:01.453 E/ApexManager( 1587): 	at android.os.Parcel.readException(Parcel.java:3209)
11-06 16:01:01.453 E/ApexManager( 1587): 	at android.os.Parcel.readException(Parcel.java:3151)
11-06 16:01:01.453 E/ApexManager( 1587): 	at android.apex.IApexService$Stub$Proxy.snapshotCeData(IApexService.java:630)
11-06 16:01:01.453 E/ApexManager( 1587): 	at com.android.server.pm.ApexManager$ApexManagerImpl.snapshotCeData(ApexManager.java:802)
11-06 16:01:01.453 E/ApexManager( 1587): 	at com.android.server.rollback.AppDataRollbackHelper.doSnapshot(AppDataRollbackHelper.java:125)
11-06 16:01:01.453 E/ApexManager( 1587): 	at com.android.server.rollback.AppDataRollbackHelper.commitPendingBackupAndRestoreForUser(AppDataRollbackHelper.java:254)
11-06 16:01:01.453 E/ApexManager( 1587): 	at com.android.server.rollback.Rollback.commitPendingBackupAndRestoreForUser(Rollback.java:489)
11-06 16:01:01.453 E/ApexManager( 1587): 	at com.android.server.rollback.RollbackManagerServiceImpl.lambda$onUnlockUser$8(RollbackManagerServiceImpl.java:577)
11-06 16:01:01.453 E/ApexManager( 1587): 	at com.android.server.rollback.RollbackManagerServiceImpl.$r8$lambda$fQDZo-8mYW8tPdxnapF0CQgGj4w(RollbackManagerServiceImpl.java:0)
11-06 16:01:01.453 E/ApexManager( 1587): 	at com.android.server.rollback.RollbackManagerServiceImpl$$ExternalSyntheticLambda0.run(R8$$SyntheticClass:0)
11-06 16:01:01.453 E/ApexManager( 1587): 	at java.util.concurrent.CompletableFuture$AsyncRun.run(CompletableFuture.java:1780)
11-06 16:01:01.453 E/ApexManager( 1587): 	at android.os.Handler.handleCallback(Handler.java:959)
11-06 16:01:01.453 E/ApexManager( 1587): 	at android.os.Handler.dispatchMessage(Handler.java:100)
11-06 16:01:01.453 E/ApexManager( 1587): 	at android.os.Looper.loopOnce(Looper.java:232)
11-06 16:01:01.453 E/ApexManager( 1587): 	at android.os.Looper.loop(Looper.java:317)
11-06 16:01:01.453 E/ApexManager( 1587): 	at android.os.HandlerThread.run(HandlerThread.java:85)
11-06 16:01:01.453 W/AppHibernationService( 1587): Attempt to call setHibernatingForUser before states have been read from disk
11-06 16:01:01.455 W/AppHibernationService( 1587): Attempt to call setHibernatingForUser before states have been read from disk
11-06 16:01:01.455 W/AppHibernationService( 1587): Attempt to call setHibernatingForUser before states have been read from disk
11-06 16:01:01.456 W/AppHibernationService( 1587): Attempt to call setHibernatingForUser before states have been read from disk
11-06 16:01:01.456 I/UsageStatsService( 1587): User[0] Flushing usage stats to disk
11-06 16:01:01.457 W/AppHibernationService( 1587): Attempt to call setHibernatingForUser before states have been read from disk
11-06 16:01:01.457 W/AppHibernationService( 1587): Attempt to call setHibernatingForUser before states have been read from disk
11-06 16:01:01.457 W/AppHibernationService( 1587): Attempt to call setHibernatingForUser before states have been read from disk
11-06 16:01:01.457 W/AppHibernationService( 1587): Attempt to call setHibernatingForUser before states have been read from disk
11-06 16:01:01.457 W/AppHibernationService( 1587): Attempt to call setHibernatingForUser before states have been read from disk
11-06 16:01:01.457 W/AppHibernationService( 1587): Attempt to call setHibernatingForUser before states have been read from disk
11-06 16:01:01.457 W/AppHibernationService( 1587): Attempt to call setHibernatingForUser before states have been read from disk
11-06 16:01:01.457 W/AppHibernationService( 1587): Attempt to call setHibernatingForUser before states have been read from disk
11-06 16:01:01.457 W/AppHibernationService( 1587): Attempt to call setHibernatingForUser before states have been read from disk
11-06 16:01:01.457 W/AppHibernationService( 1587): Attempt to call setHibernatingForUser before states have been read from disk
11-06 16:01:01.457 W/AppHibernationService( 1587): Attempt to call setHibernatingForUser before states have been read from disk
11-06 16:01:01.457 W/AppHibernationService( 1587): Attempt to call setHibernatingForUser before states have been read from disk
11-06 16:01:01.457 W/AppHibernationService( 1587): Attempt to call setHibernatingForUser before states have been read from disk
11-06 16:01:01.458 W/SystemServiceManager( 1587): Service com.android.server.rollback.RollbackManagerService took 66 ms in onUnlockingUser-0
11-06 16:01:01.458 D/SystemServerTimingAsync( 1587): ssm.onUnlockingUser-0_com.android.server.os.NativeTombstoneManagerService
11-06 16:01:01.458 D/SystemServerTimingAsync( 1587): ssm.onUnlockingUser-0_com.android.server.os.BugreportManagerService
11-06 16:01:01.458 D/SystemServerTimingAsync( 1587): ssm.onUnlockingUser-0_com.android.server.gpu.GpuService
11-06 16:01:01.458 D/SystemServerTimingAsync( 1587): ssm.onUnlockingUser-0_com.android.server.security.rkp.RemoteProvisioningService
11-06 16:01:01.458 D/SystemServerTimingAsync( 1587): ssm.onUnlockingUser-0_com.android.server.security.KeyChainSystemService
11-06 16:01:01.458 D/SystemServerTimingAsync( 1587): ssm.onUnlockingUser-0_com.android.server.BinaryTransparencyService
11-06 16:01:01.458 D/SystemServerTimingAsync( 1587): ssm.onUnlockingUser-0_com.android.server.telecom.TelecomLoaderService
11-06 16:01:01.458 D/SystemServerTimingAsync( 1587): ssm.onUnlockingUser-0_com.android.server.accounts.AccountManagerService$Lifecycle
11-06 16:01:01.458 D/SystemServerTimingAsync( 1587): ssm.onUnlockingUser-0_com.android.server.content.ContentService$Lifecycle
11-06 16:01:01.458 D/SystemServerTimingAsync( 1587): ssm.onUnlockingUser-0_com.android.server.deviceconfig.DeviceConfigInit$Lifecycle
11-06 16:01:01.458 D/SystemServerTimingAsync( 1587): ssm.onUnlockingUser-0_com.android.server.DropBoxManagerService
11-06 16:01:01.458 D/SystemServerTimingAsync( 1587): ssm.onUnlockingUser-0_com.android.ecm.EnhancedConfirmationService
11-06 16:01:01.458 D/SystemServerTimingAsync( 1587): ssm.onUnlockingUser-0_com.android.server.power.hint.HintManagerService
11-06 16:01:01.458 D/SystemServerTimingAsync( 1587): ssm.onUnlockingUser-0_com.android.role.RoleService
11-06 16:01:01.458 D/SystemServerTimingAsync( 1587): ssm.onUnlockingUser-0_com.android.server.vibrator.VibratorManagerService$Lifecycle
11-06 16:01:01.458 D/SystemServerTimingAsync( 1587): ssm.onUnlockingUser-0_com.android.server.alarm.AlarmManagerService
11-06 16:01:01.458 D/SystemServerTimingAsync( 1587): ssm.onUnlockingUser-0_com.android.server.devicestate.DeviceStateManagerService
11-06 16:01:01.458 D/SystemServerTimingAsync( 1587): ssm.onUnlockingUser-0_com.android.server.camera.CameraServiceProxy
11-06 16:01:01.458 D/SystemServerTimingAsync( 1587): ssm.onUnlockingUser-0_com.android.server.bluetooth.BluetoothService
11-06 16:01:01.458 D/SystemServerTimingAsync( 1587): ssm.onUnlockingUser-0_com.android.server.connectivity.IpConnectivityMetrics
11-06 16:01:01.458 D/SystemServerTimingAsync( 1587): ssm.onUnlockingUser-0_com.android.server.net.watchlist.NetworkWatchlistService$Lifecycle
11-06 16:01:01.458 D/SystemServerTimingAsync( 1587): ssm.onUnlockingUser-0_com.android.server.PinnerService
11-06 16:01:01.458 D/SystemServerTimingAsync( 1587): ssm.onUnlockingUser-0_com.android.server.integrity.AppIntegrityManagerService
11-06 16:01:01.458 D/SystemServerTimingAsync( 1587): ssm.onUnlockingUser-0_com.android.server.logcat.LogcatManagerService
11-06 16:01:01.458 D/SystemServerTimingAsync( 1587): ssm.onUnlockingUser-0_com.android.server.inputmethod.InputMethodManagerService$Lifecycle
11-06 16:01:01.459 D/SystemServerTimingAsync( 1587): ssm.onUnlockingUser-0_com.android.server.accessibility.AccessibilityManagerService$Lifecycle
11-06 16:01:01.459 D/SystemServerTimingAsync( 1587): ssm.onUnlockingUser-0_com.android.server.StorageManagerService$Lifecycle
11-06 16:01:01.459 D/StorageManagerService( 1587): onUserUnlocking 0
11-06 16:01:01.459 I/StorageSessionController( 1587): On user unlock 0
11-06 16:01:01.459 I/StorageSessionController( 1587): Initialialising...
11-06 16:01:01.459 W/AppHibernationService( 1587): Attempt to call setHibernatingForUser before states have been read from disk
11-06 16:01:01.459 W/AppHibernationService( 1587): Attempt to call setHibernatingForUser before states have been read from disk
11-06 16:01:01.459 W/AppHibernationService( 1587): Attempt to call setHibernatingForUser before states have been read from disk
11-06 16:01:01.459 W/AppHibernationService( 1587): Attempt to call setHibernatingForUser before states have been read from disk
11-06 16:01:01.459 W/AppHibernationService( 1587): Attempt to call setHibernatingForUser before states have been read from disk
11-06 16:01:01.459 W/AppHibernationService( 1587): Attempt to call setHibernatingForUser before states have been read from disk
11-06 16:01:01.459 W/AppHibernationService( 1587): Attempt to call setHibernatingForUser before states have been read from disk
11-06 16:01:01.459 W/AppHibernationService( 1587): Attempt to call setHibernatingForUser before states have been read from disk
11-06 16:01:01.459 W/AppHibernationService( 1587): Attempt to call setHibernatingForUser before states have been read from disk
11-06 16:01:01.459 W/AppHibernationService( 1587): Attempt to call setHibernatingForUser before states have been read from disk
11-06 16:01:01.459 W/AppHibernationService( 1587): Attempt to call setHibernatingForUser before states have been read from disk
11-06 16:01:01.459 I/vold    (  510): onUserStarted: 0
11-06 16:01:01.460 W/AppHibernationService( 1587): Attempt to call setHibernatingForUser before states have been read from disk
11-06 16:01:01.460 W/AppHibernationService( 1587): Attempt to call setHibernatingForUser before states have been read from disk
11-06 16:01:01.460 W/AppHibernationService( 1587): Attempt to call setHibernatingForUser before states have been read from disk
11-06 16:01:01.460 W/AppHibernationService( 1587): Attempt to call setHibernatingForUser before states have been read from disk
11-06 16:01:01.460 W/AppHibernationService( 1587): Attempt to call setHibernatingForUser before states have been read from disk
11-06 16:01:01.460 W/AppHibernationService( 1587): Attempt to call setHibernatingForUser before states have been read from disk
11-06 16:01:01.460 W/AppHibernationService( 1587): Attempt to call setHibernatingForUser before states have been read from disk
11-06 16:01:01.460 W/AppHibernationService( 1587): Attempt to call setHibernatingForUser before states have been read from disk
11-06 16:01:01.460 W/AppHibernationService( 1587): Attempt to call setHibernatingForUser before states have been read from disk
11-06 16:01:01.462 W/AppHibernationService( 1587): Attempt to call setHibernatingForUser before states have been read from disk
11-06 16:01:01.462 W/AppHibernationService( 1587): Attempt to call setHibernatingForUser before states have been read from disk
11-06 16:01:01.462 W/AppHibernationService( 1587): Attempt to call setHibernatingForUser before states have been read from disk
11-06 16:01:01.462 W/AppHibernationService( 1587): Attempt to call setHibernatingForUser before states have been read from disk
11-06 16:01:01.462 W/AppHibernationService( 1587): Attempt to call setHibernatingForUser before states have been read from disk
11-06 16:01:01.462 W/AppHibernationService( 1587): Attempt to call setHibernatingForUser before states have been read from disk
11-06 16:01:01.462 W/AppHibernationService( 1587): Attempt to call setHibernatingForUser before states have been read from disk
11-06 16:01:01.462 V/StorageManagerService( 1587): Found primary storage at VolumeInfo{emulated;0}:
11-06 16:01:01.462 V/StorageManagerService( 1587):     type=EMULATED diskId=null partGuid= mountFlags=0 mountUserId=0 
11-06 16:01:01.462 V/StorageManagerService( 1587):     state=UNMOUNTED 
11-06 16:01:01.462 V/StorageManagerService( 1587):     fsType=null fsUuid=null fsLabel=null 
11-06 16:01:01.462 V/StorageManagerService( 1587):     path=null internalPath=null 
11-06 16:01:01.462 I/StorageManagerService( 1587): Mounting volume VolumeInfo{emulated;0}:
11-06 16:01:01.462 I/StorageManagerService( 1587):     type=EMULATED diskId=null partGuid= mountFlags=PRIMARY|VISIBLE_FOR_WRITE 
11-06 16:01:01.462 I/StorageManagerService( 1587):     mountUserId=0 state=UNMOUNTED 
11-06 16:01:01.462 I/StorageManagerService( 1587):     fsType=null fsUuid=null fsLabel=null 
11-06 16:01:01.462 I/StorageManagerService( 1587):     path=null internalPath=null 
11-06 16:01:01.462 I/Watchdog( 1587): Pausing of HandlerChecker: monitor thread for reason: #mount might be slow. Pause end time: 47445
11-06 16:01:01.463 I/vold    (  510): Mounting emulated fuse volume
11-06 16:01:01.465 W/AppHibernationService( 1587): Attempt to call setHibernatingForUser before states have been read from disk
11-06 16:01:01.466 W/AppHibernationService( 1587): Attempt to call setHibernatingForUser before states have been read from disk
11-06 16:01:01.466 W/AppHibernationService( 1587): Attempt to call setHibernatingForUser before states have been read from disk
11-06 16:01:01.471 I/vold    (  510): Bind mounting /data/media to /mnt/pass_through/0/emulated
11-06 16:01:01.472 W/AppHibernationService( 1587): Attempt to call setHibernatingForUser before states have been read from disk
11-06 16:01:01.472 I/StorageSessionController( 1587): On volume mount VolumeInfo{emulated;0}:
11-06 16:01:01.472 I/StorageSessionController( 1587):     type=EMULATED diskId=null partGuid= mountFlags=PRIMARY|VISIBLE_FOR_WRITE 
11-06 16:01:01.472 I/StorageSessionController( 1587):     mountUserId=0 state=CHECKING 
11-06 16:01:01.472 I/StorageSessionController( 1587):     fsType=null fsUuid=null fsLabel=null 
11-06 16:01:01.472 I/StorageSessionController( 1587):     path=/storage/emulated internalPath=/data/media 
11-06 16:01:01.472 D/SystemServerTimingAsync( 1587): ssm.onUnlockingUser-0_com.android.server.usage.StorageStatsService$Lifecycle
11-06 16:01:01.472 D/SystemServerTimingAsync( 1587): ssm.onUnlockingUser-0_com.android.server.UiModeManagerService
11-06 16:01:01.472 W/AppHibernationService( 1587): Attempt to call setHibernatingForUser before states have been read from disk
11-06 16:01:01.472 D/SystemServerTimingAsync( 1587): ssm.onUnlockingUser-0_com.android.server.locales.LocaleManagerService
11-06 16:01:01.472 D/SystemServerTimingAsync( 1587): ssm.onUnlockingUser-0_com.android.server.grammaticalinflection.GrammaticalInflectionService
11-06 16:01:01.472 D/SystemServerTimingAsync( 1587): ssm.onUnlockingUser-0_com.android.server.apphibernation.AppHibernationService
11-06 16:01:01.472 I/StorageSessionController( 1587): Creating connection for user: 0
11-06 16:01:01.473 D/SystemServerTimingAsync( 1587): ssm.onUnlockingUser-0_com.android.server.locksettings.LockSettingsService$Lifecycle
11-06 16:01:01.473 D/SystemServerTimingAsync( 1587): ssm.onUnlockingUser-0_com.android.server.pdb.PersistentDataBlockService
11-06 16:01:01.473 D/SystemServerTimingAsync( 1587): ssm.onUnlockingUser-0_com.android.server.testharness.TestHarnessModeService
11-06 16:01:01.473 D/SystemServerTimingAsync( 1587): ssm.onUnlockingUser-0_com.android.server.oemlock.OemLockService
11-06 16:01:01.473 D/SystemServerTimingAsync( 1587): ssm.onUnlockingUser-0_com.android.server.DeviceIdleController
11-06 16:01:01.473 D/SystemServerTimingAsync( 1587): ssm.onUnlockingUser-0_com.android.server.devicepolicy.DevicePolicyManagerService$Lifecycle
11-06 16:01:01.473 I/StorageSessionController( 1587): Creating and starting session with id: emulated;0
11-06 16:01:01.473 D/LockSettingsService( 1587): Hiding encryption notification for user 0
11-06 16:01:01.473 I/StorageUserConnection( 1587): Binding to the ExternalStorageService for user 0
11-06 16:01:01.473 D/SystemServerTimingAsync( 1587): ssm.onUnlockingUser-0_com.android.server.musicrecognition.MusicRecognitionManagerService
11-06 16:01:01.474 W/AppHibernationService( 1587): Attempt to call setHibernatingForUser before states have been read from disk
11-06 16:01:01.474 W/AppHibernationService( 1587): Attempt to call setHibernatingForUser before states have been read from disk
11-06 16:01:01.474 W/AppHibernationService( 1587): Attempt to call setHibernatingForUser before states have been read from disk
11-06 16:01:01.474 W/AppHibernationService( 1587): Attempt to call setHibernatingForUser before states have been read from disk
11-06 16:01:01.476 D/SystemServerTimingAsync( 1587): ssm.onUnlockingUser-0_com.android.server.contentcapture.ContentCaptureManagerService
11-06 16:01:01.477 D/CompatChangeReporter( 1587): Compat change id reported: 151861875; UID 10216; state: ENABLED
11-06 16:01:01.479 I/StorageUserConnection( 1587): Bound to the ExternalStorageService for user 0
11-06 16:01:01.487 I/Watchdog( 1587): Interesting Java process com.google.android.providers.media.module started. Pid 3904
11-06 16:01:01.487 I/ActivityManager( 1587): Start proc 3904:com.google.android.providers.media.module/u0a216 for service {com.google.android.providers.media.module/com.android.providers.media.fuse.ExternalStorageServiceImpl}
11-06 16:01:01.498 D/SystemServerTimingAsync( 1587): ssm.onUnlockingUser-0_com.android.server.attention.AttentionManagerService
11-06 16:01:01.498 D/SystemServerTimingAsync( 1587): ssm.onUnlockingUser-0_com.android.server.rotationresolver.RotationResolverManagerService
11-06 16:01:01.498 D/SystemServerTimingAsync( 1587): ssm.onUnlockingUser-0_com.android.server.systemcaptions.SystemCaptionsManagerService
11-06 16:01:01.499 D/SystemServerTimingAsync( 1587): ssm.onUnlockingUser-0_com.android.server.texttospeech.TextToSpeechManagerService
11-06 16:01:01.499 D/SystemServerTimingAsync( 1587): ssm.onUnlockingUser-0_com.android.server.wearable.WearableSensingManagerService
11-06 16:01:01.499 D/WearableSensingManagerService( 1587): onServiceRemoved
11-06 16:01:01.499 D/WearableSensingManagerPerUserService( 1587): Trying to cancel the remote request. Reason: Service destroyed.
11-06 16:01:01.499 D/SystemServerTimingAsync( 1587): ssm.onUnlockingUser-0_com.android.server.ondeviceintelligence.OnDeviceIntelligenceManagerService
11-06 16:01:01.499 D/SystemServerTimingAsync( 1587): ssm.onUnlockingUser-0_com.android.server.ambientcontext.AmbientContextManagerService
11-06 16:01:01.499 D/AmbientContextManagerService( 1587): newServicesListLocked with service name: com.google.android.as/com.google.android.apps.miphone.aiai.app.AiAiAmbientContextDetectionService
11-06 16:01:01.499 D/CompatChangeReporter( 1587): Compat change id reported: 151861875; UID 10118; state: ENABLED
11-06 16:01:01.499 D/DefaultAmbientContextManagerPerUserService( 1587): Created DefaultAmbientContextManagerPerUserServiceand service type: DEFAULT and service name: com.google.android.as/com.google.android.apps.miphone.aiai.app.AiAiAmbientContextDetectionService
11-06 16:01:01.499 D/SystemServerTimingAsync( 1587): ssm.onUnlockingUser-0_com.android.server.speech.SpeechRecognitionManagerService
11-06 16:01:01.499 D/SystemServerTimingAsync( 1587): ssm.onUnlockingUser-0_com.android.server.appprediction.AppPredictionManagerService
11-06 16:01:01.500 D/SystemServerTimingAsync( 1587): ssm.onUnlockingUser-0_com.android.server.contentsuggestions.ContentSuggestionsManagerService
11-06 16:01:01.500 D/SystemServerTimingAsync( 1587): ssm.onUnlockingUser-0_com.android.server.searchui.SearchUiManagerService
11-06 16:01:01.500 D/SystemServerTimingAsync( 1587): ssm.onUnlockingUser-0_com.android.server.smartspace.SmartspaceManagerService
11-06 16:01:01.501 D/CompatChangeReporter( 1587): Compat change id reported: 311208629; UID 10118; state: ENABLED
11-06 16:01:01.505 D/SystemServerTimingAsync( 1587): ssm.onUnlockingUser-0_com.android.server.contextualsearch.ContextualSearchManagerService
11-06 16:01:01.505 D/SystemServerTimingAsync( 1587): ssm.onUnlockingUser-0_com.android.server.graphics.fonts.FontManagerService$Lifecycle
11-06 16:01:01.505 D/SystemServerTimingAsync( 1587): ssm.onUnlockingUser-0_com.android.server.textservices.TextServicesManagerService$Lifecycle
11-06 16:01:01.508 D/SystemServerTimingAsync( 1587): ssm.onUnlockingUser-0_com.android.server.textclassifier.TextClassificationManagerService$Lifecycle
11-06 16:01:01.509 D/SystemServerTimingAsync( 1587): ssm.onUnlockingUser-0_com.android.server.NetworkScoreService$Lifecycle
11-06 16:01:01.509 D/SystemServerTimingAsync( 1587): ssm.onUnlockingUser-0_com.android.server.NetworkStatsServiceInitializer
11-06 16:01:01.509 D/SystemServerTimingAsync( 1587): ssm.onUnlockingUser-0_com.android.server.wifi.WifiService
11-06 16:01:01.510 D/SystemServerTimingAsync( 1587): ssm.onUnlockingUser-0_com.android.server.wifi.scanner.WifiScanningService
11-06 16:01:01.510 D/SystemServerTimingAsync( 1587): ssm.onUnlockingUser-0_com.android.server.wifi.rtt.RttService
11-06 16:01:01.510 D/SystemServerTimingAsync( 1587): ssm.onUnlockingUser-0_com.android.server.wifi.aware.WifiAwareService
11-06 16:01:01.510 D/SystemServerTimingAsync( 1587): ssm.onUnlockingUser-0_com.android.server.wifi.p2p.WifiP2pService
11-06 16:01:01.510 D/SystemServerTimingAsync( 1587): ssm.onUnlockingUser-0_com.android.server.ConnectivityServiceInitializer
11-06 16:01:01.510 D/SystemServerTimingAsync( 1587): ssm.onUnlockingUser-0_com.android.server.notification.NotificationManagerService
11-06 16:01:01.510 D/SystemServerTimingAsync( 1587): ssm.onUnlockingUser-0_com.android.server.storage.DeviceStorageMonitorService
11-06 16:01:01.510 D/SystemServerTimingAsync( 1587): ssm.onUnlockingUser-0_com.android.server.timedetector.TimeDetectorService$Lifecycle
11-06 16:01:01.510 D/SystemServerTimingAsync( 1587): ssm.onUnlockingUser-0_com.android.server.location.LocationManagerService$Lifecycle
11-06 16:01:01.510 D/SystemServerTimingAsync( 1587): ssm.onUnlockingUser-0_com.android.server.timezonedetector.TimeZoneDetectorService$Lifecycle
11-06 16:01:01.510 D/SystemServerTimingAsync( 1587): ssm.onUnlockingUser-0_com.android.server.location.altitude.AltitudeService$Lifecycle
11-06 16:01:01.510 D/SystemServerTimingAsync( 1587): ssm.onUnlockingUser-0_com.android.server.timezonedetector.location.LocationTimeZoneManagerService$Lifecycle
11-06 16:01:01.510 D/SystemServerTimingAsync( 1587): ssm.onUnlockingUser-0_com.android.server.search.SearchManagerService$Lifecycle
11-06 16:01:01.510 D/SystemServerTimingAsync( 1587): ssm.onUnlockingUser-0_com.android.server.wallpaper.WallpaperManagerService$Lifecycle
11-06 16:01:01.510 D/SystemServerTimingAsync( 1587): ssm.onUnlockingUser-0_com.android.server.wallpapereffectsgeneration.WallpaperEffectsGenerationManagerService
11-06 16:01:01.511 D/WallpaperManagerService( 1587): Wallpaper_selinux_restorecon-0
11-06 16:01:01.511 I/ActivityManager( 1587): Start proc 3914:com.google.android.as/u0a118 for service {com.google.android.as/com.google.android.apps.miphone.aiai.app.AiAiContentCaptureService}
11-06 16:01:01.512 D/SystemServerTimingAsync( 1587): ssm.onUnlockingUser-0_com.android.server.audio.AudioService$Lifecycle
11-06 16:01:01.512 D/SystemServerTimingAsync( 1587): ssm.onUnlockingUser-0_com.android.server.soundtrigger_middleware.SoundTriggerMiddlewareService$Lifecycle
11-06 16:01:01.512 D/SystemServerTimingAsync( 1587): ssm.onUnlockingUser-0_com.android.server.DockObserver
11-06 16:01:01.512 D/SystemServerTimingAsync( 1587): ssm.onUnlockingUser-0_com.android.server.midi.MidiService$Lifecycle
11-06 16:01:01.513 D/SystemServerTimingAsync( 1587): ssm.onUnlockingUser-0_com.android.server.adb.AdbService$Lifecycle
11-06 16:01:01.513 D/SystemServerTimingAsync( 1587): ssm.onUnlockingUser-0_com.android.server.usb.UsbService$Lifecycle
11-06 16:01:01.514 D/SystemServerTimingAsync( 1587): ssm.onUnlockingUser-0_com.android.server.SerialService$Lifecycle
11-06 16:01:01.514 D/SystemServerTimingAsync( 1587): ssm.onUnlockingUser-0_com.android.server.twilight.TwilightService
11-06 16:01:01.514 D/SystemServerTimingAsync( 1587): ssm.onUnlockingUser-0_com.android.server.display.color.ColorDisplayService
11-06 16:01:01.514 D/SystemServerTimingAsync( 1587): ssm.onUnlockingUser-0_com.android.server.job.JobSchedulerService
11-06 16:01:01.514 D/SystemServerTimingAsync( 1587): ssm.onUnlockingUser-0_com.android.server.soundtrigger.SoundTriggerService
11-06 16:01:01.514 D/SystemServerTimingAsync( 1587): ssm.onUnlockingUser-0_com.android.server.trust.TrustManagerService
11-06 16:01:01.514 D/SystemServerTimingAsync( 1587): ssm.onUnlockingUser-0_com.android.server.backup.BackupManagerService$Lifecycle
11-06 16:01:01.514 D/SystemServerTimingAsync( 1587): ssm.onUnlockingUser-0_com.android.server.appwidget.AppWidgetService
11-06 16:01:01.514 D/SystemServerTimingAsync( 1587): ssm.onUnlockingUser-0_com.android.server.voiceinteraction.VoiceInteractionManagerService
11-06 16:01:01.515 I/BackupManagerService( 1587): Starting service for user: 0
11-06 16:01:01.518 V/BackupManagerService( 1587): [UserID:0] Starting with transport com.google.android.gms/.backup.BackupTransportService
11-06 16:01:01.518 D/BackupManagerService( 1587): [UserID:0] Started thread backup-0
11-06 16:01:01.525 D/CompatChangeReporter( 1587): Compat change id reported: 151861875; UID 10149; state: ENABLED
11-06 16:01:01.526 D/SystemServerTimingAsync( 1587): ssm.onUnlockingUser-0_com.android.server.GestureLauncherService
11-06 16:01:01.526 D/SystemServerTimingAsync( 1587): ssm.onUnlockingUser-0_com.android.server.SensorNotificationService
11-06 16:01:01.526 D/SystemServerTimingAsync( 1587): ssm.onUnlockingUser-0_com.android.server.ContextHubSystemService
11-06 16:01:01.526 D/SystemServerTimingAsync( 1587): ssm.onUnlockingUser-0_com.android.server.emergency.EmergencyAffordanceService
11-06 16:01:01.526 D/SystemServerTimingAsync( 1587): ssm.onUnlockingUser-0_com.android.server.blob.BlobStoreManagerService
11-06 16:01:01.526 D/SystemServerTimingAsync( 1587): ssm.onUnlockingUser-0_com.android.server.dreams.DreamManagerService
11-06 16:01:01.526 D/SystemServerTimingAsync( 1587): ssm.onUnlockingUser-0_com.android.server.print.PrintManagerService
11-06 16:01:01.526 D/SystemServerTimingAsync( 1587): ssm.onUnlockingUser-0_com.android.server.security.AttestationVerificationManagerService
11-06 16:01:01.526 D/SystemServerTimingAsync( 1587): ssm.onUnlockingUser-0_com.android.server.companion.CompanionDeviceManagerService
11-06 16:01:01.526 D/CDM_CompanionDeviceManagerService( 1587): onUserUnlocking...
11-06 16:01:01.526 D/SystemServerTimingAsync( 1587): ssm.onUnlockingUser-0_com.android.server.companion.virtual.VirtualDeviceManagerService
11-06 16:01:01.526 D/SystemServerTimingAsync( 1587): ssm.onUnlockingUser-0_com.android.server.restrictions.RestrictionsManagerService
11-06 16:01:01.526 D/SystemServerTimingAsync( 1587): ssm.onUnlockingUser-0_com.android.server.media.MediaSessionService
11-06 16:01:01.526 D/SystemServerTimingAsync( 1587): ssm.onUnlockingUser-0_com.android.server.media.MediaResourceMonitorService
11-06 16:01:01.526 D/SystemServerTimingAsync( 1587): ssm.onUnlockingUser-0_com.android.server.biometrics.sensors.fingerprint.FingerprintService
11-06 16:01:01.526 D/SystemServerTimingAsync( 1587): ssm.onUnlockingUser-0_com.android.server.biometrics.BiometricService
11-06 16:01:01.526 D/SystemServerTimingAsync( 1587): ssm.onUnlockingUser-0_com.android.server.biometrics.AuthService
11-06 16:01:01.526 D/SystemServerTimingAsync( 1587): ssm.onUnlockingUser-0_com.android.server.adaptiveauth.AdaptiveAuthService
11-06 16:01:01.526 D/SystemServerTimingAsync( 1587): ssm.onUnlockingUser-0_com.android.server.pm.ShortcutService$Lifecycle
11-06 16:01:01.526 D/ShortcutService( 1587): handleUnlockUser: user=0
11-06 16:01:01.527 D/SystemServerTimingAsync( 1587): ssm.onUnlockingUser-0_com.android.server.pm.LauncherAppsService
11-06 16:01:01.527 D/SystemServerTimingAsync( 1587): ssm.onUnlockingUser-0_com.android.server.pm.CrossProfileAppsService
11-06 16:01:01.527 D/SystemServerTimingAsync( 1587): ssm.onUnlockingUser-0_com.android.server.people.PeopleService
11-06 16:01:01.527 D/SystemServerTimingAsync( 1587): ssm.onUnlockingUser-0_com.android.server.media.metrics.MediaMetricsManagerService
11-06 16:01:01.527 D/SystemServerTimingAsync( 1587): ssm.onUnlockingUser-0_com.android.server.pm.BackgroundInstallControlService
11-06 16:01:01.527 D/SystemServerTimingAsync( 1587): ssm.onUnlockingUser-0_com.android.server.media.projection.MediaProjectionManagerService
11-06 16:01:01.527 D/SystemServerTimingAsync( 1587): ssm.onUnlockingUser-0_com.android.server.slice.SliceManagerService$Lifecycle
11-06 16:01:01.527 D/SystemServerTimingAsync( 1587): ssm.onUnlockingUser-0_com.android.server.stats.StatsCompanion$Lifecycle
11-06 16:01:01.527 D/SystemServerTimingAsync( 1587): ssm.onUnlockingUser-0_com.android.server.scheduling.RebootReadinessManagerService$Lifecycle
11-06 16:01:01.527 D/SystemServerTimingAsync( 1587): ssm.onUnlockingUser-0_com.android.server.stats.pull.StatsPullAtomService
11-06 16:01:01.527 D/SystemServerTimingAsync( 1587): ssm.onUnlockingUser-0_com.android.server.stats.bootstrap.StatsBootstrapAtomService$Lifecycle
11-06 16:01:01.527 D/SystemServerTimingAsync( 1587): ssm.onUnlockingUser-0_com.android.server.incident.IncidentCompanionService
11-06 16:01:01.527 D/SystemServerTimingAsync( 1587): ssm.onUnlockingUser-0_com.android.server.sdksandbox.SdkSandboxManagerService$Lifecycle
11-06 16:01:01.527 D/SystemServerTimingAsync( 1587): ssm.onUnlockingUser-0_com.android.server.adservices.AdServicesManagerService$Lifecycle
11-06 16:01:01.527 D/SystemServerTimingAsync( 1587): ssm.onUnlockingUser-0_com.android.server.ondevicepersonalization.OnDevicePersonalizationSystemService$Lifecycle
11-06 16:01:01.527 D/SystemServerTimingAsync( 1587): ssm.onUnlockingUser-0_android.os.profiling.ProfilingService$Lifecycle
11-06 16:01:01.527 D/SystemServerTimingAsync( 1587): ssm.onUnlockingUser-0_com.android.server.MmsServiceBroker
