11-06 16:01:06.852 D/SystemServerTimingAsync( 1587): ssm.onCompletedEventUser-0_{|Unlocked|}_com.android.server.policy.PermissionPolicyService
11-06 16:01:06.852 D/SystemServerTimingAsync( 1587): ssm.onCompletedEventUser-0_{|Unlocked|}_com.android.server.pm.StagingManager$Lifecycle
11-06 16:01:06.852 D/SystemServerTimingAsync( 1587): ssm.onCompletedEventUser-0_{|Unlocked|}_com.android.server.app.GameManagerService$Lifecycle
11-06 16:01:06.852 D/SystemServerTimingAsync( 1587): ssm.onCompletedEventUser-0_{|Unlocked|}_com.android.server.uwb.UwbService
11-06 16:01:06.852 D/SystemServerTimingAsync( 1587): ssm.onCompletedEventUser-0_{|Unlocked|}_com.android.safetycenter.SafetyCenterService
11-06 16:01:06.852 D/SystemServerTimingAsync( 1587): ssm.onCompletedEventUser-0_{|Unlocked|}_com.android.server.appsearch.AppSearchModule$Lifecycle
11-06 16:01:06.852 D/SystemServerTimingAsync( 1587): ssm.onCompletedEventUser-0_{|Unlocked|}_com.android.server.compos.IsolatedCompilationService
11-06 16:01:06.852 D/SystemServerTimingAsync( 1587): ssm.onCompletedEventUser-0_{|Unlocked|}_com.android.server.media.MediaCommunicationService
11-06 16:01:06.852 D/SystemServerTimingAsync( 1587): ssm.onCompletedEventUser-0_{|Unlocked|}_com.android.server.compat.overrides.AppCompatOverridesService$Lifecycle
11-06 16:01:06.852 D/SystemServerTimingAsync( 1587): ssm.onCompletedEventUser-0_{|Unlocked|}_com.android.server.healthconnect.HealthConnectManagerService
11-06 16:01:06.853 D/SystemServerTimingAsync( 1587): ssm.onCompletedEventUser-0_{|Unlocked|}_com.android.server.devicelock.DeviceLockService
11-06 16:01:06.853 D/SystemServerTimingAsync( 1587): ssm.onCompletedEventUser-0_{|Unlocked|}_com.android.server.SensitiveContentProtectionManagerService
11-06 16:01:06.853 D/SystemServerTimingAsync( 1587): ssm.onCompletedEventUser-0_{|Unlocked|}_com.android.system.virtualmachine.VirtualizationSystemService
11-06 16:01:06.857 D/BackupTransportManager( 1587): [UserID:0] Transport com.google.android.gms/.backup.component.D2dTransportService registered
11-06 16:01:06.857 D/BackupManagerService( 1587): [UserID:0] Transport com.google.android.gms/.backup.migrate.service.D2dTransport registered 5297ms after first request (delay = 3000ms)
11-06 16:01:06.861 D/SystemServerTimingAsync( 1587): ssm.onCompletedEventUser-0_{|Unlocked|}_com.android.server.pm.Installer
11-06 16:01:06.861 D/SystemServerTimingAsync( 1587): ssm.onCompletedEventUser-0_{|Unlocked|}_com.android.server.security.FileIntegrityService
11-06 16:01:06.883 I/StorageSessionController( 1587): Notifying volume state changed for session with id: emulated;10
11-06 16:01:06.943 D/CompatChangeReporter( 1587): Compat change id reported: 311208629; UID 10113; state: ENABLED
11-06 16:01:06.981 I/TransportConnection( 1587): BackupTransportService#2: Notifying [TransportManager.registerTransport()] transport = BackupTransportClient
11-06 16:01:06.994 D/CompatChangeReporter( 1587): Compat change id reported: 311402873; UID 10111; state: ENABLED
11-06 16:01:06.994 D/CompatChangeReporter( 1587): Compat change id reported: 323349338; UID 10111; state: ENABLED
11-06 16:01:06.999 D/CompatChangeReporter( 1587): Compat change id reported: 319212206; UID 1010165; state: ENABLED
11-06 16:01:07.020 I/TransportConnection( 1587): BackupTransportService#1: Notifying [TransportManager.registerTransport()] transport = BackupTransportClient
11-06 16:01:07.063 D/BackupTransportManager( 1587): [UserID:0] Transport com.google.android.gms/.backup.BackupTransportService registered
11-06 16:01:07.064 D/BackupManagerService( 1587): [UserID:0] Transport com.google.android.gms/.backup.BackupTransportService registered 5503ms after first request (delay = 3000ms)
11-06 16:01:07.127 I/BackupManagerService( 1587): [UserID:0] Found 95 stale backup journal(s), scheduling.
11-06 16:01:07.153 W/AlarmManager( 1587): Window length 1383505805528184320ms too long; limiting to 1 day
11-06 16:01:07.196 D/BackupTransportManager( 1587): [UserID:10] Transport com.google.android.gms/.backup.BackupTransportService registered
11-06 16:01:07.196 D/BackupManagerService( 1587): [UserID:10] Transport com.google.android.gms/.backup.BackupTransportService registered 4506ms after first request (delay = 3000ms)
11-06 16:01:07.267 D/CompatChangeReporter( 1587): Compat change id reported: 253665015; UID 10150; state: ENABLED
11-06 16:01:07.315 D/CompatChangeReporter( 1587): Compat change id reported: 297989574; UID 10161; state: ENABLED
11-06 16:01:07.465 I/BackupManagerService( 1587): [UserID:10] Found 215 stale backup journal(s), scheduling.
11-06 16:01:07.469 D/CompatChangeReporter( 1587): Compat change id reported: 311402873; UID 10063; state: ENABLED
11-06 16:01:07.470 D/CompatChangeReporter( 1587): Compat change id reported: 323349338; UID 10063; state: ENABLED
11-06 16:01:07.510 W/NetworkPolicy( 1587): shared quota unsupported; generating rule for each iface
11-06 16:01:07.531 D/CompatChangeReporter( 1587): Compat change id reported: 311402873; UID 10115; state: ENABLED
11-06 16:01:07.531 D/CompatChangeReporter( 1587): Compat change id reported: 323349338; UID 10115; state: ENABLED
11-06 16:01:07.636 W/AlarmManager( 1587): Window length 1383505805528184320ms too long; limiting to 1 day
11-06 16:01:07.675 D/CompatChangeReporter( 1587): Compat change id reported: 311402873; UID 10274; state: ENABLED
11-06 16:01:07.675 D/CompatChangeReporter( 1587): Compat change id reported: 323349338; UID 10274; state: ENABLED
11-06 16:01:07.677 W/Looper  ( 1587): Slow dispatch took 149ms main h=android.app.ActivityThread$H c=android.app.LoadedApk$ReceiverDispatcher$Args$$ExternalSyntheticLambda0@48a1ee5 m=0
11-06 16:01:07.842 D/CompatChangeReporter( 1587): Compat change id reported: 311402873; UID 1010149; state: ENABLED
11-06 16:01:07.842 D/CompatChangeReporter( 1587): Compat change id reported: 323349338; UID 1010149; state: ENABLED
11-06 16:01:07.939 E/AppOps  ( 1587): attributionTag IWLAN not declared in manifest of com.google.android.iwlan
11-06 16:01:07.941 D/CompatChangeReporter( 1587): Compat change id reported: 319212206; UID 10241; state: ENABLED
11-06 16:01:08.020 D/ShortcutService( 1587): Saving package item com.google.android.apps.nexuslauncher to /data/system_ce/10/shortcut_service/launchers/com.google.android.apps.nexuslauncher0.xml
11-06 16:01:08.040 D/CompatChangeReporter( 1587): Compat change id reported: 151861875; UID 10097; state: ENABLED
11-06 16:01:08.060 I/ActivityManager( 1587): Start proc 6196:com.android.imsserviceentitlement/u0a97 for broadcast {com.android.imsserviceentitlement/com.android.imsserviceentitlement.ImsEntitlementReceiver}
11-06 16:01:08.062 W/keystore2(  535): system/security/keystore2/src/remote_provisioning.rs:98 - Error occurred: system/security/keystore2/src/remote_provisioning.rs:131: Trying to get IRPC name.
11-06 16:01:08.062 W/keystore2(  535): 
11-06 16:01:08.062 W/keystore2(  535): Caused by:
11-06 16:01:08.062 W/keystore2(  535):     0: system/security/keystore2/src/globals.rs:444: Failed to get rpc for sec level r#STRONGBOX
11-06 16:01:08.062 W/keystore2(  535):     1: Error::Km(r#HARDWARE_TYPE_UNAVAILABLE)
11-06 16:01:08.165 D/CompatChangeReporter( 1587): Compat change id reported: 297989574; UID 10097; state: ENABLED
11-06 16:01:08.171 I/ActivityManager( 1587): Start proc 6223:com.google.RilConfigService/1001 for broadcast {com.google.RilConfigService/com.google.RilConfigService.RilConfigReceiver}
11-06 16:01:08.254 I/ActivityManager( 1587): Start proc 6243:com.google.android.apps.carrier.carrierwifi/u0a145 for broadcast {com.google.android.apps.carrier.carrierwifi/com.google.android.apps.carrier.carrierwifi.CarrierWifiReceiver}
11-06 16:01:08.255 D/CompatChangeReporter( 1587): Compat change id reported: 311208629; UID 10111; state: ENABLED
11-06 16:01:08.260 D/CompatChangeReporter( 1587): Compat change id reported: 311402873; UID 1001; state: ENABLED
11-06 16:01:08.260 D/CompatChangeReporter( 1587): Compat change id reported: 323349338; UID 1001; state: ENABLED
11-06 16:01:08.297 D/ShortcutService( 1587): Saving package item com.google.android.googlequicksearchbox to /data/system_ce/10/shortcut_service/packages/com.google.android.googlequicksearchbox.xml
11-06 16:01:08.348 D/CompatChangeReporter( 1587): Compat change id reported: 151861875; UID 1010149; state: ENABLED
11-06 16:01:08.357 I/ActivityManager( 1587): Start proc 6258:com.google.android.wfcactivation/u0a141 for broadcast {com.google.android.wfcactivation/com.google.android.wfcactivation.CarrierConfigChangedReceiver}
11-06 16:01:08.435 W/ActivityManager( 1587): Slow operation: 87ms so far, now at startProcess: returned from zygote!
11-06 16:01:08.436 W/ActivityManager( 1587): Slow operation: 88ms so far, now at startProcess: done updating battery stats
11-06 16:01:08.436 W/ActivityManager( 1587): Slow operation: 88ms so far, now at startProcess: building log message
11-06 16:01:08.436 I/ActivityManager( 1587): Start proc 6281:com.google.android.googlequicksearchbox:interactor/u10a149 for service {com.google.android.googlequicksearchbox/com.google.android.apps.gsa.nga.engine.viss.NgaService}
11-06 16:01:08.436 W/ActivityManager( 1587): Slow operation: 88ms so far, now at startProcess: starting to update pids map
11-06 16:01:08.438 W/ActivityManager( 1587): Slow operation: 90ms so far, now at startProcess: done updating pids map
11-06 16:01:08.441 D/StorageManagerService( 1587): Volume emulated;10 broadcasting mounted to UserHandle{10}
11-06 16:01:08.447 D/StorageManagerService( 1587): Volume emulated;10 broadcasting checking to UserHandle{10}
11-06 16:01:08.448 D/StorageManagerService( 1587): Volume emulated;10 broadcasting mounted to UserHandle{10}
11-06 16:01:08.487 D/CompatChangeReporter( 1587): Compat change id reported: 311208629; UID 1010085; state: ENABLED
11-06 16:01:08.502 W/wificond( 1144): Failed to get NL80211_ATTR_MAX_NUM_AKM_SUITES
11-06 16:01:08.507 W/wificond( 1144): Failed to get NL80211_ATTR_MAX_NUM_AKM_SUITES
11-06 16:01:08.509 W/wificond( 1144): Failed to get NL80211_ATTR_MAX_NUM_AKM_SUITES
11-06 16:01:08.511 W/wificond( 1144): Failed to get NL80211_ATTR_MAX_NUM_AKM_SUITES
11-06 16:01:08.554 D/CompatChangeReporter( 1587): Compat change id reported: 151861875; UID 1010097; state: ENABLED
11-06 16:01:08.581 D/CompatChangeReporter( 1587): Compat change id reported: 311402873; UID 1010149; state: ENABLED
11-06 16:01:08.582 D/CompatChangeReporter( 1587): Compat change id reported: 323349338; UID 1010149; state: ENABLED
11-06 16:01:08.589 I/ActivityManager( 1587): Start proc 6342:com.android.imsserviceentitlement/u10a97 for broadcast {com.android.imsserviceentitlement/com.android.imsserviceentitlement.ImsEntitlementReceiver}
11-06 16:01:08.644 W/ActivityManager( 1587): Slow operation: 51ms so far, now at startProcess: done updating battery stats
11-06 16:01:08.644 W/ActivityManager( 1587): Slow operation: 51ms so far, now at startProcess: building log message
11-06 16:01:08.644 I/ActivityManager( 1587): Start proc 6355:com.android.chrome/u0a176 for service {com.android.chrome/org.chromium.chrome.browser.customtabs.CustomTabsConnectionService}
11-06 16:01:08.645 W/ActivityManager( 1587): Slow operation: 51ms so far, now at startProcess: starting to update pids map
11-06 16:01:08.646 W/ActivityManager( 1587): Slow operation: 52ms so far, now at startProcess: done updating pids map
11-06 16:01:08.661 D/ShortcutService( 1587): Saving package item com.google.android.apps.docs.editors.docs to /data/system_ce/10/shortcut_service/packages/com.google.android.apps.docs.editors.docs.xml
11-06 16:01:08.671 D/CompatChangeReporter( 1587): Compat change id reported: 253665015; UID 10145; state: ENABLED
11-06 16:01:08.760 D/CompatChangeReporter( 1587): Compat change id reported: 161145287; UID 10145; state: ENABLED
11-06 16:01:08.798 V/ResourcesManager( 4148): The following library key has been added: ResourcesKey{ mHash=587c9b8 mResDir=null mSplitDirs=[] mOverlayDirs=[/product/overlay/NavigationBarModeGestural/NavigationBarModeGesturalOverlay.apk,/data/resource-cache/com.android.systemui-neutral-DnDR.frro,/data/resource-cache/com.android.systemui-accent-5QeJ.frro,/data/resource-cache/com.android.systemui-dynamic-Eoaz.frro] mLibDirs=[/data/app/~~WdnpYeR4nvsYTMpiRwihmg==/com.google.android.webview-VsTWSIzIT2RoQhasEMIynw==/base.apk,/data/app/~~WdnpYeR4nvsYTMpiRwihmg==/com.google.android.webview-VsTWSIzIT2RoQhasEMIynw==/split_config.en.apk,/data/app/~~WdnpYeR4nvsYTMpiRwihmg==/com.google.android.webview-VsTWSIzIT2RoQhasEMIynw==/split_config.es.apk,/data/app/~~Ch7lAxXDoSZCmeGZxiNE4Q==/com.google.android.trichromelibrary_672310633-AGdkBSkn-q4KtnOUFw2WKg==/base.apk,/system_ext/framework/androidx.window.extensions.jar] mDisplayId=0 mOverrideConfig=v35 mCompatInfo={560dpi always-compat} mLoaders=[]}
11-06 16:01:08.815 D/ShortcutService( 1587): Saving package item com.google.android.apps.docs.editors.sheets to /data/system_ce/10/shortcut_service/packages/com.google.android.apps.docs.editors.sheets.xml
11-06 16:01:08.825 D/CompatChangeReporter( 1587): Compat change id reported: 271850009; UID 10166; state: ENABLED
11-06 16:01:08.825 W/ActivityManager( 1587): Slow operation: 61ms so far, now at startProcess: returned from zygote!
11-06 16:01:08.825 W/ActivityManager( 1587): Slow operation: 62ms so far, now at startProcess: done updating battery stats
11-06 16:01:08.825 D/CompatChangeReporter( 1587): Compat change id reported: 253665015; UID 10166; state: ENABLED
11-06 16:01:08.825 W/ActivityManager( 1587): Slow operation: 62ms so far, now at startProcess: building log message
11-06 16:01:08.825 I/ActivityManager( 1587): Start proc 6392:com.google.android.apps.carrier.carrierwifi/u10a145 for broadcast {com.google.android.apps.carrier.carrierwifi/com.google.android.apps.carrier.carrierwifi.CarrierWifiReceiver}
11-06 16:01:08.825 W/ActivityManager( 1587): Slow operation: 62ms so far, now at startProcess: starting to update pids map
11-06 16:01:08.826 W/ActivityManager( 1587): Slow operation: 62ms so far, now at startProcess: done updating pids map
11-06 16:01:08.839 D/CompatChangeReporter( 1587): Compat change id reported: 161145287; UID 10176; state: ENABLED
11-06 16:01:08.862 D/CompatChangeReporter( 1587): Compat change id reported: 311208629; UID 1010170; state: ENABLED
11-06 16:01:08.899 W/Telecom ( 1587): TelecomServiceImpl$1: registerPhoneAccount - attempt to set a group from a non-system caller.: TSI.rPA(cw)@AMs
11-06 16:01:08.899 I/Telecom ( 1587): TelecomServiceImpl$1: registerPhoneAccount: account=[[ ] PhoneAccount: ComponentInfo{com.whatsapp/com.whatsapp.calling.telecom.SelfManagedConnectionService}, ***, UserHandle{0} Capabilities: SelfManaged SuppVideo Video  Audio Routes: BESW Schemes: tel  Extras: Bundle[{android.telecom.extra.LOG_SELF_MANAGED_CALLS=false}] GroupId: *** SC Restrictions: [NONE]]: TSI.rPA(cw)@AMs
11-06 16:01:08.900 I/Telecom ( 1587): PhoneAccountRegistrar: Modify account: [ComponentInfo{com.whatsapp/com.whatsapp.calling.telecom.SelfManagedConnectionService}, ***, UserHandle{0}]: TSI.rPA(cw)@AMs
11-06 16:01:08.907 I/Telecom ( 1587): AppLabelProxy: package com.whatsapp: name is WhatsApp: TSI.rPA(cw)@AMs
11-06 16:01:08.911 I/Telecom ( 1587): CallsManager: handlePhoneAccountChanged: phoneAccount=[[X] PhoneAccount: ComponentInfo{com.whatsapp/com.whatsapp.calling.telecom.SelfManagedConnectionService}, ***, UserHandle{0} Capabilities: SelfManaged SuppVideo Video  Audio Routes: BESW Schemes: tel  Extras: Bundle[{android.telecom.extra.LOG_SELF_MANAGED_CALLS=false}] GroupId: *** SC Restrictions: [NONE]]: TSI.rPA(cw)@AMs
11-06 16:01:08.917 W/JobScheduler( 1587): Job didn't exist in JobStore: 5cb36de {androidx.work.systemjobscheduler} #u0a145/9999 @androidx.work.systemjobscheduler@com.google.android.apps.carrier.carrierwifi/androidx.work.impl.background.systemjob.SystemJobService
11-06 16:01:08.946 W/ActivityManager( 1587): Slow operation: 53ms so far, now at startProcess: done updating battery stats
11-06 16:01:08.946 W/ActivityManager( 1587): Slow operation: 53ms so far, now at startProcess: building log message
11-06 16:01:08.946 I/ActivityManager( 1587): Start proc 6437:com.google.android.wfcactivation/u10a141 for broadcast {com.google.android.wfcactivation/com.google.android.wfcactivation.CarrierConfigChangedReceiver}
11-06 16:01:08.946 W/ActivityManager( 1587): Slow operation: 53ms so far, now at startProcess: starting to update pids map
11-06 16:01:08.947 W/ActivityManager( 1587): Slow operation: 54ms so far, now at startProcess: done updating pids map
11-06 16:01:08.947 E/AppOps  ( 1587): attributionTag IWLAN not declared in manifest of com.google.android.iwlan
11-06 16:01:08.986 I/Telecom ( 1587): PhoneAccountRegistrar: getSimCallManager: SimCallManager for subId 4 queried, returning: ComponentInfo{com.google.android.apps.tycho/com.google.android.ims.call.DialerConnectionService}, ***, UserHandle{0}: TSI.gSCMFU(a)@AM0
11-06 16:01:08.986 I/TelecomLoaderService( 1587): updating sim call manager permissions for userId:0
11-06 16:01:09.000 E/AppOps  ( 1587): attributionTag VCN not declared in manifest of android
11-06 16:01:09.021 E/AppOps  ( 1587): attributionTag VCN not declared in manifest of android
11-06 16:01:09.030 E/AppOps  ( 1587): attributionTag IWLAN not declared in manifest of com.google.android.iwlan
11-06 16:01:09.030 E/AppOps  ( 1587): attributionTag IWLAN not declared in manifest of com.google.android.iwlan
11-06 16:01:09.031 D/CompatChangeReporter( 1587): Compat change id reported: 261072174; UID 10145; state: ENABLED
11-06 16:01:09.039 E/AppOps  ( 1587): attributionTag IWLAN not declared in manifest of com.google.android.iwlan
11-06 16:01:09.040 I/Telecom ( 1587): CallsManager: updateEmergencyCallNotificationAsync; show=false: CM.UEMCNA@AMw
11-06 16:01:09.050 E/AppOps  ( 1587): attributionTag VCN not declared in manifest of android
11-06 16:01:09.054 D/ShortcutService( 1587): Saving package item com.google.android.apps.docs.editors.slides to /data/system_ce/10/shortcut_service/packages/com.google.android.apps.docs.editors.slides.xml
11-06 16:01:09.058 E/AppOps  ( 1587): attributionTag VCN not declared in manifest of android
11-06 16:01:09.080 E/AppOps  ( 1587): attributionTag IWLAN not declared in manifest of com.google.android.iwlan
11-06 16:01:09.080 I/Telecom ( 1587): PhoneAccountRegistrar: getSimCallManager: SimCallManager for subId 4 queried, returning: ComponentInfo{com.google.android.apps.tycho/com.google.android.ims.call.DialerConnectionService}, ***, UserHandle{10}: TSI.gSCMFU(a)@AM8
11-06 16:01:09.080 I/TelecomLoaderService( 1587): updating sim call manager permissions for userId:10
11-06 16:01:09.083 W/Looper  ( 1587): Slow dispatch took 131ms android.fg h=android.os.Handler c=android.app.LoadedApk$ReceiverDispatcher$Args$$ExternalSyntheticLambda0@225a4aa m=0
11-06 16:01:09.085 W/Looper  ( 1587): Slow dispatch took 133ms main h=android.app.ActivityThread$H c=android.app.LoadedApk$ReceiverDispatcher$Args$$ExternalSyntheticLambda0@7906c11 m=0
11-06 16:01:09.086 E/AppOps  ( 1587): attributionTag IWLAN not declared in manifest of com.google.android.iwlan
11-06 16:01:09.091 E/AppOps  ( 1587): attributionTag IWLAN not declared in manifest of com.google.android.iwlan
11-06 16:01:09.103 E/AppOps  ( 1587): attributionTag IWLAN not declared in manifest of com.google.android.iwlan
11-06 16:01:09.119 E/AppOps  ( 1587): attributionTag VCN not declared in manifest of android
11-06 16:01:09.120 E/AppOps  ( 1587): attributionTag IWLAN not declared in manifest of com.google.android.iwlan
11-06 16:01:09.124 E/AppOps  ( 1587): attributionTag IWLAN not declared in manifest of com.google.android.iwlan
11-06 16:01:09.129 E/AppOps  ( 1587): attributionTag VCN not declared in manifest of android
11-06 16:01:09.146 W/NetworkPolicy( 1587): shared quota unsupported; generating rule for each iface
11-06 16:01:09.181 D/CompatChangeReporter( 1587): Compat change id reported: 151861875; UID 10149; state: ENABLED
11-06 16:01:09.206 D/CompatChangeReporter( 1587): Compat change id reported: 151861875; UID 10120; state: ENABLED
11-06 16:01:09.243 W/ActivityManager( 1587): Slow operation: 63ms so far, now at startProcess: returned from zygote!
11-06 16:01:09.244 W/ActivityManager( 1587): Slow operation: 63ms so far, now at startProcess: done updating battery stats
11-06 16:01:09.244 W/ActivityManager( 1587): Slow operation: 63ms so far, now at startProcess: building log message
11-06 16:01:09.244 I/ActivityManager( 1587): Start proc 6489:com.google.android.webview:sandboxed_process0:org.chromium.content.app.SandboxedProcessService0:0/u0ai9000 for  {com.google.android.googlequicksearchbox/org.chromium.content.app.SandboxedProcessService0:0}
11-06 16:01:09.244 W/ActivityManager( 1587): Slow operation: 63ms so far, now at startProcess: starting to update pids map
11-06 16:01:09.267 W/ActivityManager( 1587): Slow operation: 87ms so far, now at startProcess: done updating pids map
11-06 16:01:09.268 W/ActivityManager( 1587): Slow operation: 62ms so far, now at startProcess: asking zygote to start proc
11-06 16:01:09.278 D/CompatChangeReporter( 1587): Compat change id reported: 261072174; UID 10176; state: ENABLED
11-06 16:01:09.284 D/ShortcutService( 1587): Saving package item com.android.vending to /data/system_ce/10/shortcut_service/packages/com.android.vending.xml
11-06 16:01:09.305 W/ActivityManager( 1587): Slow operation: 99ms so far, now at startProcess: returned from zygote!
11-06 16:01:09.305 W/ActivityManager( 1587): Slow operation: 99ms so far, now at startProcess: done updating battery stats
11-06 16:01:09.305 W/ActivityManager( 1587): Slow operation: 100ms so far, now at startProcess: building log message
11-06 16:01:09.305 I/ActivityManager( 1587): Start proc 6510:com.google.android.onetimeinitializer/u0a120 for broadcast {com.google.android.onetimeinitializer/com.google.android.onetimeinitializer.OneTimeInitializerReceiver}
11-06 16:01:09.305 W/ActivityManager( 1587): Slow operation: 100ms so far, now at startProcess: starting to update pids map
11-06 16:01:09.306 W/ActivityManager( 1587): Slow operation: 100ms so far, now at startProcess: done updating pids map
11-06 16:01:09.388 D/CompatChangeReporter( 1587): Compat change id reported: 151861875; UID 10005; state: ENABLED
11-06 16:01:09.405 I/ActivityManager( 1587): Start proc 6558:com.google.android.photopicker/u0a5 for broadcast {com.google.android.photopicker/com.android.photopicker.PhotopickerDeviceConfigReceiver}
11-06 16:01:09.458 D/CompatChangeReporter( 1587): Compat change id reported: 311402873; UID 10241; state: ENABLED
11-06 16:01:09.458 D/CompatChangeReporter( 1587): Compat change id reported: 323349338; UID 10241; state: ENABLED
11-06 16:01:09.484 E/keystore2(  535): system/security/keystore2/src/error.rs:171 - system/security/keystore2/src/security_level.rs:317
11-06 16:01:09.484 E/keystore2(  535): 
11-06 16:01:09.484 E/keystore2(  535): Caused by:
11-06 16:01:09.484 E/keystore2(  535):     0: system/security/keystore2/src/enforcements.rs:611: No suitable auth token found.
11-06 16:01:09.484 E/keystore2(  535):     1: Error::Km(r#KEY_USER_NOT_AUTHENTICATED)
11-06 16:01:09.505 E/keystore2(  535): system/security/keystore2/src/error.rs:171 - system/security/keystore2/src/security_level.rs:317
11-06 16:01:09.505 E/keystore2(  535): 
11-06 16:01:09.505 E/keystore2(  535): Caused by:
11-06 16:01:09.505 E/keystore2(  535):     0: system/security/keystore2/src/enforcements.rs:623: matching auth token is expired.
11-06 16:01:09.505 E/keystore2(  535):     1: Error::Km(r#KEY_USER_NOT_AUTHENTICATED)
11-06 16:01:09.567 I/ActivityManager( 1587): Start proc 6597:com.google.android.webview:webview_service/u0a164 for service {com.google.android.webview/org.chromium.android_webview.services.ComponentsProviderService}
11-06 16:01:09.584 E/AppOps  ( 1587): attributionTag IWLAN not declared in manifest of com.google.android.iwlan
11-06 16:01:09.585 D/CompatChangeReporter( 1587): Compat change id reported: 151861875; UID 10116; state: ENABLED
11-06 16:01:09.604 I/ActivityManager( 1587): Start proc 6618:com.google.android.GoogleCamera/u0a116 for broadcast {com.google.android.GoogleCamera/com.google.android.apps.camera.camerafatalerror.BootCompleteReceiver}
11-06 16:01:09.606 E/AppOps  ( 1587): attributionTag IWLAN not declared in manifest of com.google.android.iwlan
11-06 16:01:09.636 I/BackupManagerService( 1587): [UserID:0] Stale backup journals: Scheduled 60 package(s) total
11-06 16:01:09.651 V/ResourcesManager( 4164): The following library key has been added: ResourcesKey{ mHash=587c9b8 mResDir=null mSplitDirs=[] mOverlayDirs=[/product/overlay/NavigationBarModeGestural/NavigationBarModeGesturalOverlay.apk,/data/resource-cache/com.android.systemui-neutral-DnDR.frro,/data/resource-cache/com.android.systemui-accent-5QeJ.frro,/data/resource-cache/com.android.systemui-dynamic-Eoaz.frro] mLibDirs=[/data/app/~~WdnpYeR4nvsYTMpiRwihmg==/com.google.android.webview-VsTWSIzIT2RoQhasEMIynw==/base.apk,/data/app/~~WdnpYeR4nvsYTMpiRwihmg==/com.google.android.webview-VsTWSIzIT2RoQhasEMIynw==/split_config.en.apk,/data/app/~~WdnpYeR4nvsYTMpiRwihmg==/com.google.android.webview-VsTWSIzIT2RoQhasEMIynw==/split_config.es.apk,/data/app/~~Ch7lAxXDoSZCmeGZxiNE4Q==/com.google.android.trichromelibrary_672310633-AGdkBSkn-q4KtnOUFw2WKg==/base.apk,/system_ext/framework/androidx.window.extensions.jar] mDisplayId=0 mOverrideConfig=v35 mCompatInfo={560dpi always-compat} mLoaders=[]}
11-06 16:01:09.666 D/CompatChangeReporter( 1587): Compat change id reported: 261072174; UID 10164; state: ENABLED
11-06 16:01:09.699 W/AppOps  ( 1587): Noting op not finished: uid 1010124 pkg com.google.android.gms code 113 startTime of in progress event=1730937665660
11-06 16:01:09.706 D/CompatChangeReporter( 1587): Compat change id reported: 271850009; UID 10164; state: ENABLED
11-06 16:01:09.706 D/CompatChangeReporter( 1587): Compat change id reported: 253665015; UID 10164; state: ENABLED
11-06 16:01:09.724 D/ShortcutService( 1587): Saving package item com.google.android.as to /data/system_ce/10/shortcut_service/packages/com.google.android.as.xml
11-06 16:01:09.724 W/AppOps  ( 1587): Noting op not finished: uid 1010124 pkg com.google.android.gms code 113 startTime of in progress event=1730937665660
11-06 16:01:09.730 I/ActivityManager( 1587): Start proc 6662:com.google.android.webview:webview_apk/u0a164 for service {com.google.android.webview/org.chromium.android_webview.nonembedded.AwComponentUpdateService}
11-06 16:01:09.772 D/CompatChangeReporter( 1587): Compat change id reported: 271850009; UID 10298; state: ENABLED
11-06 16:01:09.772 D/CompatChangeReporter( 1587): Compat change id reported: 253665015; UID 10298; state: ENABLED
11-06 16:01:09.799 W/AppOps  ( 1587): Noting op not finished: uid 1010162 pkg com.google.android.gms.location.history code 79 startTime of in progress event=1730937667698
11-06 16:01:09.825 W/AppOps  ( 1587): Noting op not finished: uid 1010124 pkg com.google.android.gms code 113 startTime of in progress event=1730937669501
11-06 16:01:09.855 D/ShortcutService( 1587): Saving package item com.google.android.gm to /data/system_ce/10/shortcut_service/packages/com.google.android.gm.xml
11-06 16:01:09.974 I/trusty  (    0): ROTLAYER2: 120: WTPI_LoadRootOfTrust: error opening keybox on TP. Attempting TDP.
11-06 16:01:09.974 I/trusty  (    0): ROTLAYER2: 78: provisioning not allowed
11-06 16:01:09.974 I/trusty  (    0): ROTLAYER2: 160: WTPI_LoadRootOfTrust: failed to copy keybox from TDP to TP
11-06 16:01:10.052 I/trusty  (    0): ROTLAYER2: 120: WTPI_LoadRootOfTrust: error opening keybox on TP. Attempting TDP.
11-06 16:01:10.052 I/trusty  (    0): ROTLAYER2: 78: provisioning not allowed
11-06 16:01:10.052 I/trusty  (    0): ROTLAYER2: 160: WTPI_LoadRootOfTrust: failed to copy keybox from TDP to TP
11-06 16:01:10.028 D/ShortcutService( 1587): Saving package item com.google.android.apps.tachyon to /data/system_ce/10/shortcut_service/packages/com.google.android.apps.tachyon.xml
11-06 16:01:10.099 I/trusty  (    0): ROTLAYER2: 120: WTPI_LoadRootOfTrust: error opening keybox on TP. Attempting TDP.
11-06 16:01:10.099 I/trusty  (    0): ROTLAYER2: 78: provisioning not allowed
11-06 16:01:10.099 I/trusty  (    0): ROTLAYER2: 160: WTPI_LoadRootOfTrust: failed to copy keybox from TDP to TP
11-06 16:01:10.098 D/ShortcutService( 1587): Saving package item com.google.android.apps.dynamite to /data/system_ce/10/shortcut_service/packages/com.google.android.apps.dynamite.xml
11-06 16:01:10.143 I/ActivityManager( 1587): Start proc 6756:com.google.android.apps.diagnosticstool/u0a156 for broadcast {com.google.android.apps.diagnosticstool/com.google.android.apps.diagnosticstool.receiver.BootCompleteReceiver}
11-06 16:01:10.354 D/CompatChangeReporter( 1587): Compat change id reported: 297989574; UID 10241; state: ENABLED
11-06 16:01:10.362 D/ShortcutService( 1587): Saving package item com.google.android.apps.nbu.files to /data/system_ce/10/shortcut_service/packages/com.google.android.apps.nbu.files.xml
11-06 16:01:10.364 D/CompatChangeReporter( 1587): Compat change id reported: 151861875; UID 1010120; state: ENABLED
11-06 16:01:10.403 D/CompatChangeReporter( 1587): Compat change id reported: 271850009; UID 10150; state: ENABLED
11-06 16:01:10.403 I/ActivityManager( 1587): Start proc 6809:com.google.android.onetimeinitializer/u10a120 for broadcast {com.google.android.onetimeinitializer/com.google.android.onetimeinitializer.OneTimeInitializerReceiver}
11-06 16:01:10.489 D/ShortcutService( 1587): Saving package item com.google.corp.bizapps.rews.campus.android to /data/system_ce/10/shortcut_service/packages/com.google.corp.bizapps.rews.campus.android.xml
11-06 16:01:10.503 D/CompatChangeReporter( 1587): Compat change id reported: 311208629; UID 10149; state: ENABLED
11-06 16:01:10.514 D/CompatChangeReporter( 1587): Compat change id reported: 261072174; UID 10164; state: ENABLED
11-06 16:01:10.539 D/CompatChangeReporter( 1587): Compat change id reported: 151861875; UID 10110; state: ENABLED
11-06 16:01:10.546 D/CompatChangeReporter( 1587): Compat change id reported: 319212206; UID 10149; state: ENABLED
11-06 16:01:10.554 I/ActivityManager( 1587): Start proc 6848:com.google.android.projection.gearhead:shared/u0a110 for broadcast {com.google.android.projection.gearhead/com.google.android.apps.auto.wireless.bluetooth.WifiBluetoothReceiver}
11-06 16:01:10.631 D/ShortcutService( 1587): Saving package item com.google.android.apps.docs to /data/system_ce/10/shortcut_service/packages/com.google.android.apps.docs.xml
11-06 16:01:10.659 D/CompatChangeReporter( 1587): Compat change id reported: 319212206; UID 1010149; state: ENABLED
11-06 16:01:10.755 D/ShortcutService( 1587): Saving package item com.google.android.contacts to /data/system_ce/10/shortcut_service/packages/com.google.android.contacts.xml
11-06 16:01:10.799 W/Telecom ( 1587): TelecomServiceImpl$1: registerPhoneAccount - attempt to set a group from a non-system caller.: TSI.rPA(cgaat)@APM
11-06 16:01:10.799 I/Telecom ( 1587): TelecomServiceImpl$1: registerPhoneAccount: account=[[ ] PhoneAccount: ComponentInfo{com.google.android.apps.tycho/com.google.android.ims.call.DialerConnectionService}, ***, UserHandle{0} Capabilities: ConnectionMgr PlaceEmerg SuppVoice Voice  Audio Routes: BESW Schemes: tel  Extras: null GroupId: *** SC Restrictions: [NONE]]: TSI.rPA(cgaat)@APM
11-06 16:01:10.799 I/Telecom ( 1587): PhoneAccountRegistrar: Modify account: [ComponentInfo{com.google.android.apps.tycho/com.google.android.ims.call.DialerConnectionService}, ***, UserHandle{0}(cap: ConnectionMgr PlaceEmerg SuppVoice Voice  -> ConnectionMgr PlaceEmerg SuppVoice )]: TSI.rPA(cgaat)@APM
11-06 16:01:10.800 I/Telecom ( 1587): CallsManager: handlePhoneAccountChanged: phoneAccount=[[ ] PhoneAccount: ComponentInfo{com.google.android.apps.tycho/com.google.android.ims.call.DialerConnectionService}, ***, UserHandle{0} Capabilities: ConnectionMgr PlaceEmerg SuppVoice Voice  Audio Routes: BESW Schemes: tel  Extras: null GroupId: *** SC Restrictions: [NONE]]: TSI.rPA(cgaat)@APM
11-06 16:01:10.814 D/ShortcutService( 1587): Saving package item com.android.chrome to /data/system_ce/10/shortcut_service/packages/com.android.chrome.xml
11-06 16:01:10.819 I/Telecom ( 1587): PhoneAccountRegistrar: Notifying telephony of voice service override change for 1 SIMs, hasService = true: TSI.rPA(cgaat)@APM
11-06 16:01:10.819 I/trusty  (    0): ROTLAYER2: 120: WTPI_LoadRootOfTrust: error opening keybox on TP. Attempting TDP.
11-06 16:01:10.819 I/trusty  (    0): ROTLAYER2: 78: provisioning not allowed
11-06 16:01:10.819 I/trusty  (    0): ROTLAYER2: 160: WTPI_LoadRootOfTrust: failed to copy keybox from TDP to TP
11-06 16:01:10.835 D/CompatChangeReporter( 1587): Compat change id reported: 311402873; UID 10149; state: ENABLED
11-06 16:01:10.835 D/CompatChangeReporter( 1587): Compat change id reported: 323349338; UID 10149; state: ENABLED
11-06 16:01:10.873 D/CompatChangeReporter( 1587): Compat change id reported: 297989574; UID 10110; state: ENABLED
11-06 16:01:10.892 I/trusty  (    0): ROTLAYER2: 120: WTPI_LoadRootOfTrust: error opening keybox on TP. Attempting TDP.
11-06 16:01:10.892 I/trusty  (    0): ROTLAYER2: 78: provisioning not allowed
11-06 16:01:10.892 I/trusty  (    0): ROTLAYER2: 160: WTPI_LoadRootOfTrust: failed to copy keybox from TDP to TP
11-06 16:01:10.902 D/CompatChangeReporter( 1587): Compat change id reported: 151861875; UID 1010005; state: ENABLED
11-06 16:01:10.927 I/ActivityManager( 1587): Start proc 6924:com.google.android.photopicker/u10a5 for broadcast {com.google.android.photopicker/com.android.photopicker.PhotopickerDeviceConfigReceiver}
11-06 16:01:10.980 I/BackupManagerService( 1587): [UserID:10] Stale backup journals: Scheduled 48 package(s) total
11-06 16:01:11.024 D/CompatChangeReporter( 1587): Compat change id reported: 151861875; UID 10067; state: ENABLED
11-06 16:01:11.034 D/ShortcutService( 1587): Saving package item com.google.android.gms to /data/system_ce/10/shortcut_service/packages/com.google.android.gms.xml
11-06 16:01:11.034 I/ActivityManager( 1587): Start proc 6952:com.android.externalstorage/u0a67 for broadcast {com.android.externalstorage/com.android.externalstorage.MountReceiver}
11-06 16:01:11.090 D/CompatChangeReporter( 1587): Compat change id reported: 151861875; UID 1010067; state: ENABLED
11-06 16:01:11.107 I/Telecom ( 1587): MissedCallNotifierImpl: reloadAfterBootComplete: no user(s) to check; skipping reload.: TSBCR.oR@APU
11-06 16:01:11.111 I/ActivityManager( 1587): Start proc 6984:com.android.externalstorage/u10a67 for broadcast {com.android.externalstorage/com.android.externalstorage.MountReceiver}
11-06 16:01:11.123 D/ShortcutService( 1587): Saving package item com.google.android.apps.photos to /data/system_ce/10/shortcut_service/packages/com.google.android.apps.photos.xml
11-06 16:01:11.139 D/OomAdjuster( 1587): Not killing cached processes
11-06 16:01:11.191 D/CompatChangeReporter( 1587): Compat change id reported: 311208629; UID 1010149; state: ENABLED
11-06 16:01:11.197 D/CompatChangeReporter( 1587): Compat change id reported: 311402873; UID 10097; state: ENABLED
11-06 16:01:11.197 D/CompatChangeReporter( 1587): Compat change id reported: 323349338; UID 10097; state: ENABLED
11-06 16:01:11.224 I/ActivityManager( 1587): Start proc 7026:com.android.chrome:privileged_process0/u0a176 for service {com.android.chrome/org.chromium.content.app.PrivilegedProcessService0}
11-06 16:01:11.232 D/CompatChangeReporter( 1587): Compat change id reported: 308670109; UID 10149; state: ENABLED
11-06 16:01:11.241 D/ShortcutService( 1587): Saving package item com.google.android.calendar to /data/system_ce/10/shortcut_service/packages/com.google.android.calendar.xml
11-06 16:01:11.242 I/ActivityManager( 1587): Start proc 7044:com.android.angle/u0a311 for broadcast {com.android.angle/com.android.angle.common.Receiver}
11-06 16:01:11.306 I/Telecom ( 1587): CallsManager: updateEmergencyCallNotificationAsync; show=false: CM.UEMCNA@APY
11-06 16:01:11.338 E/AppOps  ( 1587): attributionTag IWLAN not declared in manifest of com.google.android.iwlan
11-06 16:01:11.343 D/CompatChangeReporter( 1587): Compat change id reported: 297989574; UID 10149; state: ENABLED
11-06 16:01:11.345 E/AppOps  ( 1587): attributionTag IWLAN not declared in manifest of com.google.android.iwlan
11-06 16:01:11.416 D/CompatChangeReporter( 1587): Compat change id reported: 161145287; UID 10176; state: ENABLED
11-06 16:01:11.428 I/Telecom ( 1587): PhoneAccountRegistrar: getSimCallManager: SimCallManager for subId 4 queried, returning: ComponentInfo{com.google.android.apps.tycho/com.google.android.ims.call.DialerConnectionService}, ***, UserHandle{0}: TSI.gSCMFU(a)@APk
11-06 16:01:11.428 I/TelecomLoaderService( 1587): updating sim call manager permissions for userId:0
11-06 16:01:11.499 I/ContentCaptureManagerService( 1587): Data share request accepted by Content Capture service
11-06 16:01:11.507 D/ShortcutService( 1587): Saving package item com.google.android.documentsui to /data/system_ce/10/shortcut_service/packages/com.google.android.documentsui.xml
11-06 16:01:11.554 W/Looper  ( 1587): Slow dispatch took 138ms android.fg h=android.os.Handler c=android.app.LoadedApk$ReceiverDispatcher$Args$$ExternalSyntheticLambda0@b1ca5cb m=0
11-06 16:01:11.590 D/ShortcutService( 1587): Saving package item com.android.settings to /data/system_ce/10/shortcut_service/packages/com.android.settings.xml
11-06 16:01:11.615 W/AppOpService( 1587): Ignored setUidMode call for runtime permission app op: uid = 10148, code = READ_CELL_BROADCASTS, mode = allow, callingUid = 1000, oldMode = allow
11-06 16:01:11.634 W/ActivityManager( 1587): Receiver with filter android.content.IntentFilter@4d37c92 already registered for pid 3929, callerPackage is com.google.android.googlequicksearchbox
11-06 16:01:11.676 I/ActivityManager( 1587): Start proc 7103:com.google.android.gms.unstable/u0a124 for service {com.google.android.gms/com.google.android.gms.droidguard.DroidGuardService}
11-06 16:01:11.683 W/NetworkPolicy( 1587): shared quota unsupported; generating rule for each iface
11-06 16:01:11.692 I/Telecom ( 1587): PhoneAccountRegistrar: getSimCallManager: SimCallManager for subId 4 queried, returning: ComponentInfo{com.google.android.apps.tycho/com.google.android.ims.call.DialerConnectionService}, ***, UserHandle{10}: TSI.gSCMFU(a)@AP4
11-06 16:01:11.692 I/TelecomLoaderService( 1587): updating sim call manager permissions for userId:10
11-06 16:01:11.732 D/CompatChangeReporter( 1587): Compat change id reported: 271850009; UID 10141; state: ENABLED
11-06 16:01:11.733 D/CompatChangeReporter( 1587): Compat change id reported: 253665015; UID 10141; state: ENABLED
11-06 16:01:11.761 W/AppOpService( 1587): Ignored setUidMode call for runtime permission app op: uid = 1001, code = READ_SMS, mode = allow, callingUid = 1000, oldMode = allow
11-06 16:01:11.764 W/AppOpService( 1587): Ignored setUidMode call for runtime permission app op: uid = 1001, code = RECEIVE_SMS, mode = allow, callingUid = 1000, oldMode = allow
11-06 16:01:11.780 W/AppOpService( 1587): Ignored setUidMode call for runtime permission app op: uid = 1001, code = RECEIVE_WAP_PUSH, mode = allow, callingUid = 1000, oldMode = allow
11-06 16:01:11.786 W/AppOpService( 1587): Ignored setUidMode call for runtime permission app op: uid = 1001, code = SEND_SMS, mode = allow, callingUid = 1000, oldMode = allow
11-06 16:01:11.786 W/AppOpService( 1587): Ignored setUidMode call for runtime permission app op: uid = 1001, code = READ_CELL_BROADCASTS, mode = allow, callingUid = 1000, oldMode = allow
11-06 16:01:11.796 D/CompatChangeReporter( 1587): Compat change id reported: 271850009; UID 10145; state: ENABLED
11-06 16:01:11.806 D/ShortcutService( 1587): Saving package item com.google.android.apps.tasks to /data/system_ce/10/shortcut_service/packages/com.google.android.apps.tasks.xml
11-06 16:01:11.812 W/Looper  ( 1587): Slow dispatch took 392ms main h=android.app.ActivityThread$H c=android.app.LoadedApk$ReceiverDispatcher$Args$$ExternalSyntheticLambda0@6e11462 m=0
11-06 16:01:11.812 W/Looper  ( 1587): Slow delivery took 397ms main h=android.app.ActivityThread$H c=android.app.LoadedApk$ReceiverDispatcher$Args$$ExternalSyntheticLambda0@7d7b9f3 m=0
11-06 16:01:11.815 W/JobScheduler( 1587): Job didn't exist in JobStore: 1453842 {androidx.work.systemjobscheduler} #u0a145/10001 @androidx.work.systemjobscheduler@com.google.android.apps.carrier.carrierwifi/androidx.work.impl.background.systemjob.SystemJobService
11-06 16:01:11.846 W/Looper  ( 1587): Drained
11-06 16:01:11.869 W/AppOpService( 1587): Ignored setUidMode call for runtime permission app op: uid = 10148, code = READ_CELL_BROADCASTS, mode = allow, callingUid = 1000, oldMode = allow
11-06 16:01:11.949 D/CompatChangeReporter( 1587): Compat change id reported: 151861875; UID 1000; state: ENABLED
11-06 16:01:11.960 I/ActivityManager( 1587): Start proc 7201:com.android.dynsystem/1000 for broadcast {com.android.dynsystem/com.android.dynsystem.BootCompletedReceiver}
11-06 16:01:11.963 D/ShortcutService( 1587): Getting shortcuts for launcher= com.google.android.asuser=10 pkg=null
11-06 16:01:11.971 W/AppOpService( 1587): Ignored setUidMode call for runtime permission app op: uid = 1001, code = READ_SMS, mode = allow, callingUid = 1000, oldMode = allow
11-06 16:01:11.971 W/AppOpService( 1587): Ignored setUidMode call for runtime permission app op: uid = 1001, code = RECEIVE_SMS, mode = allow, callingUid = 1000, oldMode = allow
11-06 16:01:11.972 W/AppOpService( 1587): Ignored setUidMode call for runtime permission app op: uid = 1001, code = RECEIVE_WAP_PUSH, mode = allow, callingUid = 1000, oldMode = allow
11-06 16:01:11.972 W/AppOpService( 1587): Ignored setUidMode call for runtime permission app op: uid = 1001, code = SEND_SMS, mode = allow, callingUid = 1000, oldMode = allow
11-06 16:01:11.972 W/AppOpService( 1587): Ignored setUidMode call for runtime permission app op: uid = 1001, code = READ_CELL_BROADCASTS, mode = allow, callingUid = 1000, oldMode = allow
11-06 16:01:11.993 W/AppOpService( 1587): Ignored setUidMode call for runtime permission app op: uid = 10148, code = READ_CELL_BROADCASTS, mode = allow, callingUid = 1000, oldMode = allow
11-06 16:01:12.027 W/AppOpService( 1587): Ignored setUidMode call for runtime permission app op: uid = 1001, code = READ_SMS, mode = allow, callingUid = 1000, oldMode = allow
11-06 16:01:12.049 W/AppOpService( 1587): Ignored setUidMode call for runtime permission app op: uid = 1001, code = RECEIVE_SMS, mode = allow, callingUid = 1000, oldMode = allow
11-06 16:01:12.051 W/AppOpService( 1587): Ignored setUidMode call for runtime permission app op: uid = 1001, code = RECEIVE_WAP_PUSH, mode = allow, callingUid = 1000, oldMode = allow
11-06 16:01:12.051 W/AppOpService( 1587): Ignored setUidMode call for runtime permission app op: uid = 1001, code = SEND_SMS, mode = allow, callingUid = 1000, oldMode = allow
11-06 16:01:12.052 W/AppOpService( 1587): Ignored setUidMode call for runtime permission app op: uid = 1001, code = READ_CELL_BROADCASTS, mode = allow, callingUid = 1000, oldMode = allow
11-06 16:01:12.061 D/ShortcutService( 1587): Saving package item com.google.android.keep to /data/system_ce/10/shortcut_service/packages/com.google.android.keep.xml
11-06 16:01:12.069 D/ShortcutService( 1587): Getting shortcuts for launcher= androiduser=10 pkg=com.google.android.gm
11-06 16:01:12.075 I/ActivityManager( 1587): Start proc 7259:com.android.dynsystem:dynsystem/1000 for service {com.android.dynsystem/com.android.dynsystem.DynamicSystemInstallationService}
11-06 16:01:12.084 W/BroadcastLoopers( 1587): Found previously unknown looper Thread[NetworkPolicy,5,main]
11-06 16:01:12.087 I/ActivityManager( 1587): Start proc 7262:com.android.hotwordenrollment.okgoogle/u0a121 for broadcast {com.android.hotwordenrollment.okgoogle/com.android.hotwordenrollment.okgoogle.StartupReceiver}
11-06 16:01:12.089 D/ShortcutService( 1587): Getting shortcuts for launcher= androiduser=10 pkg=com.google.android.apps.dynamite
11-06 16:01:12.130 I/DynamicSystemService( 1587): isInstalled(): false
11-06 16:01:12.133 D/CompatChangeReporter( 1587): Compat change id reported: 311208629; UID 1000; state: ENABLED
11-06 16:01:12.149 D/ShortcutService( 1587): Getting shortcuts for launcher= androiduser=10 pkg=com.google.android.apps.dynamite
11-06 16:01:12.227 W/ActivityManager( 1587): Slow operation: 136ms so far, now at startProcess: returned from zygote!
11-06 16:01:12.227 W/ActivityManager( 1587): Slow operation: 136ms so far, now at startProcess: done updating battery stats
11-06 16:01:12.227 W/ActivityManager( 1587): Slow operation: 136ms so far, now at startProcess: building log message
11-06 16:01:12.227 I/ActivityManager( 1587): Start proc 7309:com.android.chrome:sandboxed_process0:org.chromium.content.app.SandboxedProcessService0:0/u0ai0 for  {com.android.chrome/org.chromium.content.app.SandboxedProcessService0:0}
11-06 16:01:12.227 W/ActivityManager( 1587): Slow operation: 136ms so far, now at startProcess: starting to update pids map
11-06 16:01:12.228 W/ActivityManager( 1587): Slow operation: 137ms so far, now at startProcess: done updating pids map
11-06 16:01:12.239 I/ActivityManager( 1587): Start proc 7312:com.android.hotwordenrollment.xgoogle/u0a98 for broadcast {com.android.hotwordenrollment.xgoogle/com.android.hotwordenrollment.xgoogle.StartupReceiver}
11-06 16:01:12.241 D/ShortcutService( 1587): Saving package item com.google.android.apps.gmm to /data/system_ce/10/shortcut_service/packages/com.google.android.apps.gmm.xml
11-06 16:01:12.292 D/CompatChangeReporter( 1587): Compat change id reported: 151861875; UID 10280; state: ENABLED
11-06 16:01:12.310 I/ActivityManager( 1587): Start proc 7338:com.instagram.android/u0a280 for service {com.instagram.android/com.instagram.util.offline.StoryBackgroundPrefetchJobService}
11-06 16:01:12.344 D/CompatChangeReporter( 1587): Compat change id reported: 151861875; UID 10071; state: ENABLED
11-06 16:01:12.361 I/ActivityManager( 1587): Start proc 7355:com.android.managedprovisioning/u0a71 for broadcast {com.android.managedprovisioning/com.android.managedprovisioning.BootReminder}
11-06 16:01:12.420 D/ShortcutService( 1587): Saving package item com.google.android.GoogleCamera to /data/system_ce/10/shortcut_service/packages/com.google.android.GoogleCamera.xml
11-06 16:01:12.466 D/CompatChangeReporter( 1587): Compat change id reported: 151861875; UID 10142; state: ENABLED
11-06 16:01:12.479 D/ShortcutService( 1587): Saving package item com.google.android.as to /data/system_ce/0/shortcut_service/launchers/com.google.android.as0.xml
11-06 16:01:12.481 I/ActivityManager( 1587): Start proc 7392:com.google.android.odad/u0a142 for service {com.google.android.odad/com.google.android.apps.miphone.odad.contentprotection.ContentProtectionService}
11-06 16:01:12.517 I/SoundTriggerMiddlewareLogging( 1587): LIST_MODULE [client= "com.google.android.googlequicksearchbox"] () -> [ {Id: 0, Implementor: Google Pixel team, Version: 630075724}, {Id: 1, Implementor: android, Version: 1} ]
11-06 16:01:12.519 D/ShortcutService( 1587): Saving package item com.google.android.apps.nexuslauncher to /data/system_ce/0/shortcut_service/launchers/com.google.android.apps.nexuslauncher0.xml
11-06 16:01:12.520 I/SoundTriggerMiddlewareLogging( 1587): LIST_MODULE [client= "com.google.android.googlequicksearchbox"] () -> [ {Id: 0, Implementor: Google Pixel team, Version: 630075724}, {Id: 1, Implementor: android, Version: 1} ]
11-06 16:01:12.520 I/SoundTriggerMiddlewareLogging( 1587): ATTACH [client= "com.google.android.googlequicksearchbox2"] (0, android.hardware.soundtrigger.SoundTriggerModule$EventHandlerDelegate@a314cfa, false) -> com.android.server.soundtrigger_middleware.SoundTriggerModule$Session@3415b1c
11-06 16:01:12.522 I/SoundTriggerMiddlewareLogging( 1587): LIST_MODULE [client= "com.google.android.googlequicksearchbox"] () -> [ {Id: 0, Implementor: Google Pixel team, Version: 630075724}, {Id: 1, Implementor: android, Version: 1} ]
11-06 16:01:12.523 W/NetworkPolicy( 1587): shared quota unsupported; generating rule for each iface
11-06 16:01:12.544 D/ShortcutService( 1587): Saving package item com.google.android.youtube to /data/system_ce/0/shortcut_service/packages/com.google.android.youtube.xml
11-06 16:01:12.551 D/ShortcutService( 1587): Getting shortcuts for launcher= com.google.android.asuser=0 pkg=com.android.vending
11-06 16:01:12.552 D/ShortcutService( 1587): Getting shortcuts for launcher= com.google.android.apps.nexuslauncheruser=0 pkg=com.android.vending
11-06 16:01:12.552 W/UserManagerService( 1587): onShortcutChanged for another profile 0 from 10
11-06 16:01:12.552 D/ShortcutService( 1587): Getting shortcuts for launcher= com.android.systemuiuser=0 pkg=com.android.vending
11-06 16:01:12.568 D/CompatChangeReporter( 1587): Compat change id reported: 151861875; UID 10068; state: ENABLED
11-06 16:01:12.580 I/ActivityManager( 1587): Start proc 7418:com.android.providers.calendar/u0a68 for broadcast {com.android.providers.calendar/com.android.providers.calendar.CalendarReceiver}
11-06 16:01:12.608 I/RemoteContentProtectionService( 1587): Connection status for: ComponentInfo{com.google.android.odad/com.google.android.apps.miphone.odad.contentprotection.ContentProtectionService} changed to: connected
11-06 16:01:12.650 D/CompatChangeReporter( 1587): Compat change id reported: 311208749; UID 10142; state: ENABLED
11-06 16:01:12.651 I/ActivityManager( 1587): Background started FGS: Allowed [callingPackage: com.google.android.odad; callingUid: 10142; uidState: IMPF; uidBFSL: n/a; intent: Intent { cmp=com.google.android.odad/com.google.android.apps.miphone.odad.backgroundwork.impl.WorkService (has extras) }; code:BACKGROUND_ACTIVITY_PERMISSION; tempAllowListReason:<null>; targetSdkVersion:35; callerTargetSdkVersion:35; startForegroundCount:0; bindFromPackage:null: isBindService:false]
