11-06 16:00:51.460 D/SystemServerTimingAsync( 1587): ssm.onCompletedEventUser-10_{|Starting|}_com.android.server.DeviceIdleController
11-06 16:00:51.460 D/SystemServerTimingAsync( 1587): ssm.onCompletedEventUser-10_{|Starting|}_com.android.server.pdb.PersistentDataBlockService
11-06 16:00:51.460 D/SystemServerTimingAsync( 1587): ssm.onCompletedEventUser-10_{|Starting|}_com.android.server.devicepolicy.DevicePolicyManagerService$Lifecycle
11-06 16:00:51.460 D/SystemServerTimingAsync( 1587): ssm.onCompletedEventUser-10_{|Starting|}_com.android.server.musicrecognition.MusicRecognitionManagerService
11-06 16:00:51.460 I/SystemServiceManager( 1587): Skipping CompletedEventUser-10 on com.android.server.healthconnect.HealthConnectManagerService
11-06 16:00:51.460 D/SystemServerTimingAsync( 1587): ssm.onCompletedEventUser-10_{|Starting|}_com.android.server.attention.AttentionManagerService
11-06 16:00:51.460 D/SystemServerTimingAsync( 1587): ssm.onCompletedEventUser-10_{|Starting|}_com.android.server.rotationresolver.RotationResolverManagerService
11-06 16:00:51.460 D/SystemServerTimingAsync( 1587): ssm.onCompletedEventUser-10_{|Starting|}_com.android.server.contentcapture.ContentCaptureManagerService
11-06 16:00:51.460 D/SystemServerTimingAsync( 1587): ssm.onCompletedEventUser-10_{|Starting|}_com.android.server.systemcaptions.SystemCaptionsManagerService
11-06 16:00:51.460 D/SystemServerTimingAsync( 1587): ssm.onCompletedEventUser-10_{|Starting|}_com.android.server.wearable.WearableSensingManagerService
11-06 16:00:51.460 D/SystemServerTimingAsync( 1587): ssm.onCompletedEventUser-10_{|Starting|}_com.android.server.texttospeech.TextToSpeechManagerService
11-06 16:00:51.460 D/SystemServerTimingAsync( 1587): ssm.onCompletedEventUser-10_{|Starting|}_com.android.server.ondeviceintelligence.OnDeviceIntelligenceManagerService
11-06 16:00:51.460 D/SystemServerTimingAsync( 1587): ssm.onCompletedEventUser-10_{|Starting|}_com.android.server.ambientcontext.AmbientContextManagerService
11-06 16:00:51.460 D/SystemServerTimingAsync( 1587): ssm.onCompletedEventUser-10_{|Starting|}_com.android.server.appprediction.AppPredictionManagerService
11-06 16:00:51.460 D/SystemServerTimingAsync( 1587): ssm.onCompletedEventUser-10_{|Starting|}_com.android.server.speech.SpeechRecognitionManagerService
11-06 16:00:51.460 D/SystemServerTimingAsync( 1587): ssm.onCompletedEventUser-10_{|Starting|}_com.android.server.contentsuggestions.ContentSuggestionsManagerService
11-06 16:00:51.460 D/SystemServerTimingAsync( 1587): ssm.onCompletedEventUser-10_{|Starting|}_com.android.server.searchui.SearchUiManagerService
11-06 16:00:51.460 D/SystemServerTimingAsync( 1587): ssm.onCompletedEventUser-10_{|Starting|}_com.android.server.smartspace.SmartspaceManagerService
11-06 16:00:51.460 D/SystemServerTimingAsync( 1587): ssm.onCompletedEventUser-10_{|Starting|}_com.android.server.graphics.fonts.FontManagerService$Lifecycle
11-06 16:00:51.460 D/SystemServerTimingAsync( 1587): ssm.onCompletedEventUser-10_{|Starting|}_com.android.server.textservices.TextServicesManagerService$Lifecycle
11-06 16:00:51.460 D/SystemServerTimingAsync( 1587): ssm.onCompletedEventUser-10_{|Starting|}_com.android.server.textclassifier.TextClassificationManagerService$Lifecycle
11-06 16:00:51.460 D/SystemServerTimingAsync( 1587): ssm.onCompletedEventUser-10_{|Starting|}_com.android.server.NetworkScoreService$Lifecycle
11-06 16:00:51.460 D/SystemServerTimingAsync( 1587): ssm.onCompletedEventUser-10_{|Starting|}_com.android.server.NetworkStatsServiceInitializer
11-06 16:00:51.460 D/SystemServerTimingAsync( 1587): ssm.onCompletedEventUser-10_{|Starting|}_com.android.server.wifi.WifiService
11-06 16:00:51.460 D/SystemServerTimingAsync( 1587): ssm.onCompletedEventUser-10_{|Starting|}_com.android.server.wifi.scanner.WifiScanningService
11-06 16:00:51.460 D/SystemServerTimingAsync( 1587): ssm.onCompletedEventUser-10_{|Starting|}_com.android.server.contextualsearch.ContextualSearchManagerService
11-06 16:00:51.460 D/SystemServerTimingAsync( 1587): ssm.onCompletedEventUser-10_{|Starting|}_com.android.server.wifi.aware.WifiAwareService
11-06 16:00:51.460 D/SystemServerTimingAsync( 1587): ssm.onCompletedEventUser-10_{|Starting|}_com.android.server.wifi.p2p.WifiP2pService
11-06 16:00:51.460 D/SystemServerTimingAsync( 1587): ssm.onCompletedEventUser-10_{|Starting|}_com.android.server.ConnectivityServiceInitializer
11-06 16:00:51.460 D/SystemServerTimingAsync( 1587): ssm.onCompletedEventUser-10_{|Starting|}_com.android.server.notification.NotificationManagerService
11-06 16:00:51.460 D/SystemServerTimingAsync( 1587): ssm.onCompletedEventUser-10_{|Starting|}_com.android.server.wifi.rtt.RttService
11-06 16:00:51.460 D/SystemServerTimingAsync( 1587): ssm.onCompletedEventUser-10_{|Starting|}_com.android.server.timedetector.TimeDetectorService$Lifecycle
11-06 16:00:51.460 D/SystemServerTimingAsync( 1587): ssm.onCompletedEventUser-10_{|Starting|}_com.android.server.location.LocationManagerService$Lifecycle
11-06 16:00:51.460 D/SystemServerTimingAsync( 1587): ssm.onCompletedEventUser-10_{|Starting|}_com.android.server.timezonedetector.TimeZoneDetectorService$Lifecycle
11-06 16:00:51.460 D/SystemServerTimingAsync( 1587): ssm.onCompletedEventUser-10_{|Starting|}_com.android.server.location.altitude.AltitudeService$Lifecycle
11-06 16:00:51.460 D/SystemServerTimingAsync( 1587): ssm.onCompletedEventUser-10_{|Starting|}_com.android.server.timezonedetector.location.LocationTimeZoneManagerService$Lifecycle
11-06 16:00:51.460 D/SystemServerTimingAsync( 1587): ssm.onCompletedEventUser-10_{|Starting|}_com.android.server.storage.DeviceStorageMonitorService
11-06 16:00:51.460 D/SystemServerTimingAsync( 1587): ssm.onCompletedEventUser-10_{|Starting|}_com.android.server.wallpaper.WallpaperManagerService$Lifecycle
11-06 16:00:51.460 D/SystemServerTimingAsync( 1587): ssm.onCompletedEventUser-10_{|Starting|}_com.android.server.search.SearchManagerService$Lifecycle
11-06 16:00:51.460 D/SystemServerTimingAsync( 1587): ssm.onCompletedEventUser-10_{|Starting|}_com.android.server.audio.AudioService$Lifecycle
11-06 16:00:51.461 D/SystemServerTimingAsync( 1587): ssm.onCompletedEventUser-10_{|Starting|}_com.android.server.soundtrigger_middleware.SoundTriggerMiddlewareService$Lifecycle
11-06 16:00:51.461 D/SystemServerTimingAsync( 1587): ssm.onCompletedEventUser-10_{|Starting|}_com.android.server.DockObserver
11-06 16:00:51.461 D/SystemServerTimingAsync( 1587): ssm.onCompletedEventUser-10_{|Starting|}_com.android.server.midi.MidiService$Lifecycle
11-06 16:00:51.461 D/SystemServerTimingAsync( 1587): ssm.onCompletedEventUser-10_{|Starting|}_com.android.server.wallpapereffectsgeneration.WallpaperEffectsGenerationManagerService
11-06 16:00:51.461 D/SystemServerTimingAsync( 1587): ssm.onCompletedEventUser-10_{|Starting|}_com.android.server.usb.UsbService$Lifecycle
11-06 16:00:51.461 D/SystemServerTimingAsync( 1587): ssm.onCompletedEventUser-10_{|Starting|}_com.android.server.SerialService$Lifecycle
11-06 16:00:51.461 D/SystemServerTimingAsync( 1587): ssm.onCompletedEventUser-10_{|Starting|}_com.android.server.twilight.TwilightService
11-06 16:00:51.461 D/SystemServerTimingAsync( 1587): ssm.onCompletedEventUser-10_{|Starting|}_com.android.server.display.color.ColorDisplayService
11-06 16:00:51.461 D/SystemServerTimingAsync( 1587): ssm.onCompletedEventUser-10_{|Starting|}_com.android.server.soundtrigger.SoundTriggerService
11-06 16:00:51.461 D/SystemServerTimingAsync( 1587): ssm.onCompletedEventUser-10_{|Starting|}_com.android.server.trust.TrustManagerService
11-06 16:00:51.461 D/SystemServerTimingAsync( 1587): ssm.onCompletedEventUser-10_{|Starting|}_com.android.server.backup.BackupManagerService$Lifecycle
11-06 16:00:51.461 D/SystemServerTimingAsync( 1587): ssm.onCompletedEventUser-10_{|Starting|}_com.android.server.job.JobSchedulerService
11-06 16:00:51.461 D/SystemServerTimingAsync( 1587): ssm.onCompletedEventUser-10_{|Starting|}_com.android.server.appwidget.AppWidgetService
11-06 16:00:51.461 D/SystemServerTimingAsync( 1587): ssm.onCompletedEventUser-10_{|Starting|}_com.android.server.GestureLauncherService
11-06 16:00:51.461 D/SystemServerTimingAsync( 1587): ssm.onCompletedEventUser-10_{|Starting|}_com.android.server.SensorNotificationService
11-06 16:00:51.461 D/SystemServerTimingAsync( 1587): ssm.onCompletedEventUser-10_{|Starting|}_com.android.server.adb.AdbService$Lifecycle
11-06 16:00:51.461 D/SystemServerTimingAsync( 1587): ssm.onCompletedEventUser-10_{|Starting|}_com.android.server.emergency.EmergencyAffordanceService
11-06 16:00:51.461 D/SystemServerTimingAsync( 1587): ssm.onCompletedEventUser-10_{|Starting|}_com.android.server.blob.BlobStoreManagerService
11-06 16:00:51.461 D/SystemServerTimingAsync( 1587): ssm.onCompletedEventUser-10_{|Starting|}_com.android.server.dreams.DreamManagerService
11-06 16:00:51.461 D/SystemServerTimingAsync( 1587): ssm.onCompletedEventUser-10_{|Starting|}_com.android.server.print.PrintManagerService
11-06 16:00:51.461 D/SystemServerTimingAsync( 1587): ssm.onCompletedEventUser-10_{|Starting|}_com.android.server.ContextHubSystemService
11-06 16:00:51.461 D/SystemServerTimingAsync( 1587): ssm.onCompletedEventUser-10_{|Starting|}_com.android.server.security.AttestationVerificationManagerService
11-06 16:00:51.461 D/SystemServerTimingAsync( 1587): ssm.onCompletedEventUser-10_{|Starting|}_com.android.server.companion.virtual.VirtualDeviceManagerService
11-06 16:00:51.461 D/SystemServerTimingAsync( 1587): ssm.onCompletedEventUser-10_{|Starting|}_com.android.server.restrictions.RestrictionsManagerService
11-06 16:00:51.461 D/SystemServerTimingAsync( 1587): ssm.onCompletedEventUser-10_{|Starting|}_com.android.server.media.MediaSessionService
11-06 16:00:51.461 D/SystemServerTimingAsync( 1587): ssm.onCompletedEventUser-10_{|Starting|}_com.android.server.media.MediaResourceMonitorService
11-06 16:00:51.461 D/SystemServerTimingAsync( 1587): ssm.onCompletedEventUser-10_{|Starting|}_com.android.server.biometrics.sensors.fingerprint.FingerprintService
11-06 16:00:51.461 D/SystemServerTimingAsync( 1587): ssm.onCompletedEventUser-10_{|Starting|}_com.android.server.biometrics.BiometricService
11-06 16:00:51.461 D/SystemServerTimingAsync( 1587): ssm.onCompletedEventUser-10_{|Starting|}_com.android.server.companion.CompanionDeviceManagerService
11-06 16:00:51.461 D/SystemServerTimingAsync( 1587): ssm.onCompletedEventUser-10_{|Starting|}_com.android.server.adaptiveauth.AdaptiveAuthService
11-06 16:00:51.461 D/SystemServerTimingAsync( 1587): ssm.onCompletedEventUser-10_{|Starting|}_com.android.server.biometrics.AuthService
11-06 16:00:51.461 D/SystemServerTimingAsync( 1587): ssm.onCompletedEventUser-10_{|Starting|}_com.android.server.pm.ShortcutService$Lifecycle
11-06 16:00:51.461 D/SystemServerTimingAsync( 1587): ssm.onCompletedEventUser-10_{|Starting|}_com.android.server.people.PeopleService
11-06 16:00:51.461 D/SystemServerTimingAsync( 1587): ssm.onCompletedEventUser-10_{|Starting|}_com.android.server.pm.CrossProfileAppsService
11-06 16:00:51.461 D/SystemServerTimingAsync( 1587): ssm.onCompletedEventUser-10_{|Starting|}_com.android.server.media.metrics.MediaMetricsManagerService
11-06 16:00:51.461 D/SystemServerTimingAsync( 1587): ssm.onCompletedEventUser-10_{|Starting|}_com.android.server.pm.LauncherAppsService
11-06 16:00:51.462 D/SystemServerTimingAsync( 1587): ssm.onCompletedEventUser-10_{|Starting|}_com.android.server.media.projection.MediaProjectionManagerService
11-06 16:00:51.462 D/SystemServerTimingAsync( 1587): ssm.onCompletedEventUser-10_{|Starting|}_com.android.server.slice.SliceManagerService$Lifecycle
11-06 16:00:51.462 D/SystemServerTimingAsync( 1587): ssm.onCompletedEventUser-10_{|Starting|}_com.android.server.stats.StatsCompanion$Lifecycle
11-06 16:00:51.462 D/SystemServerTimingAsync( 1587): ssm.onCompletedEventUser-10_{|Starting|}_com.android.server.stats.pull.StatsPullAtomService
11-06 16:00:51.462 D/SystemServerTimingAsync( 1587): ssm.onCompletedEventUser-10_{|Starting|}_com.android.server.pm.BackgroundInstallControlService
11-06 16:00:51.462 D/SystemServerTimingAsync( 1587): ssm.onCompletedEventUser-10_{|Starting|}_com.android.server.stats.bootstrap.StatsBootstrapAtomService$Lifecycle
11-06 16:00:51.462 D/SystemServerTimingAsync( 1587): ssm.onCompletedEventUser-10_{|Starting|}_com.android.server.incident.IncidentCompanionService
11-06 16:00:51.462 D/SystemServerTimingAsync( 1587): ssm.onCompletedEventUser-10_{|Starting|}_com.android.server.scheduling.RebootReadinessManagerService$Lifecycle
11-06 16:00:51.462 D/SystemServerTimingAsync( 1587): ssm.onCompletedEventUser-10_{|Starting|}_com.android.server.sdksandbox.SdkSandboxManagerService$Lifecycle
11-06 16:00:51.462 D/SystemServerTimingAsync( 1587): ssm.onCompletedEventUser-10_{|Starting|}_com.android.server.adservices.AdServicesManagerService$Lifecycle
11-06 16:00:51.462 D/SystemServerTimingAsync( 1587): ssm.onCompletedEventUser-10_{|Starting|}_android.os.profiling.ProfilingService$Lifecycle
11-06 16:00:51.462 D/SystemServerTimingAsync( 1587): ssm.onCompletedEventUser-10_{|Starting|}_com.android.server.MmsServiceBroker
11-06 16:00:51.462 D/SystemServerTimingAsync( 1587): ssm.onCompletedEventUser-10_{|Starting|}_com.android.server.autofill.AutofillManagerService
11-06 16:00:51.462 D/SystemServerTimingAsync( 1587): ssm.onCompletedEventUser-10_{|Starting|}_com.android.server.credentials.CredentialManagerService
11-06 16:00:51.462 D/SystemServerTimingAsync( 1587): ssm.onCompletedEventUser-10_{|Starting|}_com.android.server.ondevicepersonalization.OnDevicePersonalizationSystemService$Lifecycle
11-06 16:00:51.462 D/SystemServerTimingAsync( 1587): ssm.onCompletedEventUser-10_{|Starting|}_com.android.server.translation.TranslationManagerService
11-06 16:00:51.462 D/SystemServerTimingAsync( 1587): ssm.onCompletedEventUser-10_{|Starting|}_com.android.server.clipboard.ClipboardService
11-06 16:00:51.462 D/SystemServerTimingAsync( 1587): ssm.onCompletedEventUser-10_{|Starting|}_com.android.server.tracing.TracingServiceProxy
11-06 16:00:51.462 D/SystemServerTimingAsync( 1587): ssm.onCompletedEventUser-10_{|Starting|}_com.android.server.appbinding.AppBindingService$Lifecycle
11-06 16:00:51.462 D/SystemServerTimingAsync( 1587): ssm.onCompletedEventUser-10_{|Starting|}_com.android.server.pm.StagingManager$Lifecycle
11-06 16:00:51.462 D/SystemServerTimingAsync( 1587): ssm.onCompletedEventUser-10_{|Starting|}_com.android.server.app.GameManagerService$Lifecycle
11-06 16:00:51.462 D/SystemServerTimingAsync( 1587): ssm.onCompletedEventUser-10_{|Starting|}_com.android.server.uwb.UwbService
11-06 16:00:51.462 D/SystemServerTimingAsync( 1587): ssm.onCompletedEventUser-10_{|Starting|}_com.android.safetycenter.SafetyCenterService
11-06 16:00:51.462 D/SystemServerTimingAsync( 1587): ssm.onCompletedEventUser-10_{|Starting|}_com.android.server.appsearch.AppSearchModule$Lifecycle
11-06 16:00:51.462 D/SystemServerTimingAsync( 1587): ssm.onCompletedEventUser-10_{|Starting|}_com.android.server.compos.IsolatedCompilationService
11-06 16:00:51.462 D/SystemServerTimingAsync( 1587): ssm.onCompletedEventUser-10_{|Starting|}_com.android.server.policy.PermissionPolicyService
11-06 16:00:51.462 D/SystemServerTimingAsync( 1587): ssm.onCompletedEventUser-10_{|Starting|}_com.android.server.compat.overrides.AppCompatOverridesService$Lifecycle
11-06 16:00:51.462 D/SystemServerTimingAsync( 1587): ssm.onCompletedEventUser-10_{|Starting|}_com.android.server.media.MediaCommunicationService
11-06 16:00:51.467 I/SystemServiceManager( 1587): Skipping CompletedEventUser-10 on com.android.server.devicelock.DeviceLockService
11-06 16:00:51.467 D/SystemServerTimingAsync( 1587): ssm.onCompletedEventUser-10_{|Starting|}_com.android.server.SensitiveContentProtectionManagerService
11-06 16:00:51.468 D/SystemServerTimingAsync( 1587): ssm.onCompletedEventUser-10_{|Starting|}_com.android.system.virtualmachine.VirtualizationSystemService
11-06 16:00:52.233 E/AppOps  ( 1587): attributionTag VCN not declared in manifest of android
11-06 16:00:52.234 E/AppOps  ( 1587): attributionTag VCN not declared in manifest of android
11-06 16:00:52.238 E/AppOps  ( 1587): attributionTag VCN not declared in manifest of android
11-06 16:00:52.240 E/AppOps  ( 1587): attributionTag VCN not declared in manifest of android
11-06 16:00:52.242 E/AppOps  ( 1587): attributionTag VCN not declared in manifest of android
11-06 16:00:52.242 E/AppOps  ( 1587): attributionTag VCN not declared in manifest of android
11-06 16:00:52.253 W/ContextImpl( 1587): Calling a method in the system process without a qualified user: android.app.ContextImpl.sendBroadcastMultiplePermissions:1299 android.content.Context.sendBroadcastMultiplePermissions:2522 com.android.server.TelephonyRegistry.broadcastServiceStateChanged:3697 com.android.server.TelephonyRegistry.notifyServiceStateForPhoneId:1759 com.android.internal.telephony.ITelephonyRegistry$Stub.onTransact:546 
11-06 16:00:52.256 W/ContextImpl( 1587): Calling a method in the system process without a qualified user: android.app.ContextImpl.sendBroadcastMultiplePermissions:1332 com.android.server.TelephonyRegistry.broadcastServiceStateChanged:3702 com.android.server.TelephonyRegistry.notifyServiceStateForPhoneId:1759 com.android.internal.telephony.ITelephonyRegistry$Stub.onTransact:546 android.os.Binder.execTransactInternal:1500 
11-06 16:00:52.258 W/ContextImpl( 1587): Calling a method in the system process without a qualified user: android.app.ContextImpl.sendBroadcastMultiplePermissions:1332 com.android.server.TelephonyRegistry.broadcastServiceStateChanged:3711 com.android.server.TelephonyRegistry.notifyServiceStateForPhoneId:1759 com.android.internal.telephony.ITelephonyRegistry$Stub.onTransact:546 android.os.Binder.execTransactInternal:1500 
11-06 16:00:52.259 W/NetworkPolicy( 1587): shared quota unsupported; generating rule for each iface
11-06 16:00:52.259 W/ContextImpl( 1587): Calling a method in the system process without a qualified user: android.app.ContextImpl.sendBroadcastMultiplePermissions:1332 com.android.server.TelephonyRegistry.broadcastServiceStateChanged:3717 com.android.server.TelephonyRegistry.notifyServiceStateForPhoneId:1759 com.android.internal.telephony.ITelephonyRegistry$Stub.onTransact:546 android.os.Binder.execTransactInternal:1500 
11-06 16:00:52.288 W/ActivityManager( 1587): Unable to start service Intent { cmp=com.google.android.dialer/com.google.apps.tiktok.concurrent.AndroidFuturesService (has extras) } U=0: not found
11-06 16:00:52.292 I/Telecom ( 1587): TelecomServiceImpl$1: registerPhoneAccount: account=[[ ] PhoneAccount: ComponentInfo{com.android.phone/com.android.services.telephony.TelephonyConnectionService}, 4, UserHandle{0} Capabilities: CallProvider MultiUser PlaceEmerg SimSub  Audio Routes: BESW Schemes: tel voicemail  Extras: Bundle[{android.telecom.extra.SUPPORTS_VIDEO_CALLING_FALLBACK=true}] GroupId: *** SC Restrictions: [ ]]: TSI.rPA(cap)@AH4
11-06 16:00:52.295 I/Telecom ( 1587): PhoneAccountRegistrar: Modify account: [ComponentInfo{com.android.phone/com.android.services.telephony.TelephonyConnectionService}, 4, UserHandle{0}]: TSI.rPA(cap)@AH4
11-06 16:00:52.295 I/Telecom ( 1587): PhoneAccountRegistrar: setUserSelectedOutgoingPhoneAccount: ComponentInfo{com.android.phone/com.android.services.telephony.TelephonyConnectionService}, 4, UserHandle{0}: TSI.rPA(cap)@AH4
11-06 16:00:52.295 I/Telecom ( 1587): PhoneAccountRegistrar: setUserSelectedOutgoingPhoneAccount: no change in default phoneAccountHandle.  current is same as new.: TSI.rPA(cap)@AH4
11-06 16:00:52.298 I/Telecom ( 1587): CallsManager: handlePhoneAccountChanged: phoneAccount=[[X] PhoneAccount: ComponentInfo{com.android.phone/com.android.services.telephony.TelephonyConnectionService}, 4, UserHandle{0} Capabilities: CallProvider MultiUser PlaceEmerg SimSub  Audio Routes: BESW Schemes: tel voicemail  Extras: Bundle[{android.telecom.extra.SUPPORTS_VIDEO_CALLING_FALLBACK=true}] GroupId: *** SC Restrictions: [ ]]: TSI.rPA(cap)@AH4
11-06 16:00:52.301 I/Telecom ( 1587): PhoneAccountRegistrar: getSimCallManager: SimCallManager for subId 4 queried, returning: null: TSI.rPA(cap)@AH4
11-06 16:00:52.301 I/Telecom ( 1587): PhoneAccountRegistrar: Notifying telephony of voice service override change for 1 SIMs, hasService = false: TSI.rPA(cap)@AH4
11-06 16:00:52.319 W/ContextImpl( 1587): Calling a method in the system process without a qualified user: android.app.ContextImpl.sendBroadcastMultiplePermissions:1299 android.content.Context.sendBroadcastMultiplePermissions:2522 com.android.server.TelephonyRegistry.broadcastServiceStateChanged:3697 com.android.server.TelephonyRegistry.notifyServiceStateForPhoneId:1759 com.android.internal.telephony.ITelephonyRegistry$Stub.onTransact:546 
11-06 16:00:52.320 W/ContextImpl( 1587): Calling a method in the system process without a qualified user: android.app.ContextImpl.sendBroadcastMultiplePermissions:1332 com.android.server.TelephonyRegistry.broadcastServiceStateChanged:3702 com.android.server.TelephonyRegistry.notifyServiceStateForPhoneId:1759 com.android.internal.telephony.ITelephonyRegistry$Stub.onTransact:546 android.os.Binder.execTransactInternal:1500 
11-06 16:00:52.321 W/ContextImpl( 1587): Calling a method in the system process without a qualified user: android.app.ContextImpl.sendBroadcastMultiplePermissions:1332 com.android.server.TelephonyRegistry.broadcastServiceStateChanged:3711 com.android.server.TelephonyRegistry.notifyServiceStateForPhoneId:1759 com.android.internal.telephony.ITelephonyRegistry$Stub.onTransact:546 android.os.Binder.execTransactInternal:1500 
11-06 16:00:52.322 W/ContextImpl( 1587): Calling a method in the system process without a qualified user: android.app.ContextImpl.sendBroadcastMultiplePermissions:1332 com.android.server.TelephonyRegistry.broadcastServiceStateChanged:3717 com.android.server.TelephonyRegistry.notifyServiceStateForPhoneId:1759 com.android.internal.telephony.ITelephonyRegistry$Stub.onTransact:546 android.os.Binder.execTransactInternal:1500 
11-06 16:00:52.334 I/Telecom ( 1587): TelecomServiceImpl$1: registerPhoneAccount: account=[[ ] PhoneAccount: ComponentInfo{com.android.phone/com.android.services.telephony.TelephonyConnectionService}, 4, UserHandle{0} Capabilities: CallProvider MultiUser PlaceEmerg SimSub  Audio Routes: BESW Schemes: tel voicemail  Extras: Bundle[{android.telecom.extra.SUPPORTS_VIDEO_CALLING_FALLBACK=true}] GroupId: *** SC Restrictions: [ ]]: TSI.rPA(cap)@AIE
11-06 16:00:52.336 I/Telecom ( 1587): PhoneAccountRegistrar: Modify account: [ComponentInfo{com.android.phone/com.android.services.telephony.TelephonyConnectionService}, 4, UserHandle{0}]: TSI.rPA(cap)@AIE
11-06 16:00:52.336 I/Telecom ( 1587): PhoneAccountRegistrar: setUserSelectedOutgoingPhoneAccount: ComponentInfo{com.android.phone/com.android.services.telephony.TelephonyConnectionService}, 4, UserHandle{0}: TSI.rPA(cap)@AIE
11-06 16:00:52.336 I/Telecom ( 1587): PhoneAccountRegistrar: setUserSelectedOutgoingPhoneAccount: no change in default phoneAccountHandle.  current is same as new.: TSI.rPA(cap)@AIE
11-06 16:00:52.338 I/Telecom ( 1587): CallsManager: handlePhoneAccountChanged: phoneAccount=[[X] PhoneAccount: ComponentInfo{com.android.phone/com.android.services.telephony.TelephonyConnectionService}, 4, UserHandle{0} Capabilities: CallProvider MultiUser PlaceEmerg SimSub  Audio Routes: BESW Schemes: tel voicemail  Extras: Bundle[{android.telecom.extra.SUPPORTS_VIDEO_CALLING_FALLBACK=true}] GroupId: *** SC Restrictions: [ ]]: TSI.rPA(cap)@AIE
11-06 16:00:52.342 I/Telecom ( 1587): PhoneAccountRegistrar: getSimCallManager: SimCallManager for subId 4 queried, returning: null: TSI.rPA(cap)@AIE
11-06 16:00:52.342 I/Telecom ( 1587): PhoneAccountRegistrar: Notifying telephony of voice service override change for 1 SIMs, hasService = false: TSI.rPA(cap)@AIE
11-06 16:00:52.443 I/Telecom ( 1587): TelecomServiceImpl$1: registerPhoneAccount: account=[[ ] PhoneAccount: ComponentInfo{com.android.phone/com.android.services.telephony.TelephonyConnectionService}, 4, UserHandle{0} Capabilities: CallProvider MultiUser PlaceEmerg SimSub  Audio Routes: BESW Schemes: tel voicemail  Extras: Bundle[{android.telecom.extra.SUPPORTS_VIDEO_CALLING_FALLBACK=true}] GroupId: *** SC Restrictions: [ ]]: TSI.rPA(cap)@AIQ
11-06 16:00:52.449 I/Telecom ( 1587): PhoneAccountRegistrar: Modify account: [ComponentInfo{com.android.phone/com.android.services.telephony.TelephonyConnectionService}, 4, UserHandle{0}]: TSI.rPA(cap)@AIQ
11-06 16:00:52.449 I/Telecom ( 1587): PhoneAccountRegistrar: setUserSelectedOutgoingPhoneAccount: ComponentInfo{com.android.phone/com.android.services.telephony.TelephonyConnectionService}, 4, UserHandle{0}: TSI.rPA(cap)@AIQ
11-06 16:00:52.449 I/Telecom ( 1587): PhoneAccountRegistrar: setUserSelectedOutgoingPhoneAccount: no change in default phoneAccountHandle.  current is same as new.: TSI.rPA(cap)@AIQ
11-06 16:00:52.455 I/Telecom ( 1587): CallsManager: handlePhoneAccountChanged: phoneAccount=[[X] PhoneAccount: ComponentInfo{com.android.phone/com.android.services.telephony.TelephonyConnectionService}, 4, UserHandle{0} Capabilities: CallProvider MultiUser PlaceEmerg SimSub  Audio Routes: BESW Schemes: tel voicemail  Extras: Bundle[{android.telecom.extra.SUPPORTS_VIDEO_CALLING_FALLBACK=true}] GroupId: *** SC Restrictions: [ ]]: TSI.rPA(cap)@AIQ
11-06 16:00:52.457 I/Telecom ( 1587): PhoneAccountRegistrar: getSimCallManager: SimCallManager for subId 4 queried, returning: null: TSI.rPA(cap)@AIQ
11-06 16:00:52.458 I/Telecom ( 1587): PhoneAccountRegistrar: Notifying telephony of voice service override change for 1 SIMs, hasService = false: TSI.rPA(cap)@AIQ
11-06 16:00:52.493 D/CompatChangeReporter( 1587): Compat change id reported: 311208629; UID 10115; state: ENABLED
11-06 16:00:52.562 W/ActivityThread( 2246): Failed to find provider info for com.android.contacts (user not unlocked)
11-06 16:00:52.597 W/ActivityManager( 1587): Unable to start service Intent { act=com.google.android.gms.phenotype.service.START pkg=com.google.android.gms } U=0: not found
11-06 16:00:52.597 W/ActivityManager( 1587): Unbind failed: could not find connection for android.os.BinderProxy@edbfd49
11-06 16:00:52.845 W/ActivityManager( 1587): Unable to start service Intent { act=com.google.android.gms.phenotype.service.START pkg=com.google.android.gms } U=0: not found
11-06 16:00:52.846 W/ActivityManager( 1587): Unbind failed: could not find connection for android.os.BinderProxy@c105b0d
11-06 16:00:52.861 D/CompatChangeReporter( 1587): Compat change id reported: 261072174; UID 10125; state: ENABLED
11-06 16:00:53.047 V/DisplayPowerController2[0]( 1587): Brightness [0.05] reason changing to: 'manual [ dim ]', previous reason: 'manual'.
11-06 16:00:53.047 I/DisplayPowerController2[0]( 1587): BrightnessEvent: disp=0, physDisp=local:4619827677550801152, displayState=ON, displayPolicy=DIM, brt=0.05, initBrt=0.62, rcmdBrt=NaN, preBrt=NaN, lux=0.0, preLux=0.0, hbmMax=0.62, hbmMode=off, rbcStrength=50, thrmMax=1.0, powerFactor=1.0, wasShortTermModelActive=false, flags=, reason=manual [ dim ], autoBrightness=false, strategy=InvalidBrightnessStrategy, autoBrightnessMode=default
11-06 16:00:54.017 W/ActivityManager( 1587): Unable to start service Intent { act=com.google.android.gms.phenotype.service.START pkg=com.google.android.gms } U=0: not found
11-06 16:00:54.017 W/ActivityManager( 1587): Unbind failed: could not find connection for android.os.BinderProxy@772b19f
11-06 16:00:54.146 W/ActivityManager( 1587): Unable to start service Intent { act=com.google.android.gms.phenotype.service.START pkg=com.google.android.gms } U=0: not found
11-06 16:00:54.147 W/ActivityManager( 1587): Unbind failed: could not find connection for android.os.BinderProxy@dda74c
11-06 16:00:54.526 W/BroadcastLoopers( 1587): Found previously unknown looper Thread[PackageManager,5,main]
11-06 16:00:54.565 W/BroadcastLoopers( 1587): Found previously unknown looper Thread[appscheduling.default,5,main]
11-06 16:00:54.567 W/AppOpService( 1587): Ignored setUidMode call for runtime permission app op: uid = 10148, code = READ_CELL_BROADCASTS, mode = allow, callingUid = 1001, oldMode = allow
11-06 16:00:54.571 W/AppOpService( 1587): Ignored setUidMode call for runtime permission app op: uid = 1001, code = READ_SMS, mode = allow, callingUid = 1001, oldMode = allow
11-06 16:00:54.572 W/AppOpService( 1587): Ignored setUidMode call for runtime permission app op: uid = 1001, code = RECEIVE_SMS, mode = allow, callingUid = 1001, oldMode = allow
11-06 16:00:54.572 W/AppOpService( 1587): Ignored setUidMode call for runtime permission app op: uid = 1001, code = RECEIVE_WAP_PUSH, mode = allow, callingUid = 1001, oldMode = allow
11-06 16:00:54.572 W/AppOpService( 1587): Ignored setUidMode call for runtime permission app op: uid = 1001, code = SEND_SMS, mode = allow, callingUid = 1001, oldMode = allow
11-06 16:00:54.573 W/AppOpService( 1587): Ignored setUidMode call for runtime permission app op: uid = 1001, code = READ_CELL_BROADCASTS, mode = allow, callingUid = 1001, oldMode = allow
11-06 16:00:54.578 D/AccessibilityManagerService( 1587): Ignoring non-encryption-aware service ComponentInfo{com.android.systemui.accessibility.accessibilitymenu/com.android.systemui.accessibility.accessibilitymenu.AccessibilityMenuService}
11-06 16:00:54.578 D/AccessibilityManagerService( 1587): Ignoring non-encryption-aware service ComponentInfo{com.google.android.apps.accessibility.voiceaccess/com.google.android.apps.accessibility.voiceaccess.JustSpeakService}
11-06 16:00:54.578 D/AccessibilityManagerService( 1587): Ignoring non-encryption-aware service ComponentInfo{com.google.android.apps.internal.betterbug/com.google.android.apps.betterbug.accessibility.CujMetadataCollectionService}
11-06 16:00:54.582 V/ConditionProviders( 1587): enabling condition provider for 0: ComponentInfo{com.google.android.apps.wellbeing/com.google.android.apps.wellbeing.azr.impl.AzrConditionProviderService}
11-06 16:00:54.582 V/ConditionProviders( 1587): Not registering ComponentInfo{com.google.android.apps.wellbeing/com.google.android.apps.wellbeing.azr.impl.AzrConditionProviderService} is already bound
11-06 16:00:54.583 W/MagnificationConnectionManager( 1587): requestConnection duplicated request: connect=false, mConnectionState=DISCONNECTED
11-06 16:00:54.590 W/AppOpService( 1587): Ignored setUidMode call for runtime permission app op: uid = 10148, code = READ_CELL_BROADCASTS, mode = allow, callingUid = 1001, oldMode = allow
11-06 16:00:54.592 W/AppOpService( 1587): Ignored setUidMode call for runtime permission app op: uid = 1001, code = READ_SMS, mode = allow, callingUid = 1001, oldMode = allow
11-06 16:00:54.592 W/AppOpService( 1587): Ignored setUidMode call for runtime permission app op: uid = 1001, code = RECEIVE_SMS, mode = allow, callingUid = 1001, oldMode = allow
11-06 16:00:54.592 W/AppOpService( 1587): Ignored setUidMode call for runtime permission app op: uid = 1001, code = RECEIVE_WAP_PUSH, mode = allow, callingUid = 1001, oldMode = allow
11-06 16:00:54.592 W/AppOpService( 1587): Ignored setUidMode call for runtime permission app op: uid = 1001, code = SEND_SMS, mode = allow, callingUid = 1001, oldMode = allow
11-06 16:00:54.592 W/AppOpService( 1587): Ignored setUidMode call for runtime permission app op: uid = 1001, code = READ_CELL_BROADCASTS, mode = allow, callingUid = 1001, oldMode = allow
11-06 16:00:54.597 W/AppOpService( 1587): Ignored setUidMode call for runtime permission app op: uid = 10148, code = READ_CELL_BROADCASTS, mode = allow, callingUid = 1001, oldMode = allow
11-06 16:00:54.600 W/AppOpService( 1587): Ignored setUidMode call for runtime permission app op: uid = 1001, code = READ_SMS, mode = allow, callingUid = 1001, oldMode = allow
11-06 16:00:54.600 W/AppOpService( 1587): Ignored setUidMode call for runtime permission app op: uid = 1001, code = RECEIVE_SMS, mode = allow, callingUid = 1001, oldMode = allow
11-06 16:00:54.600 W/AppOpService( 1587): Ignored setUidMode call for runtime permission app op: uid = 1001, code = RECEIVE_WAP_PUSH, mode = allow, callingUid = 1001, oldMode = allow
11-06 16:00:54.600 W/AppOpService( 1587): Ignored setUidMode call for runtime permission app op: uid = 1001, code = SEND_SMS, mode = allow, callingUid = 1001, oldMode = allow
11-06 16:00:54.600 W/AppOpService( 1587): Ignored setUidMode call for runtime permission app op: uid = 1001, code = READ_CELL_BROADCASTS, mode = allow, callingUid = 1001, oldMode = allow
11-06 16:00:54.665 D/AccessibilityManagerService( 1587): Ignoring non-encryption-aware service ComponentInfo{com.android.systemui.accessibility.accessibilitymenu/com.android.systemui.accessibility.accessibilitymenu.AccessibilityMenuService}
11-06 16:00:54.665 D/AccessibilityManagerService( 1587): Ignoring non-encryption-aware service ComponentInfo{com.google.android.apps.accessibility.voiceaccess/com.google.android.apps.accessibility.voiceaccess.JustSpeakService}
11-06 16:00:54.665 D/AccessibilityManagerService( 1587): Ignoring non-encryption-aware service ComponentInfo{com.google.android.apps.internal.betterbug/com.google.android.apps.betterbug.accessibility.CujMetadataCollectionService}
11-06 16:00:54.666 W/MagnificationConnectionManager( 1587): requestConnection duplicated request: connect=false, mConnectionState=DISCONNECTED
11-06 16:00:54.673 D/AccessibilityManagerService( 1587): Ignoring non-encryption-aware service ComponentInfo{com.android.systemui.accessibility.accessibilitymenu/com.android.systemui.accessibility.accessibilitymenu.AccessibilityMenuService}
11-06 16:00:54.673 D/AccessibilityManagerService( 1587): Ignoring non-encryption-aware service ComponentInfo{com.google.android.apps.accessibility.voiceaccess/com.google.android.apps.accessibility.voiceaccess.JustSpeakService}
11-06 16:00:54.673 D/AccessibilityManagerService( 1587): Ignoring non-encryption-aware service ComponentInfo{com.google.android.apps.internal.betterbug/com.google.android.apps.betterbug.accessibility.CujMetadataCollectionService}
11-06 16:00:54.673 W/MagnificationConnectionManager( 1587): requestConnection duplicated request: connect=false, mConnectionState=DISCONNECTED
11-06 16:00:54.727 W/ActivityManager( 1587): Unable to start service Intent { act=com.google.android.gms.phenotype.service.START pkg=com.google.android.gms } U=10: not found
11-06 16:00:54.728 W/ActivityManager( 1587): Unbind failed: could not find connection for android.os.BinderProxy@9780b17
11-06 16:00:54.995 I/keystore2(  535): system/security/keystore2/watchdog/src/lib.rs:319 - Watchdog thread idle -> terminating. Have a great day.
11-06 16:00:55.042 D/OomAdjuster( 1587): Not killing cached processes
11-06 16:00:55.044 I/PowerGroup( 1587): Powering off display group due to timeout (groupId= 0, uid= 1000, millisSinceLastUserActivity=10003, lastUserActivityEvent=other)...
11-06 16:00:55.045 I/PowerManagerService( 1587): Going to sleep due to timeout (uid 1000, screenOffTimeout=30000, activityTimeoutWM=10000, maxDimRatio=0.20000005, maxDimDur=7000)...
11-06 16:00:55.059 D/CoreBackPreview( 1587): Window{84332dd u0 NotificationShade}: Setting back callback null
11-06 16:00:55.141 I/Lyric   (  895): proxy_camera_provider.cc:237: Attempting to rebind to ICameraProvider
11-06 16:00:55.142 W/ActivityManager( 1587): Unable to start service Intent { cmp=com.google.android.apps.camera.services/.connectivity.service.ProxyCameraProviderService } U=0: not found
11-06 16:00:55.143 W/ActivityManager( 1587): Unbind failed: could not find connection for android.os.BinderProxy@20eec24
11-06 16:00:55.177 V/DisplayPowerController2[0]( 1587): Brightness [0.62] reason changing to: 'manual', previous reason: 'manual [ dim ]'.
11-06 16:00:55.178 I/DisplayPowerController2[0]( 1587): BrightnessEvent: disp=0, physDisp=local:4619827677550801152, displayState=ON, displayPolicy=OFF, brt=0.62, initBrt=0.05, rcmdBrt=NaN, preBrt=NaN, lux=0.0, preLux=0.0, hbmMax=0.62, hbmMode=off, rbcStrength=50, thrmMax=1.0, powerFactor=1.0, wasShortTermModelActive=false, flags=, reason=manual, autoBrightness=false, strategy=InvalidBrightnessStrategy, autoBrightnessMode=default
11-06 16:00:55.181 I/DisplayPowerController2[0]( 1587): Blocking screen off
11-06 16:00:55.182 I/DisplayPowerController2[0]( 1587): Unblocked screen off after 0 ms
11-06 16:00:55.185 I/DisplayBrightnessStrategySelector( 1587): Changing the DisplayBrightnessStrategy from InvalidBrightnessStrategy to ScreenOffBrightnessStrategy for display 0
11-06 16:00:55.186 V/DisplayPowerController2[0]( 1587): Brightness [0.0] reason changing to: 'screen_off', previous reason: 'manual'.
11-06 16:00:55.186 I/DisplayPowerController2[0]( 1587): BrightnessEvent: disp=0, physDisp=local:4619827677550801152, displayState=OFF, displayPolicy=OFF, brt=0.0, initBrt=0.62, rcmdBrt=NaN, preBrt=NaN, lux=0.0, preLux=0.0, hbmMax=0.62, hbmMode=off, rbcStrength=50, thrmMax=1.0, powerFactor=1.0, wasShortTermModelActive=false, flags=, reason=screen_off, autoBrightness=false, strategy=ScreenOffBrightnessStrategy, autoBrightnessMode=default
11-06 16:00:55.187 I/DisplayDeviceRepository( 1587): Display device changed state: "Built-in Screen", OFF
11-06 16:00:55.188 D/BrightnessThermalClamper( 1587): Thermal status observer already started
11-06 16:00:55.196 I/DisplayDevice( 1587): [0] Layerstack set to -1 for local:4619827677550801152
11-06 16:00:55.284 W/NetworkPolicy( 1587): shared quota unsupported; generating rule for each iface
11-06 16:00:55.330 I/Lyric   (  895): spectral_driver.cc:137: Ambient light sampling has been disabled. Stream consumer count: 0
11-06 16:00:55.332 D/BrightnessThermalClamper( 1587): Thermal status observer already started
11-06 16:00:55.332 I/DreamManagerService( 1587): Entering dreamland.
11-06 16:00:55.336 I/PowerManagerService( 1587): Dozing...
11-06 16:00:55.337 I/DreamController( 1587): Starting dream: name=ComponentInfo{com.android.systemui/com.android.systemui.doze.DozeService}, isPreviewMode=false, canDoze=true, userId=0, reason='power manager request'
11-06 16:00:55.360 V/DreamService[DozeService]( 2069): UpdateDoze mDozeScreenState=1 mDozeScreenBrightness=21
11-06 16:00:55.362 I/DisplayPowerController2[0]( 1587): BrightnessEvent: disp=0, physDisp=local:4619827677550801152, displayState=OFF, displayPolicy=DOZE, brt=0.0, initBrt=0.0, rcmdBrt=NaN, preBrt=NaN, lux=0.0, preLux=0.0, hbmMax=0.62, hbmMode=off, rbcStrength=50, thrmMax=1.0, powerFactor=1.0, wasShortTermModelActive=false, flags=, reason=screen_off, autoBrightness=false, strategy=ScreenOffBrightnessStrategy, autoBrightnessMode=default
11-06 16:00:55.373 I/PowerManagerService( 1587): onFlip(): Face up.
11-06 16:00:55.384 I/MR2ServiceImpl( 1587): Updating composite discovery preference | preference: RouteDiscoveryRequest{ preferredFeatures={}, activeScan=false }, active routers: []
11-06 16:00:55.391 W/wificond( 1144): Skip match ssid for pno scan: Gunpowder-Public, HAPPY HOURS, HUAWEI-B938, IHG ONE REWARDS Free WI-FI, KasKamping, KotlinConf24, KuytuTerrace1, Melike, Melike's iPhone, Metin, PAC Shores, PAULINE, Peanuts Internet, RUSTEM'S, SASWIFI, SIMBA-5G, ShoelessJoe, Sparkle, SushiAGuest, The Force, The Standard, VenetianLasVegas, WELCOME TO ACAPULCO, Yorgo Kasap 2, _Free WiFi Stansted, butik32, timetorelax-front
11-06 16:00:55.471 I/wificond( 1144): Pno scan started for frequencies: 2412, 2417, 2422, 2427, 2432, 2437, 2447, 2452, 2457, 2462, 5180, 5200, 5220, 5240, 5745, 5765, 5785, 5805, 
11-06 16:00:55.634 W/ActivityManager( 1587): Unable to start service Intent { act=com.google.android.gms.phenotype.service.START pkg=com.google.android.gms } U=10: not found
11-06 16:00:55.634 W/ActivityManager( 1587): Unbind failed: could not find connection for android.os.BinderProxy@110a128
11-06 16:00:55.661 D/CompatChangeReporter( 1587): Compat change id reported: 261072174; UID 1010125; state: ENABLED
11-06 16:00:56.573 W/ActivityThread( 2246): Failed to find provider info for com.android.contacts (user not unlocked)
11-06 16:00:56.830 W/ActivityThread( 2069): Failed to find provider info for com.google.android.apps.turbo.estimated_time_remaining (user not unlocked)
11-06 16:00:56.830 D/PowerUI ( 2069): can't show warning due to - plugged: true status unknown: false
11-06 16:00:56.846 I/PowerGroup( 1587): Waking up power group from Dozing (groupId=0, uid=10211, reason=WAKE_REASON_TAP, details=com.android.systemui:NODOZE tap)...
11-06 16:00:56.846 I/PowerManagerService( 1587): Waking up from Dozing (uid=10211, reason=WAKE_REASON_TAP, details=com.android.systemui:NODOZE tap)...
11-06 16:00:56.850 I/DisplayPowerController2[0]( 1587): Blocking screen on until initial contents have been drawn.
11-06 16:00:56.851 W/ProcessStats( 1587): Tracking association SourceState{87cba6e com.android.systemui/10211 BFgs #461} whose proc state 4 is better than process ProcessState{6344a7c com.google.android.apps.nexuslauncher/10202 pkg=com.google.android.apps.nexuslauncher} proc state 5 (0 skipped)
11-06 16:00:56.851 D/CoreBackPreview( 1587): Window{84332dd u0 NotificationShade}: Setting back callback OnBackInvokedCallbackInfo{mCallback=android.window.IOnBackInvokedCallback$Stub$Proxy@cfd150f, mPriority=0, mIsAnimationCallback=false}
11-06 16:00:56.853 I/DisplayBrightnessStrategySelector( 1587): Changing the DisplayBrightnessStrategy from ScreenOffBrightnessStrategy to InvalidBrightnessStrategy for display 0
11-06 16:00:56.855 V/DisplayPowerController2[0]( 1587): Brightness [0.62] reason changing to: 'manual', previous reason: 'screen_off'.
11-06 16:00:56.855 I/DisplayPowerController2[0]( 1587): BrightnessEvent: disp=0, physDisp=local:4619827677550801152, displayState=ON, displayPolicy=BRIGHT, brt=0.62, initBrt=0.0, rcmdBrt=NaN, preBrt=NaN, lux=0.0, preLux=0.0, hbmMax=0.62, hbmMode=off, rbcStrength=50, thrmMax=1.0, powerFactor=1.0, wasShortTermModelActive=false, flags=, reason=manual, autoBrightness=false, strategy=InvalidBrightnessStrategy, autoBrightnessMode=default
11-06 16:00:56.857 I/DisplayDeviceRepository( 1587): Display device changed state: "Built-in Screen", ON
11-06 16:00:56.858 D/BrightnessThermalClamper( 1587): Thermal status observer already started
11-06 16:00:56.858 I/DisplayDevice( 1587): [0] Layerstack set to 0 for local:4619827677550801152
11-06 16:00:56.881 I/MR2ServiceImpl( 1587): Updating composite discovery preference | preference: RouteDiscoveryRequest{ preferredFeatures={}, activeScan=false }, active routers: []
11-06 16:00:56.896 W/ActivityManager( 1587): Unable to start service Intent { act=android.service.smartspace.SmartspaceService cmp=com.google.android.as/com.google.android.apps.miphone.aiai.app.AiAiSmartspaceService } U=0: not found
11-06 16:00:56.896 W/RemoteSmartspaceService( 1587): could not bind to Intent { act=android.service.smartspace.SmartspaceService cmp=com.google.android.as/com.google.android.apps.miphone.aiai.app.AiAiSmartspaceService } using flags 67112961
11-06 16:00:56.897 W/ActivityManager( 1587): Unbind failed: could not find connection for android.app.LoadedApk$ServiceDispatcher$InnerConnection@e8da946
11-06 16:00:56.900 W/wificond( 1144): Failed to get NL80211_ATTR_MAX_NUM_AKM_SUITES
11-06 16:00:56.905 W/wificond( 1144): Failed to get NL80211_ATTR_MAX_NUM_AKM_SUITES
11-06 16:00:56.916 W/ActivityManager( 1587): Unable to start service Intent { act=android.service.smartspace.SmartspaceService cmp=com.google.android.as/com.google.android.apps.miphone.aiai.app.AiAiSmartspaceService } U=0: not found
11-06 16:00:56.916 W/RemoteSmartspaceService( 1587): could not bind to Intent { act=android.service.smartspace.SmartspaceService cmp=com.google.android.as/com.google.android.apps.miphone.aiai.app.AiAiSmartspaceService } using flags 67112961
11-06 16:00:56.916 W/ActivityManager( 1587): Unbind failed: could not find connection for android.app.LoadedApk$ServiceDispatcher$InnerConnection@e16a034
11-06 16:00:56.918 I/DisplayPowerController2[0]( 1587): Unblocked screen on after 68 ms
11-06 16:00:56.974 W/wificond( 1144): Failed to get NL80211_ATTR_MAX_NUM_AKM_SUITES
11-06 16:00:57.014 I/Lyric   (  895): spectral_driver.cc:150: Ambient light sampling enabled with mode: 2 stream consumer count: 0
11-06 16:00:57.019 W/wificond( 1144): Failed to get NL80211_ATTR_MAX_NUM_AKM_SUITES
11-06 16:00:57.027 I/DreamManagerService( 1587): Gently waking up from dream.
11-06 16:00:57.028 D/ShellSplitScreen( 2069): onFinishedWakingUp
11-06 16:00:57.032 I/DreamManagerService( 1587): Leaving dreamland.
11-06 16:00:57.032 I/wificond( 1144): Pno scan stopped
11-06 16:00:57.034 I/DreamController( 1587): Stopping dream: name=ComponentInfo{com.android.systemui/com.android.systemui.doze.DozeService}, isPreviewMode=false, canDoze=true, userId=0, reason='finished self'(from 'power manager request')
11-06 16:00:57.038 D/CompatChangeReporter( 1587): Compat change id reported: 311208629; UID 10211; state: ENABLED
11-06 16:00:57.040 D/BrightnessThermalClamper( 1587): Thermal status observer already started
11-06 16:00:57.041 W/wificond( 1144): Failed to get NL80211_ATTR_MAX_NUM_AKM_SUITES
11-06 16:00:57.044 W/wificond( 1144): Failed to get NL80211_ATTR_MAX_NUM_AKM_SUITES
11-06 16:00:57.047 W/wificond( 1144): Failed to get NL80211_ATTR_MAX_NUM_AKM_SUITES
11-06 16:00:57.049 W/wificond( 1144): Failed to get NL80211_ATTR_MAX_NUM_AKM_SUITES
11-06 16:00:58.451 D/HapticFeedbackCustomization( 1587): Customization file not configured.
11-06 16:00:58.454 D/ActivityManager( 1587): freezing 3296 com.shannon.rcsservice
11-06 16:00:58.462 D/CoreBackPreview( 1587): Window{84332dd u0 NotificationShade}: Setting back callback OnBackInvokedCallbackInfo{mCallback=android.window.IOnBackInvokedCallback$Stub$Proxy@1d35fff, mPriority=0, mIsAnimationCallback=true}
11-06 16:00:58.521 D/ActivityManager( 1587): freezing 3271 com.google.android.carrier
11-06 16:01:00.008 W/ActivityManager( 1587): Unable to start service Intent { act=android.service.smartspace.SmartspaceService cmp=com.google.android.as/com.google.android.apps.miphone.aiai.app.AiAiSmartspaceService } U=0: not found
11-06 16:01:00.008 W/RemoteSmartspaceService( 1587): could not bind to Intent { act=android.service.smartspace.SmartspaceService cmp=com.google.android.as/com.google.android.apps.miphone.aiai.app.AiAiSmartspaceService } using flags 67112961
11-06 16:01:00.009 W/ActivityManager( 1587): Unbind failed: could not find connection for android.app.LoadedApk$ServiceDispatcher$InnerConnection@407fd1b
11-06 16:01:00.581 W/ActivityThread( 2246): Failed to find provider info for com.android.contacts (user not unlocked)
11-06 16:01:00.736 I/ActivityManager( 1587): Waited long enough for: ServiceRecord{1e30fb u0 com.google.android.apps.scone/.bluetooth.BluetoothStatsService c:com.google.android.apps.scone}
11-06 16:01:01.018 I/LockSettingsService( 1587): Verifying lockscreen credential for user 0
11-06 16:01:01.078 I/SyntheticPasswordManager( 1587): Found AIDL weaver service v2
11-06 16:01:01.078 I/SyntheticPasswordManager( 1587): Using AIDL weaver service
11-06 16:01:01.091 I/SyntheticPasswordManager( 1587): Weaver service initialized
11-06 16:01:01.114 W/UserManagerService( 1587): Requested status bar icon for non-badged user 0
11-06 16:01:01.119 V/WindowManagerShell( 2069): Transition requested (#6): android.os.BinderProxy@a1df77d TransitionRequestInfo { type = TO_BACK, triggerTask = null, pipTask = null, remoteTransition = null, displayChange = null, flags = 260, debugId = 6 }
11-06 16:01:01.119 D/ActivityTaskManager( 1587): Top Process State changed to PROCESS_STATE_TOP
11-06 16:01:01.123 D/OomAdjuster( 1587): Not killing cached processes
11-06 16:01:01.159 I/keystore2(  535): system/security/keystore2/src/authorization.rs:114 - add_auth_token(challenge=0, userId=773770072858492283, authId=0, authType=0x1, timestamp=28571ms)
11-06 16:01:01.160 V/WindowManagerShell( 2069): onTransitionReady(transaction=6816113099074)
11-06 16:01:01.160 V/WindowManager( 1587): Sent Transition (#6) createdAt=11-06 16:01:01.118 via request=TransitionRequestInfo { type = TO_BACK, triggerTask = null, pipTask = null, remoteTransition = null, displayChange = null, flags = 260, debugId = 6 }
11-06 16:01:01.161 V/WindowManager( 1587):     startWCT=WindowContainerTransaction { changes = {} hops = [] errorCallbackToken=null taskFragmentOrganizer=null }
11-06 16:01:01.161 V/WindowManagerShell( 2069): onTransitionReady (#6) android.os.BinderProxy@a1df77d: {id=6 t=TO_BACK f=0x104 trk=0 r=[0@Point(0, 0)] c=[{WCT{android.window.IWindowContainerToken$Stub$Proxy@f799935} m=TO_FRONT f=SHOW_WALLPAPER p=WCT{android.window.IWindowContainerToken$Stub$Proxy@77291ca} leash=Surface(name=Task=1)/@0x7fcef40 sb=Rect(0, 0 - 1440, 3120) eb=Rect(0, 0 - 1440, 3120) d=0 taskParent=-1},{WCT{android.window.IWindowContainerToken$Stub$Proxy@6fcf3b} m=TO_FRONT f=SHOW_WALLPAPER leash=Surface(name=DefaultTaskDisplayArea)/@0x3178e79 sb=Rect(0, 0 - 1440, 3120) eb=Rect(0, 0 - 1440, 3120) d=0},{null m=TO_FRONT f=IS_WALLPAPER|IS_OCCLUDED leash=Surface(name=WallpaperWindowToken{667f727 token=android.os.Binder@8bf5e6})/@0x906b7be sb=Rect(0, 0 - 1440, 3120) eb=Rect(0, 0 - 1440, 3120) d=0},{null m=TO_BACK f=IS_WALLPAPER leash=Surface(name=WallpaperWindowToken{9f3914b token=android.os.Binder@922d21a})/@0xecc501f sb=Rect(0, 0 - 1440, 3120) eb=Rect(0, 0 - 1440, 3120) d=0}]}
11-06 16:01:01.161 V/WindowManagerShell( 2069): Playing animation for (#6) android.os.BinderProxy@a1df77d@0
11-06 16:01:01.161 V/WindowManagerShell( 2069):  try handler com.android.wm.shell.transition.DefaultMixedHandler@e7980d6
11-06 16:01:01.161 V/WindowManagerShell( 2069):  try handler com.android.wm.shell.keyguard.KeyguardTransitionHandler@a813f57
11-06 16:01:01.161 V/WindowManager( 1587):     info={id=6 t=TO_BACK f=0x104 trk=0 r=[0@Point(0, 0)] c=[
