11-06 16:00:48.582 V/AconfigFlags( 3409): Read Aconfig default flag value com.android.server.feature.flags.enable_read_dropbox_permission = true
11-06 16:00:48.582 V/AconfigFlags( 3409): Read Aconfig default flag value com.android.server.flags.disable_system_compaction = true
11-06 16:00:48.582 V/AconfigFlags( 3409): Read Aconfig default flag value com.android.server.flags.enable_odp_feature_guard = true
11-06 16:00:48.582 V/AconfigFlags( 3409): Read Aconfig default flag value com.android.server.flags.new_bugreport_keyboard_shortcut = true
11-06 16:00:48.582 V/AconfigFlags( 3409): Read Aconfig default flag value com.android.server.flags.pin_webview = true
11-06 16:00:48.583 V/AconfigFlags( 3409): Read Aconfig default flag value com.android.server.flags.pkg_targeted_battery_changed_not_sticky = true
11-06 16:00:48.583 V/AconfigFlags( 3409): Read Aconfig default flag value com.android.server.flags.skip_home_art_pins = false
11-06 16:00:48.583 V/AconfigFlags( 3409): Read Aconfig default flag value com.android.server.power.feature.flags.enable_early_screen_timeout_detector = false
11-06 16:00:48.583 V/AconfigFlags( 3409): Read Aconfig default flag value com.android.server.power.feature.flags.improve_wakelock_latency = false
11-06 16:00:48.583 V/AconfigFlags( 3409): Read Aconfig default flag value com.android.server.power.optimization.disable_system_service_power_attr = true
11-06 16:00:48.583 V/AconfigFlags( 3409): Read Aconfig default flag value com.android.server.power.optimization.oneway_battery_stats_service = false
11-06 16:00:48.583 V/AconfigFlags( 3409): Read Aconfig default flag value com.android.server.power.optimization.power_monitor_api = true
11-06 16:00:48.583 V/AconfigFlags( 3409): Read Aconfig default flag value com.android.server.power.optimization.streamlined_battery_stats = true
11-06 16:00:48.583 V/AconfigFlags( 3409): Read Aconfig default flag value com.android.server.power.optimization.streamlined_connectivity_battery_stats = false
11-06 16:00:48.583 V/AconfigFlags( 3409): Read Aconfig default flag value com.android.server.power.optimization.streamlined_misc_battery_stats = false
11-06 16:00:48.583 V/AconfigFlags( 3409): Read Aconfig default flag value com.android.server.telecom.flags.add_call_uri_for_missed_calls = true
11-06 16:00:48.583 V/AconfigFlags( 3409): Read Aconfig default flag value com.android.server.telecom.flags.associated_user_refactor_for_work_profile = true
11-06 16:00:48.583 V/AconfigFlags( 3409): Read Aconfig default flag value com.android.server.telecom.flags.available_routes_never_updated_after_set_system_audio_state = true
11-06 16:00:48.583 V/AconfigFlags( 3409): Read Aconfig default flag value com.android.server.telecom.flags.business_call_composer = true
11-06 16:00:48.583 V/AconfigFlags( 3409): Read Aconfig default flag value com.android.server.telecom.flags.cache_call_audio_callbacks = false
11-06 16:00:48.583 V/AconfigFlags( 3409): Read Aconfig default flag value com.android.server.telecom.flags.call_audio_communication_device_refactor = true
11-06 16:00:48.583 V/AconfigFlags( 3409): Read Aconfig default flag value com.android.server.telecom.flags.call_details_id_changes = true
11-06 16:00:48.583 V/AconfigFlags( 3409): Read Aconfig default flag value com.android.server.telecom.flags.cancel_removal_on_emergency_redial = true
11-06 16:00:48.583 V/AconfigFlags( 3409): Read Aconfig default flag value com.android.server.telecom.flags.clear_communication_device_after_audio_ops_complete = true
11-06 16:00:48.583 V/AconfigFlags( 3409): Read Aconfig default flag value com.android.server.telecom.flags.communication_device_protected_by_lock = true
11-06 16:00:48.583 V/AconfigFlags( 3409): Read Aconfig default flag value com.android.server.telecom.flags.early_binding_to_incall_service = true
11-06 16:00:48.583 V/AconfigFlags( 3409): Read Aconfig default flag value com.android.server.telecom.flags.early_update_internal_call_audio_state = false
11-06 16:00:48.583 V/AconfigFlags( 3409): Read Aconfig default flag value com.android.server.telecom.flags.ecc_keyguard = true
11-06 16:00:48.583 V/AconfigFlags( 3409): Read Aconfig default flag value com.android.server.telecom.flags.enable_call_sequencing = false
11-06 16:00:48.583 V/AconfigFlags( 3409): Read Aconfig default flag value com.android.server.telecom.flags.ensure_audio_mode_updates_on_foreground_call_change = true
11-06 16:00:48.583 V/AconfigFlags( 3409): Read Aconfig default flag value com.android.server.telecom.flags.fix_audio_flicker_for_outgoing_calls = true
11-06 16:00:48.584 V/AconfigFlags( 3409): Read Aconfig default flag value com.android.text.flags.handwriting_unsupported_message = true
11-06 16:00:48.584 V/AconfigFlags( 3409): Read Aconfig default flag value com.android.text.flags.icu_bidi_migration = true
11-06 16:00:48.584 V/AconfigFlags( 3409): Read Aconfig default flag value com.android.text.flags.insert_mode_crash_when_delete = true
11-06 16:00:48.584 V/AconfigFlags( 3409): Read Aconfig default flag value com.android.text.flags.insert_mode_not_update_selection = false
11-06 16:00:48.584 V/AconfigFlags( 3409): Read Aconfig default flag value com.android.text.flags.lazy_variation_instance = true
11-06 16:00:48.584 V/AconfigFlags( 3409): Read Aconfig default flag value com.android.text.flags.letter_spacing_justification = true
11-06 16:00:48.584 V/AconfigFlags( 3409): Read Aconfig default flag value com.android.text.flags.missing_getter_apis = false
11-06 16:00:48.584 V/AconfigFlags( 3409): Read Aconfig default flag value com.android.text.flags.new_fonts_fallback_xml = true
11-06 16:00:48.584 V/AconfigFlags( 3409): Read Aconfig default flag value com.android.text.flags.no_break_no_hyphenation_span = true
11-06 16:00:48.584 V/AconfigFlags( 3409): Read Aconfig default flag value com.android.text.flags.phrase_strict_fallback = true
11-06 16:00:48.584 V/AconfigFlags( 3409): Read Aconfig default flag value com.android.text.flags.rust_hyphenator = false
11-06 16:00:48.584 V/AconfigFlags( 3409): Read Aconfig default flag value com.android.text.flags.use_bounds_for_width = true
11-06 16:00:48.584 V/AconfigFlags( 3409): Read Aconfig default flag value com.android.text.flags.use_optimized_boottime_font_loading = true
11-06 16:00:48.584 V/AconfigFlags( 3409): Read Aconfig default flag value com.android.text.flags.vendor_custom_locale_fallback = true
11-06 16:00:48.584 V/AconfigFlags( 3409): Read Aconfig default flag value com.android.text.flags.word_style_auto = true
11-06 16:00:48.584 V/AconfigFlags( 3409): Read Aconfig default flag value com.android.window.flags.activity_embedding_animation_customization_flag = false
11-06 16:00:48.584 V/AconfigFlags( 3409): Read Aconfig default flag value com.android.window.flags.activity_embedding_interactive_divider_flag = true
11-06 16:00:48.584 V/AconfigFlags( 3409): Read Aconfig default flag value com.android.window.flags.activity_embedding_overlay_presentation_flag = true
11-06 16:00:48.584 V/AconfigFlags( 3409): Read Aconfig default flag value com.android.window.flags.activity_snapshot_by_default = true
11-06 16:00:48.584 V/AconfigFlags( 3409): Read Aconfig default flag value com.android.window.flags.activity_window_info_flag = true
11-06 16:00:48.584 V/AconfigFlags( 3409): Read Aconfig default flag value com.android.window.flags.allow_disable_activity_record_input_sink = true
11-06 16:00:48.584 V/AconfigFlags( 3409): Read Aconfig default flag value com.android.window.flags.allow_hide_scm_button = true
11-06 16:00:48.584 V/AconfigFlags( 3409): Read Aconfig default flag value com.android.window.flags.allows_screen_size_decoupled_from_status_bar_and_cutout = true
11-06 16:00:48.584 V/AconfigFlags( 3409): Read Aconfig default flag value com.android.window.flags.always_defer_transition_when_apply_wct = true
11-06 16:00:48.584 V/AconfigFlags( 3409): Read Aconfig default flag value com.android.window.flags.always_draw_magnification_fullscreen_border = true
11-06 16:00:48.584 V/AconfigFlags( 3409): Read Aconfig default flag value com.android.window.flags.always_update_wallpaper_permission = true
11-06 16:00:48.584 V/AconfigFlags( 3409): Read Aconfig default flag value com.android.window.flags.app_compat_properties_api = true
11-06 16:00:48.584 V/AconfigFlags( 3409): Read Aconfig default flag value com.android.window.flags.app_compat_refactoring = false
11-06 16:00:48.584 V/AconfigFlags( 3409): Read Aconfig default flag value com.android.window.flags.bal_dont_bring_existing_background_task_stack_to_fg = true
11-06 16:00:48.584 V/AconfigFlags( 3409): Read Aconfig default flag value com.android.window.flags.bal_improve_real_caller_visibility_check = true
11-06 16:00:48.584 V/AconfigFlags( 3409): Read Aconfig default flag value com.android.window.flags.bal_improved_metrics = false
11-06 16:00:48.584 V/AconfigFlags( 3409): Read Aconfig default flag value com.android.window.flags.bal_require_opt_in_by_pending_intent_creator = true
11-06 16:00:48.584 V/AconfigFlags( 3409): Read Aconfig default flag value com.android.window.flags.bal_require_opt_in_same_uid = false
11-06 16:00:48.584 V/AconfigFlags( 3409): Read Aconfig default flag value com.android.window.flags.bal_respect_app_switch_state_when_check_bound_by_foreground_uid = true
11-06 16:00:48.584 V/AconfigFlags( 3409): Read Aconfig default flag value com.android.window.flags.bal_show_toasts = false
11-06 16:00:48.584 V/AconfigFlags( 3409): Read Aconfig default flag value com.android.window.flags.bal_show_toasts_blocked = false
11-06 16:00:48.584 V/AconfigFlags( 3409): Read Aconfig default flag value com.android.window.flags.blast_sync_notification_shade_on_display_switch = false
11-06 16:00:48.584 V/AconfigFlags( 3409): Read Aconfig default flag value com.android.window.flags.bundle_client_transaction_flag = true
11-06 16:00:48.584 V/AconfigFlags( 3409): Read Aconfig default flag value com.android.window.flags.camera_compat_for_freeform = false
11-06 16:00:48.584 V/AconfigFlags( 3409): Read Aconfig default flag value com.android.window.flags.close_to_square_config_includes_status_bar = false
11-06 16:00:48.584 V/AconfigFlags( 3409): Read Aconfig default flag value com.android.window.flags.configurable_font_scale_default = true
11-06 16:00:48.584 V/AconfigFlags( 3409): Read Aconfig default flag value com.android.window.flags.cover_display_opt_in = true
11-06 16:00:48.584 V/AconfigFlags( 3409): Read Aconfig default flag value com.android.window.flags.defer_display_updates = true
11-06 16:00:48.584 V/AconfigFlags( 3409): Read Aconfig default flag value com.android.window.flags.delay_notification_to_magnification_when_recents_window_to_front_transition = true
11-06 16:00:48.584 V/AconfigFlags( 3409): Read Aconfig default flag value com.android.window.flags.delegate_unhandled_drags = true
11-06 16:00:48.584 V/AconfigFlags( 3409): Read Aconfig default flag value com.android.window.flags.delete_capture_display = true
11-06 16:00:48.584 V/AconfigFlags( 3409): Read Aconfig default flag value com.android.window.flags.density_390_api = true
11-06 16:00:48.584 V/AconfigFlags( 3409): Read Aconfig default flag value com.android.window.flags.disable_object_pool = false
11-06 16:00:48.584 V/AconfigFlags( 3409): Read Aconfig default flag value com.android.window.flags.disable_thin_letterboxing_policy = true
11-06 16:00:48.584 V/AconfigFlags( 3409): Read Aconfig default flag value com.android.window.flags.do_not_check_intersection_when_non_magnifiable_window_transitions = false
11-06 16:00:48.584 V/AconfigFlags( 3409): Read Aconfig default flag value com.android.window.flags.draw_snapshot_aspect_ratio_match = false
11-06 16:00:48.584 V/AconfigFlags( 3409): Read Aconfig default flag value com.android.window.flags.edge_to_edge_by_default = false
11-06 16:00:48.584 V/AconfigFlags( 3409): Read Aconfig default flag value com.android.window.flags.embedded_activity_back_nav_flag = true
11-06 16:00:48.584 V/AconfigFlags( 3409): Read Aconfig default flag value com.android.window.flags.enable_additional_windows_above_status_bar = false
11-06 16:00:48.584 V/AconfigFlags( 3409): Read Aconfig default flag value com.android.window.flags.enable_app_header_with_task_density = false
11-06 16:00:48.584 V/AconfigFlags( 3409): Read Aconfig default flag value com.android.window.flags.enable_buffer_transform_hint_from_display = true
11-06 16:00:48.584 V/AconfigFlags( 3409): Read Aconfig default flag value com.android.window.flags.enable_camera_compat_for_desktop_windowing = false
11-06 16:00:48.584 V/AconfigFlags( 3409): Read Aconfig default flag value com.android.window.flags.enable_compatui_sysui_launcher = false
11-06 16:00:48.584 V/AconfigFlags( 3409): Read Aconfig default flag value com.android.window.flags.enable_desktop_windowing_immersive_handle_hiding = false
11-06 16:00:48.584 V/AconfigFlags( 3409): Read Aconfig default flag value com.android.window.flags.enable_desktop_windowing_modals_policy = false
11-06 16:00:48.584 V/AconfigFlags( 3409): Read Aconfig default flag value com.android.window.flags.enable_desktop_windowing_mode = false
11-06 16:00:48.584 V/AconfigFlags( 3409): Read Aconfig default flag value com.android.window.flags.enable_desktop_windowing_quick_switch = false
11-06 16:00:48.584 V/AconfigFlags( 3409): Read Aconfig default flag value com.android.window.flags.enable_desktop_windowing_scvh_cache = false
11-06 16:00:48.584 V/AconfigFlags( 3409): Read Aconfig default flag value com.android.window.flags.enable_desktop_windowing_size_constraints = false
11-06 16:00:48.584 V/AconfigFlags( 3409): Read Aconfig default flag value com.android.window.flags.enable_desktop_windowing_task_limit = false
11-06 16:00:48.584 V/AconfigFlags( 3409): Read Aconfig default flag value com.android.window.flags.enable_desktop_windowing_taskbar_running_apps = false
11-06 16:00:48.584 V/AconfigFlags( 3409): Read Aconfig default flag value com.android.window.flags.enable_desktop_windowing_wallpaper_activity = false
11-06 16:00:48.584 V/AconfigFlags( 3409): Read Aconfig default flag value com.android.window.flags.enable_scaled_resizing = false
11-06 16:00:48.584 V/AconfigFlags( 3409): Read Aconfig default flag value com.android.window.flags.enable_task_stack_observer_in_shell = false
11-06 16:00:48.584 V/AconfigFlags( 3409): Read Aconfig default flag value com.android.window.flags.enable_themed_app_headers = false
11-06 16:00:48.584 V/AconfigFlags( 3409): Read Aconfig default flag value com.android.window.flags.enable_windowing_dynamic_initial_bounds = false
11-06 16:00:48.585 V/AconfigFlags( 3409): Read Aconfig default flag value com.android.window.flags.enable_windowing_edge_drag_resize = false
11-06 16:00:48.585 V/AconfigFlags( 3409): Read Aconfig default flag value com.android.window.flags.enable_wm_extensions_for_all_flag = true
11-06 16:00:48.585 V/AconfigFlags( 3409): Read Aconfig default flag value com.android.window.flags.enforce_edge_to_edge = true
11-06 16:00:48.585 V/AconfigFlags( 3409): Read Aconfig default flag value com.android.window.flags.ensure_wallpaper_in_transitions = false
11-06 16:00:48.585 V/AconfigFlags( 3409): Read Aconfig default flag value com.android.window.flags.explicit_refresh_rate_hints = true
11-06 16:00:48.585 V/AconfigFlags( 3409): Read Aconfig default flag value com.android.window.flags.fifo_priority_for_major_ui_processes = false
11-06 16:00:48.585 V/AconfigFlags( 3409): Read Aconfig default flag value com.android.window.flags.fix_no_container_update_without_resize = true
11-06 16:00:48.585 V/AconfigFlags( 3409): Read Aconfig default flag value com.android.window.flags.fix_pip_restore_to_overlay = true
11-06 16:00:48.585 V/AconfigFlags( 3409): Read Aconfig default flag value com.android.window.flags.fullscreen_dim_flag = true
11-06 16:00:48.585 V/AconfigFlags( 3409): Read Aconfig default flag value com.android.window.flags.get_dimmer_on_closing = false
11-06 16:00:48.585 V/AconfigFlags( 3409): Read Aconfig default flag value com.android.window.flags.immersive_app_repositioning = true
11-06 16:00:48.585 V/AconfigFlags( 3409): Read Aconfig default flag value com.android.window.flags.insets_control_changed_item = true
11-06 16:00:48.585 V/AconfigFlags( 3409): Read Aconfig default flag value com.android.window.flags.insets_control_seq = false
11-06 16:00:48.585 V/AconfigFlags( 3409): Read Aconfig default flag value com.android.window.flags.insets_decoupled_configuration = true
11-06 16:00:48.585 V/AconfigFlags( 3409): Read Aconfig default flag value com.android.window.flags.introduce_smoother_dimmer = true
11-06 16:00:48.585 V/AconfigFlags( 3409): Read Aconfig default flag value com.android.window.flags.keyguard_appear_transition = true
11-06 16:00:48.585 V/AconfigFlags( 3409): Read Aconfig default flag value com.android.window.flags.letterbox_background_wallpaper = false
11-06 16:00:48.585 V/AconfigFlags( 3409): Read Aconfig default flag value com.android.window.flags.movable_cutout_configuration = true
11-06 16:00:48.585 V/AconfigFlags( 3409): Read Aconfig default flag value com.android.window.flags.move_animation_options_to_change = false
11-06 16:00:48.585 V/AconfigFlags( 3409): Read Aconfig default flag value com.android.window.flags.multi_crop = true
11-06 16:00:48.585 V/AconfigFlags( 3409): Read Aconfig default flag value com.android.window.flags.nav_bar_transparent_by_default = false
11-06 16:00:48.585 V/AconfigFlags( 3409): Read Aconfig default flag value com.android.window.flags.no_consecutive_visibility_events = true
11-06 16:00:48.585 V/AconfigFlags( 3409): Read Aconfig default flag value com.android.window.flags.no_visibility_event_on_display_state_change = false
11-06 16:00:48.585 V/AconfigFlags( 3409): Read Aconfig default flag value com.android.window.flags.offload_color_extraction = false
11-06 16:00:48.585 V/AconfigFlags( 3409): Read Aconfig default flag value com.android.window.flags.predictive_back_system_anims = true
11-06 16:00:48.585 V/AconfigFlags( 3409): Read Aconfig default flag value com.android.window.flags.rear_display_disable_force_desktop_system_decorations = false
11-06 16:00:48.585 V/AconfigFlags( 3409): Read Aconfig default flag value com.android.window.flags.release_snapshot_aggressively = false
11-06 16:00:48.585 V/AconfigFlags( 3409): Read Aconfig default flag value com.android.window.flags.remove_prepare_surface_in_placement = true
11-06 16:00:48.585 V/AconfigFlags( 3409): Read Aconfig default flag value com.android.window.flags.screen_recording_callbacks = true
11-06 16:00:48.585 V/AconfigFlags( 3409): Read Aconfig default flag value com.android.window.flags.sdk_desired_present_time = true
11-06 16:00:48.585 V/AconfigFlags( 3409): Read Aconfig default flag value com.android.window.flags.secure_window_state = true
11-06 16:00:48.585 V/AconfigFlags( 3409): Read Aconfig default flag value com.android.window.flags.set_sc_properties_in_client = false
11-06 16:00:48.585 V/AconfigFlags( 3409): Read Aconfig default flag value com.android.window.flags.skip_sleeping_when_switching_display = true
11-06 16:00:48.585 V/AconfigFlags( 3409): Read Aconfig default flag value com.android.window.flags.supports_multi_instance_system_ui = true
11-06 16:00:48.585 V/AconfigFlags( 3409): Read Aconfig default flag value com.android.window.flags.surface_control_input_receiver = true
11-06 16:00:48.585 V/AconfigFlags( 3409): Read Aconfig default flag value com.android.window.flags.surface_trusted_overlay = true
11-06 16:00:48.585 V/AconfigFlags( 3409): Read Aconfig default flag value com.android.window.flags.sync_screen_capture = true
11-06 16:00:48.585 V/AconfigFlags( 3409): Read Aconfig default flag value com.android.window.flags.task_fragment_system_organizer_flag = true
11-06 16:00:48.585 V/AconfigFlags( 3409): Read Aconfig default flag value com.android.window.flags.transit_ready_tracking = false
11-06 16:00:48.585 V/AconfigFlags( 3409): Read Aconfig default flag value com.android.window.flags.trusted_presentation_listener_for_window = true
11-06 16:00:48.585 V/AconfigFlags( 3409): Read Aconfig default flag value com.android.window.flags.untrusted_embedding_any_app_permission = false
11-06 16:00:48.585 V/AconfigFlags( 3409): Read Aconfig default flag value com.android.window.flags.untrusted_embedding_state_sharing = true
11-06 16:00:48.585 V/AconfigFlags( 3409): Read Aconfig default flag value com.android.window.flags.use_window_original_touchable_region_when_magnification_recompute_bounds = false
11-06 16:00:48.585 V/AconfigFlags( 3409): Read Aconfig default flag value com.android.window.flags.user_min_aspect_ratio_app_default = true
11-06 16:00:48.585 V/AconfigFlags( 3409): Read Aconfig default flag value com.android.window.flags.wait_for_transition_on_display_switch = true
11-06 16:00:48.585 V/AconfigFlags( 3409): Read Aconfig default flag value com.android.window.flags.wallpaper_offset_async = true
11-06 16:00:48.585 V/AconfigFlags( 3409): Read Aconfig default flag value com.android.window.flags.window_session_relayout_info = true
11-06 16:00:48.585 V/AconfigFlags( 3409): Read Aconfig default flag value com.android.window.flags.window_token_config_thread_safe = true
11-06 16:00:48.587 V/AconfigFlags( 3409): Read Aconfig default flag value com.android.bluetooth.hal.flags.pixel_bluetooth_hr_mode = false
11-06 16:00:48.587 V/AconfigFlags( 3409): Read Aconfig default flag value com.android.bluetooth.hal.flags.pixel_bt_23p_aoc_offload = false
11-06 16:00:48.587 V/AconfigFlags( 3409): Read Aconfig default flag value com.android.bluetooth.hal.flags.pixel_bt_24m_aoc_offload = false
11-06 16:00:48.587 V/AconfigFlags( 3409): Read Aconfig default flag value com.android.bluetooth.hal.flags.pixel_bt_24p_aoc_offload = false
11-06 16:00:48.587 V/AconfigFlags( 3409): Read Aconfig default flag value com.android.graphics.libgui.flags.bq_extendedallocate = false
11-06 16:00:48.587 V/AconfigFlags( 3409): Read Aconfig default flag value com.android.graphics.libgui.flags.bq_setframerate = true
11-06 16:00:48.587 V/AconfigFlags( 3409): Read Aconfig default flag value com.android.graphics.libgui.flags.frametimestamps_previousrelease = true
11-06 16:00:48.587 V/AconfigFlags( 3409): Read Aconfig default flag value com.android.graphics.libgui.flags.trace_frame_rate_override = false
11-06 16:00:48.587 V/AconfigFlags( 3409): Read Aconfig default flag value com.android.media.audioserver.direct_track_reprioritization = true
11-06 16:00:48.587 V/AconfigFlags( 3409): Read Aconfig default flag value com.android.media.audioserver.effect_chain_callback_improve = false
11-06 16:00:48.587 V/AconfigFlags( 3409): Read Aconfig default flag value com.android.media.audioserver.fdtostring_timeout_fix = true
11-06 16:00:48.587 V/AconfigFlags( 3409): Read Aconfig default flag value com.android.media.audioserver.fix_concurrent_playback_behavior_with_bit_perfect_client = false
11-06 16:00:48.587 V/AconfigFlags( 3409): Read Aconfig default flag value com.android.media.audioserver.fix_input_sharing_logic = false
11-06 16:00:48.587 V/AconfigFlags( 3409): Read Aconfig default flag value com.android.media.audioserver.mutex_priority_inheritance = true
11-06 16:00:48.587 V/AconfigFlags( 3409): Read Aconfig default flag value com.android.media.audioserver.use_bt_sco_for_media = false
11-06 16:00:48.587 V/AconfigFlags( 3409): Read Aconfig default flag value com.android.media.codec.flags.aidl_hal = true
11-06 16:00:48.587 V/AconfigFlags( 3409): Read Aconfig default flag value com.android.media.codec.flags.codec_importance = true
11-06 16:00:48.587 V/AconfigFlags( 3409): Read Aconfig default flag value com.android.media.codec.flags.large_audio_frame = true
11-06 16:00:48.587 V/AconfigFlags( 3409): Read Aconfig default flag value com.google.android.input.twoshay.flags.enable_adaptive_touch_sensitivity = true
11-06 16:00:48.587 V/AconfigFlags( 3409): Read Aconfig default flag value com.google.android.input.twoshay.flags.enable_keyboard_mode = false
11-06 16:00:48.587 V/AconfigFlags( 3409): Read Aconfig default flag value lyric_flags.auto_exposure.lyric_multicam_sync_ae = true
11-06 16:00:48.587 V/AconfigFlags( 3409): Read Aconfig default flag value lyric_flags.auto_focus.lyric_multicam_sync_af = true
11-06 16:00:48.587 V/AconfigFlags( 3409): Read Aconfig default flag value lyric_flags.auto_white_balance.lyric_multicam_sync_awb = true
11-06 16:00:48.587 V/AconfigFlags( 3409): Read Aconfig default flag value lyric_flags.camera_provider.realtime_tpu_response_handling_thread = true
11-06 16:00:48.587 V/AconfigFlags( 3409): Read Aconfig default flag value lyric_flags.color_space.display_p3_preview = true
11-06 16:00:48.587 V/AconfigFlags( 3409): Read Aconfig default flag value lyric_flags.dsnr.enable_dsnr = true
11-06 16:00:48.587 V/AconfigFlags( 3409): Read Aconfig default flag value lyric_flags.face_detection.use_graph_runner_thread_pool = true
11-06 16:00:48.587 V/AconfigFlags( 3409): Read Aconfig default flag value lyric_flags.fe.fe_merged_event_thread = true
11-06 16:00:48.587 V/AconfigFlags( 3409): Read Aconfig default flag value lyric_flags.fe.realtime_fe_programming_event_thread = true
11-06 16:00:48.587 V/AconfigFlags( 3409): Read Aconfig default flag value lyric_flags.frontend_request.first_frame_async_buffer_allocation = true
11-06 16:00:48.587 V/AconfigFlags( 3409): Read Aconfig default flag value lyric_flags.graph.hal_touch_roi_tracking_enabled = false
11-06 16:00:48.587 V/AconfigFlags( 3409): Read Aconfig default flag value lyric_flags.graph.positive_offset_enabled = false
11-06 16:00:48.587 V/AconfigFlags( 3409): Read Aconfig default flag value lyric_flags.multicam.adaptive_stream_with_routing = true
11-06 16:00:48.587 V/AconfigFlags( 3409): Read Aconfig default flag value lyric_flags.multicam.autocal_with_routing = true
11-06 16:00:48.587 W/ActivityManager( 1587): Unable to start service Intent { act=com.google.android.gms.phenotype.service.START pkg=com.google.android.gms } U=10: not found
11-06 16:00:48.587 V/AconfigFlags( 3409): Read Aconfig default flag value lyric_flags.multicam.eis_with_routing = false
11-06 16:00:48.587 V/AconfigFlags( 3409): Read Aconfig default flag value lyric_flags.multicam.multicam_activation_resolver_enabled = true
11-06 16:00:48.587 V/AconfigFlags( 3409): Read Aconfig default flag value lyric_flags.multicam.rectiface_with_routing = false
11-06 16:00:48.587 V/AconfigFlags( 3409): Read Aconfig default flag value lyric_flags.multicam.routing_to_eis = true
11-06 16:00:48.587 V/AconfigFlags( 3409): Read Aconfig default flag value lyric_flags.multicam.routing_to_rectiface = true
11-06 16:00:48.587 V/AconfigFlags( 3409): Read Aconfig default flag value lyric_flags.multicam.video_bokeh_with_routing = true
11-06 16:00:48.587 V/AconfigFlags( 3409): Read Aconfig default flag value lyric_flags.page_release.enabled = false
11-06 16:00:48.587 V/AconfigFlags( 3409): Read Aconfig default flag value lyric_flags.phase_detection.bma_conversion_uses_dsp = false
11-06 16:00:48.587 V/AconfigFlags( 3409): Read Aconfig default flag value lyric_flags.phase_detection.mlpd_uses_dsp = false
11-06 16:00:48.587 V/AconfigFlags( 3409): Read Aconfig default flag value lyric_flags.placeholder.placeholder_first_flag = false
11-06 16:00:48.587 V/AconfigFlags( 3409): Read Aconfig default flag value lyric_flags.placeholder.placeholder_second_flag = false
11-06 16:00:48.587 W/ActivityManager( 1587): Unbind failed: could not find connection for android.os.BinderProxy@3edbf06
11-06 16:00:48.587 V/AconfigFlags( 3409): Read Aconfig default flag value lyric_flags.segmentation.dsp_optimization_enabled = false
11-06 16:00:48.587 V/AconfigFlags( 3409): Read Aconfig default flag value lyric_flags.segmentation.mcssd_enabled = false
11-06 16:00:48.587 V/AconfigFlags( 3409): Read Aconfig default flag value lyric_flags.segmentation.skin_mask_enabled = true
11-06 16:00:48.587 V/AconfigFlags( 3409): Read Aconfig default flag value lyric_flags.session_manager.destroy_analyzer_async = true
11-06 16:00:48.587 V/AconfigFlags( 3409): Read Aconfig default flag value lyric_flags.sunflash.enabled = true
11-06 16:00:48.587 V/AconfigFlags( 3409): Read Aconfig default flag value lyric_flags.teamfood.uses_teamfood_config = false
11-06 16:00:48.587 V/AconfigFlags( 3409): Read Aconfig default flag value lyric_flags.three_a.input_slack_frame_alignment_enabled = true
11-06 16:00:48.597 D/CompatChangeReporter( 1587): Compat change id reported: 161145287; UID 10137; state: ENABLED
11-06 16:00:48.613 W/DefaultPermGrantPolicy( 1587): Permission not found: com.android.telephony.permission.USE_PIXELIMSMEDIA
11-06 16:00:48.613 W/DefaultPermGrantPolicy( 1587): Permission not found: com.android.telephony.permission.USE_PIXELIMSMEDIA
11-06 16:00:48.613 W/DefaultPermGrantPolicy( 1587): Permission not found: com.android.telephony.permission.USE_PIXELIMSMEDIA
11-06 16:00:48.615 W/DefaultPermGrantPolicy( 1587): Permission not found: com.android.telephony.permission.USE_PIXELIMSMEDIA
11-06 16:00:48.615 W/DefaultPermGrantPolicy( 1587): Permission not found: com.android.telephony.permission.USE_PIXELIMSMEDIA
11-06 16:00:48.616 D/CompatChangeReporter( 1587): Compat change id reported: 151861875; UID 1010192; state: ENABLED
11-06 16:00:48.637 I/ActivityManager( 1587): Start proc 3619:com.google.euiccpixel/u10a192 for broadcast {com.google.euiccpixel/com.google.euiccpixel.receiver.LockedBootCompletedReceiver}
11-06 16:00:48.647 I/ActivityManager( 1587): Start proc 3620:.ShannonImsService/u0a193 for content provider {com.shannon.imsservice/com.shannon.imsservice.util.contentprovider.ImsContentProvider}
11-06 16:00:48.693 W/ActivityThread( 3619): Failed to find provider info for com.google.android.gsf.gservices (user not unlocked)
11-06 16:00:48.693 W/ActivityThread( 3619): Failed to find provider info for com.google.android.gsf.gservices (user not unlocked)
11-06 16:00:48.696 D/CompatChangeReporter( 1587): Compat change id reported: 311402873; UID 1010192; state: ENABLED
11-06 16:00:48.696 D/CompatChangeReporter( 1587): Compat change id reported: 323349338; UID 1010192; state: ENABLED
11-06 16:00:48.703 W/ActivityThread( 3619): Failed to find provider info for com.google.android.gsf.gservices (user not unlocked)
11-06 16:00:48.703 I/BroadcastQueue( 1587): BOOT_COMPLETED_BROADCAST_COMPLETION_LATENCY_REPORTED action:android.intent.action.LOCKED_BOOT_COMPLETED dispatchLatency:974 completeLatency:2354 dispatchRealLatency:974 completeRealLatency:2354 receiversSize:21 userId:10 userType:android.os.usertype.profile.MANAGED
11-06 16:00:48.706 D/CompatChangeReporter( 1587): Compat change id reported: 311208629; UID 1010192; state: ENABLED
11-06 16:00:48.713 D/CompatChangeReporter( 1587): Compat change id reported: 297989574; UID 10193; state: ENABLED
11-06 16:00:48.858 D/CompatChangeReporter( 1587): Compat change id reported: 311208629; UID 10124; state: ENABLED
11-06 16:00:48.886 W/ActivityManager( 1587): Unable to start service Intent { act=com.google.android.chimera.BoundService.START dat=chimera-action: cmp=com.google.android.gms/.chimera.PersistentApiService } U=10: not found
11-06 16:00:48.886 W/ActivityManager( 1587): Unbind failed: could not find connection for android.os.BinderProxy@1e9f215
11-06 16:00:49.323 D/CompatChangeReporter( 1587): Compat change id reported: 319212206; UID 10193; state: ENABLED
11-06 16:00:49.351 W/ActivityManager( 1587): Receiver with filter android.content.IntentFilter@a56308e already registered for pid 2391, callerPackage is com.shannon.imsservice
11-06 16:00:49.376 W/ActivityManager( 1587): Unable to start service Intent { cmp=com.shannon.rcsservice/.uce.ShannonUceService } U=0: not found
11-06 16:00:49.376 W/ActivityManager( 1587): Unable to start service Intent { cmp=com.shannon.rcsservice/.uce.proxy.UceServiceProxy } U=0: not found
11-06 16:00:49.381 I/ActivityManager( 1587): Start proc 3690:com.shannon.rcsservice:shannonrcsservice/u0a209 for content provider {com.shannon.rcsservice/com.shannon.rcsservice.configuration.ConfProvider}
11-06 16:00:49.400 D/CompatChangeReporter( 1587): Compat change id reported: 202110963; UID 10209; state: ENABLED
11-06 16:00:49.472 W/BroadcastLoopers( 1587): Found previously unknown looper Thread[ConnectivityServiceThread,5,main]
11-06 16:00:49.476 W/ContextImpl( 1587): Calling a method in the system process without a qualified user: android.app.ContextImpl.sendBroadcastMultiplePermissions:1332 android.content.Context.sendBroadcastMultiplePermissions:2468 android.content.Context.sendBroadcastMultiplePermissions:2456 com.android.server.TelephonyRegistry.broadcastDataConnectionStateChanged:3916 com.android.server.TelephonyRegistry.notifyDataConnectionForSubscriber:2228 
11-06 16:00:49.513 E/NetlinkEvent(  870): NetlinkEvent::FindParam(): Parameter 'INTERFACE' not found
11-06 16:00:49.513 E/NetlinkEvent(  870): NetlinkEvent::FindParam(): Parameter 'STATE' not found
11-06 16:00:49.513 E/NetlinkEvent(  870): NetlinkEvent::FindParam(): Parameter 'TIME_NS' not found
11-06 16:00:49.513 E/NetlinkEvent(  870): NetlinkEvent::FindParam(): Parameter 'UID' not found
11-06 16:00:49.526 W/ContextImpl( 1587): Calling a method in the system process without a qualified user: android.app.ContextImpl.sendStickyBroadcast:1655 android.net.connectivity.com.android.server.ConnectivityService.sendStickyBroadcast:3937 android.net.connectivity.com.android.server.ConnectivityService.sendGeneralBroadcast:3907 android.net.connectivity.com.android.server.ConnectivityService.sendConnectedBroadcast:3880 android.net.connectivity.com.android.server.ConnectivityService.sendLegacyNetworkBroadcast:11576 
11-06 16:00:49.532 E/AppOps  ( 1587): attributionTag IWLAN not declared in manifest of com.google.android.iwlan
11-06 16:00:49.533 I/SyncManager( 1587): Loaded persisted syncs: 36 periodic syncs, 0 oneshot syncs, 36 total system server jobs, JobStats: FirstLoad: 333/56/36 LastSave: -1/-1/-1
11-06 16:00:49.533 E/AppOps  ( 1587): attributionTag IWLAN not declared in manifest of com.google.android.iwlan
11-06 16:00:49.536 E/AppOps  ( 1587): attributionTag IWLAN not declared in manifest of com.google.android.iwlan
11-06 16:00:49.537 E/AppOps  ( 1587): attributionTag IWLAN not declared in manifest of com.google.android.iwlan
11-06 16:00:49.585 W/ContextImpl( 1587): Calling a method in the system process without a qualified user: android.app.ContextImpl.sendBroadcastMultiplePermissions:1299 android.content.Context.sendBroadcastMultiplePermissions:2522 com.android.server.TelephonyRegistry.broadcastServiceStateChanged:3697 com.android.server.TelephonyRegistry.notifyServiceStateForPhoneId:1759 com.android.internal.telephony.ITelephonyRegistry$Stub.onTransact:546 
11-06 16:00:49.586 W/ContextImpl( 1587): Calling a method in the system process without a qualified user: android.app.ContextImpl.sendBroadcastMultiplePermissions:1332 com.android.server.TelephonyRegistry.broadcastServiceStateChanged:3702 com.android.server.TelephonyRegistry.notifyServiceStateForPhoneId:1759 com.android.internal.telephony.ITelephonyRegistry$Stub.onTransact:546 android.os.Binder.execTransactInternal:1500 
11-06 16:00:49.587 W/ContextImpl( 1587): Calling a method in the system process without a qualified user: android.app.ContextImpl.sendBroadcastMultiplePermissions:1332 com.android.server.TelephonyRegistry.broadcastServiceStateChanged:3711 com.android.server.TelephonyRegistry.notifyServiceStateForPhoneId:1759 com.android.internal.telephony.ITelephonyRegistry$Stub.onTransact:546 android.os.Binder.execTransactInternal:1500 
11-06 16:00:49.589 W/ContextImpl( 1587): Calling a method in the system process without a qualified user: android.app.ContextImpl.sendBroadcastMultiplePermissions:1332 com.android.server.TelephonyRegistry.broadcastServiceStateChanged:3717 com.android.server.TelephonyRegistry.notifyServiceStateForPhoneId:1759 com.android.internal.telephony.ITelephonyRegistry$Stub.onTransact:546 android.os.Binder.execTransactInternal:1500 
11-06 16:00:49.663 W/ContextImpl( 1587): Calling a method in the system process without a qualified user: android.app.ContextImpl.sendBroadcastMultiplePermissions:1332 android.content.Context.sendBroadcastMultiplePermissions:2468 android.content.Context.sendBroadcastMultiplePermissions:2456 com.android.server.TelephonyRegistry.broadcastDataConnectionStateChanged:3916 com.android.server.TelephonyRegistry.notifyDataConnectionForSubscriber:2228 
11-06 16:00:49.721 E/AppOps  ( 1587): attributionTag IWLAN not declared in manifest of com.google.android.iwlan
11-06 16:00:49.722 E/AppOps  ( 1587): attributionTag IWLAN not declared in manifest of com.google.android.iwlan
11-06 16:00:49.725 E/AppOps  ( 1587): attributionTag IWLAN not declared in manifest of com.google.android.iwlan
11-06 16:00:49.726 E/AppOps  ( 1587): attributionTag IWLAN not declared in manifest of com.google.android.iwlan
11-06 16:00:49.740 W/NetworkPolicy( 1587): shared quota unsupported; generating rule for each iface
11-06 16:00:49.741 E/AppOps  ( 1587): attributionTag IWLAN not declared in manifest of com.google.android.iwlan
11-06 16:00:49.743 E/AppOps  ( 1587): attributionTag IWLAN not declared in manifest of com.google.android.iwlan
11-06 16:00:49.745 E/AppOps  ( 1587): attributionTag IWLAN not declared in manifest of com.google.android.iwlan
11-06 16:00:49.746 E/AppOps  ( 1587): attributionTag IWLAN not declared in manifest of com.google.android.iwlan
11-06 16:00:49.766 W/NetworkPolicy( 1587): shared quota unsupported; generating rule for each iface
11-06 16:00:49.832 D/OomAdjuster( 1587): Not killing cached processes
11-06 16:00:49.842 W/ContextImpl( 1587): Calling a method in the system process without a qualified user: android.app.ContextImpl.sendStickyBroadcast:1655 android.net.connectivity.com.android.server.ConnectivityService.sendStickyBroadcast:3937 android.net.connectivity.com.android.server.ConnectivityService.sendGeneralBroadcast:3907 android.net.connectivity.com.android.server.ConnectivityService.sendInetConditionBroadcast:3884 android.net.connectivity.com.android.server.ConnectivityService.updateInetCondition:11228 
11-06 16:00:49.851 W/ActivityThread( 3474): Failed to find provider info for com.google.android.gsf.gservices (user not unlocked)
11-06 16:00:50.262 W/ActivityManager( 1587): Unable to start service Intent { act=com.google.android.gms.phenotype.service.START pkg=com.google.android.gms } U=10: not found
11-06 16:00:50.262 W/ActivityManager( 1587): Unbind failed: could not find connection for android.os.BinderProxy@9eb0a9c
11-06 16:00:50.315 W/ActivityThread( 3474): Failed to find provider info for com.google.android.gsf.gservices (user not unlocked)
11-06 16:00:50.416 W/ContextImpl( 1587): Calling a method in the system process without a qualified user: android.app.ContextImpl.sendBroadcastMultiplePermissions:1332 android.content.Context.sendBroadcastMultiplePermissions:2468 android.content.Context.sendBroadcastMultiplePermissions:2456 com.android.server.TelephonyRegistry.broadcastDataConnectionStateChanged:3916 com.android.server.TelephonyRegistry.notifyDataConnectionForSubscriber:2228 
11-06 16:00:50.456 E/NetlinkEvent(  870): NetlinkEvent::FindParam(): Parameter 'INTERFACE' not found
11-06 16:00:50.456 E/NetlinkEvent(  870): NetlinkEvent::FindParam(): Parameter 'STATE' not found
11-06 16:00:50.456 E/NetlinkEvent(  870): NetlinkEvent::FindParam(): Parameter 'TIME_NS' not found
11-06 16:00:50.456 E/NetlinkEvent(  870): NetlinkEvent::FindParam(): Parameter 'UID' not found
11-06 16:00:50.598 D/CompatChangeReporter( 1587): Compat change id reported: 311208629; UID 1010173; state: ENABLED
11-06 16:00:50.669 E/AppOps  ( 1587): attributionTag VCN not declared in manifest of android
11-06 16:00:50.671 E/AppOps  ( 1587): attributionTag VCN not declared in manifest of android
11-06 16:00:50.672 E/AppOps  ( 1587): attributionTag VCN not declared in manifest of android
11-06 16:00:50.674 E/AppOps  ( 1587): attributionTag VCN not declared in manifest of android
11-06 16:00:50.675 E/AppOps  ( 1587): attributionTag VCN not declared in manifest of android
11-06 16:00:50.676 E/AppOps  ( 1587): attributionTag VCN not declared in manifest of android
11-06 16:00:51.450 D/CompatChangeReporter( 1587): Compat change id reported: 311208629; UID 1010124; state: ENABLED
11-06 16:00:51.454 I/ActivityManager( 1587): reportOnUserCompletedEvent(10): stored=1, eligible=1
11-06 16:00:51.454 D/SystemServerTimingAsync( 1587): ssm.CompletedEventUser-10
11-06 16:00:51.454 I/SystemServiceManager( 1587): Calling onCompletedEventUser 10
11-06 16:00:51.456 D/SystemServerTimingAsync( 1587): ssm.onCompletedEventUser-10_{|Starting|}_com.android.server.security.FileIntegrityService
11-06 16:00:51.456 D/SystemServerTimingAsync( 1587): ssm.onCompletedEventUser-10_{|Starting|}_com.android.server.pm.Installer
11-06 16:00:51.456 D/SystemServerTimingAsync( 1587): ssm.onCompletedEventUser-10_{|Starting|}_com.android.server.os.DeviceIdentifiersPolicyService
11-06 16:00:51.457 D/SystemServerTimingAsync( 1587): ssm.onCompletedEventUser-10_{|Starting|}_com.android.server.flags.FeatureFlagsService
11-06 16:00:51.457 D/SystemServerTimingAsync( 1587): ssm.onCompletedEventUser-10_{|Starting|}_com.android.server.uri.UriGrantsManagerService$Lifecycle
11-06 16:00:51.457 D/SystemServerTimingAsync( 1587): ssm.onCompletedEventUser-10_{|Starting|}_com.android.server.powerstats.PowerStatsService
11-06 16:00:51.457 D/SystemServerTimingAsync( 1587): ssm.onCompletedEventUser-10_{|Starting|}_com.android.server.wm.ActivityTaskManagerService$Lifecycle
11-06 16:00:51.457 D/SystemServerTimingAsync( 1587): ssm.onCompletedEventUser-10_{|Starting|}_com.android.server.am.ActivityManagerService$Lifecycle
11-06 16:00:51.457 D/SystemServerTimingAsync( 1587): ssm.onCompletedEventUser-10_{|Starting|}_com.android.server.pm.DataLoaderManagerService
11-06 16:00:51.457 D/SystemServerTimingAsync( 1587): ssm.onCompletedEventUser-10_{|Starting|}_com.android.server.power.PowerManagerService
11-06 16:00:51.457 D/SystemServerTimingAsync( 1587): ssm.onCompletedEventUser-10_{|Starting|}_com.android.server.permission.access.AccessCheckingService
11-06 16:00:51.457 D/SystemServerTimingAsync( 1587): ssm.onCompletedEventUser-10_{|Starting|}_com.android.server.recoverysystem.RecoverySystemService$Lifecycle
11-06 16:00:51.457 D/SystemServerTimingAsync( 1587): ssm.onCompletedEventUser-10_{|Starting|}_com.android.server.lights.LightsService
11-06 16:00:51.457 D/SystemServerTimingAsync( 1587): ssm.onCompletedEventUser-10_{|Starting|}_com.android.server.display.DisplayManagerService
11-06 16:00:51.457 D/SystemServerTimingAsync( 1587): ssm.onCompletedEventUser-10_{|Starting|}_com.android.server.pm.verify.domain.DomainVerificationService
11-06 16:00:51.457 D/SystemServerTimingAsync( 1587): ssm.onCompletedEventUser-10_{|Starting|}_com.android.server.pm.PackageInstallerService$Lifecycle
11-06 16:00:51.457 D/SystemServerTimingAsync( 1587): ssm.onCompletedEventUser-10_{|Starting|}_com.android.server.pm.UserManagerService$LifeCycle
11-06 16:00:51.457 D/SystemServerTimingAsync( 1587): ssm.onCompletedEventUser-10_{|Starting|}_com.android.server.om.OverlayManagerService
11-06 16:00:51.457 D/SystemServerTimingAsync( 1587): ssm.onCompletedEventUser-10_{|Starting|}_com.android.server.resources.ResourcesManagerService
11-06 16:00:51.457 D/SystemServerTimingAsync( 1587): ssm.onCompletedEventUser-10_{|Starting|}_com.android.server.sensorprivacy.SensorPrivacyService
11-06 16:00:51.457 D/SystemServerTimingAsync( 1587): ssm.onCompletedEventUser-10_{|Starting|}_com.android.server.sensors.SensorService
11-06 16:00:51.457 D/SystemServerTimingAsync( 1587): ssm.onCompletedEventUser-10_{|Starting|}_com.android.server.SystemConfigService
11-06 16:00:51.458 D/SystemServerTimingAsync( 1587): ssm.onCompletedEventUser-10_{|Starting|}_com.android.server.BatteryService
11-06 16:00:51.458 D/SystemServerTimingAsync( 1587): ssm.onCompletedEventUser-10_{|Starting|}_com.android.server.usage.UsageStatsService
11-06 16:00:51.458 D/SystemServerTimingAsync( 1587): ssm.onCompletedEventUser-10_{|Starting|}_com.android.server.webkit.WebViewUpdateService
11-06 16:00:51.458 D/SystemServerTimingAsync( 1587): ssm.onCompletedEventUser-10_{|Starting|}_com.android.server.CachedDeviceStateService
11-06 16:00:51.458 D/SystemServerTimingAsync( 1587): ssm.onCompletedEventUser-10_{|Starting|}_com.android.server.BinderCallsStatsService$LifeCycle
11-06 16:00:51.458 D/SystemServerTimingAsync( 1587): ssm.onCompletedEventUser-10_{|Starting|}_com.android.server.LooperStatsService$Lifecycle
11-06 16:00:51.458 D/SystemServerTimingAsync( 1587): ssm.onCompletedEventUser-10_{|Starting|}_com.android.server.rollback.RollbackManagerService
11-06 16:00:51.458 D/SystemServerTimingAsync( 1587): ssm.onCompletedEventUser-10_{|Starting|}_com.android.server.os.NativeTombstoneManagerService
11-06 16:00:51.458 D/SystemServerTimingAsync( 1587): ssm.onCompletedEventUser-10_{|Starting|}_com.android.server.os.BugreportManagerService
11-06 16:00:51.458 D/SystemServerTimingAsync( 1587): ssm.onCompletedEventUser-10_{|Starting|}_com.android.server.gpu.GpuService
11-06 16:00:51.458 D/SystemServerTimingAsync( 1587): ssm.onCompletedEventUser-10_{|Starting|}_com.android.server.security.rkp.RemoteProvisioningService
11-06 16:00:51.458 D/SystemServerTimingAsync( 1587): ssm.onCompletedEventUser-10_{|Starting|}_com.android.server.security.KeyChainSystemService
11-06 16:00:51.458 D/SystemServerTimingAsync( 1587): ssm.onCompletedEventUser-10_{|Starting|}_com.android.server.BinaryTransparencyService
11-06 16:00:51.458 D/SystemServerTimingAsync( 1587): ssm.onCompletedEventUser-10_{|Starting|}_com.android.server.telecom.TelecomLoaderService
11-06 16:00:51.458 I/SystemServiceManager( 1587): Skipping CompletedEventUser-10 on com.android.server.voiceinteraction.VoiceInteractionManagerService
11-06 16:00:51.458 D/SystemServerTimingAsync( 1587): ssm.onCompletedEventUser-10_{|Starting|}_com.android.server.power.ThermalManagerService
11-06 16:00:51.458 D/SystemServerTimingAsync( 1587): ssm.onCompletedEventUser-10_{|Starting|}_com.android.server.accounts.AccountManagerService$Lifecycle
11-06 16:00:51.459 D/SystemServerTimingAsync( 1587): ssm.onCompletedEventUser-10_{|Starting|}_com.android.server.deviceconfig.DeviceConfigInit$Lifecycle
11-06 16:00:51.459 D/SystemServerTimingAsync( 1587): ssm.onCompletedEventUser-10_{|Starting|}_com.android.server.DropBoxManagerService
11-06 16:00:51.459 D/SystemServerTimingAsync( 1587): ssm.onCompletedEventUser-10_{|Starting|}_com.android.ecm.EnhancedConfirmationService
11-06 16:00:51.459 D/SystemServerTimingAsync( 1587): ssm.onCompletedEventUser-10_{|Starting|}_com.android.server.content.ContentService$Lifecycle
11-06 16:00:51.459 D/SystemServerTimingAsync( 1587): ssm.onCompletedEventUser-10_{|Starting|}_com.android.server.power.hint.HintManagerService
11-06 16:00:51.459 D/SystemServerTimingAsync( 1587): ssm.onCompletedEventUser-10_{|Starting|}_com.android.server.vibrator.VibratorManagerService$Lifecycle
11-06 16:00:51.459 D/SystemServerTimingAsync( 1587): ssm.onCompletedEventUser-10_{|Starting|}_com.android.server.alarm.AlarmManagerService
11-06 16:00:51.459 D/SystemServerTimingAsync( 1587): ssm.onCompletedEventUser-10_{|Starting|}_com.android.server.devicestate.DeviceStateManagerService
11-06 16:00:51.459 D/SystemServerTimingAsync( 1587): ssm.onCompletedEventUser-10_{|Starting|}_com.android.role.RoleService
11-06 16:00:51.459 D/SystemServerTimingAsync( 1587): ssm.onCompletedEventUser-10_{|Starting|}_com.android.server.camera.CameraServiceProxy
11-06 16:00:51.459 D/SystemServerTimingAsync( 1587): ssm.onCompletedEventUser-10_{|Starting|}_com.android.server.connectivity.IpConnectivityMetrics
11-06 16:00:51.459 D/SystemServerTimingAsync( 1587): ssm.onCompletedEventUser-10_{|Starting|}_com.android.server.net.watchlist.NetworkWatchlistService$Lifecycle
11-06 16:00:51.459 D/SystemServerTimingAsync( 1587): ssm.onCompletedEventUser-10_{|Starting|}_com.android.server.bluetooth.BluetoothService
11-06 16:00:51.459 D/SystemServerTimingAsync( 1587): ssm.onCompletedEventUser-10_{|Starting|}_com.android.server.PinnerService
11-06 16:00:51.459 D/SystemServerTimingAsync( 1587): ssm.onCompletedEventUser-10_{|Starting|}_com.android.server.integrity.AppIntegrityManagerService
11-06 16:00:51.459 D/SystemServerTimingAsync( 1587): ssm.onCompletedEventUser-10_{|Starting|}_com.android.server.logcat.LogcatManagerService
11-06 16:00:51.459 D/SystemServerTimingAsync( 1587): ssm.onCompletedEventUser-10_{|Starting|}_com.android.server.accessibility.AccessibilityManagerService$Lifecycle
11-06 16:00:51.459 D/SystemServerTimingAsync( 1587): ssm.onCompletedEventUser-10_{|Starting|}_com.android.server.inputmethod.InputMethodManagerService$Lifecycle
11-06 16:00:51.459 D/SystemServerTimingAsync( 1587): ssm.onCompletedEventUser-10_{|Starting|}_com.android.server.StorageManagerService$Lifecycle
11-06 16:00:51.459 D/SystemServerTimingAsync( 1587): ssm.onCompletedEventUser-10_{|Starting|}_com.android.server.UiModeManagerService
11-06 16:00:51.459 D/SystemServerTimingAsync( 1587): ssm.onCompletedEventUser-10_{|Starting|}_com.android.server.usage.StorageStatsService$Lifecycle
11-06 16:00:51.459 D/SystemServerTimingAsync( 1587): ssm.onCompletedEventUser-10_{|Starting|}_com.android.server.locales.LocaleManagerService
11-06 16:00:51.459 D/SystemServerTimingAsync( 1587): ssm.onCompletedEventUser-10_{|Starting|}_com.android.server.apphibernation.AppHibernationService
11-06 16:00:51.459 D/SystemServerTimingAsync( 1587): ssm.onCompletedEventUser-10_{|Starting|}_com.android.server.grammaticalinflection.GrammaticalInflectionService
11-06 16:00:51.459 D/SystemServerTimingAsync( 1587): ssm.onCompletedEventUser-10_{|Starting|}_com.android.server.locksettings.LockSettingsService$Lifecycle
11-06 16:00:51.460 D/SystemServerTimingAsync( 1587): ssm.onCompletedEventUser-10_{|Starting|}_com.android.server.testharness.TestHarnessModeService
11-06 16:00:51.460 D/SystemServerTimingAsync( 1587): ssm.onCompletedEventUser-10_{|Starting|}_com.android.server.oemlock.OemLockService
