--------- beginning of kernel
11-06 16:06:29.764     0     0 I trusty  : boot args 0x*** 0x*** 0x1000 0x0
11-06 16:06:29.764     0     0 I trusty  : gicc 0x***, gicd 0x***, gicr 0x***
11-06 16:06:29.764     0     0 I trusty  : initializing trusty (Project: slider, Build: 11918016, Built: 09:10:02 Jun  3 2024)
11-06 16:06:29.970     0     0 I trusty  : hwkey_srv: 591: committed=5/00000***/00000*** running=5/00000***/00000*** time=***ns
11-06 16:06:29.974     0     0 I trusty  : fs_init_from_super():872: fs tp: loaded super block version 0, checkpoint exists: 0
11-06 16:06:30.011     0     0 I trusty  : system_state_server: 80: trusty=0/0/0 prov=0/0/1/0/0 app=0/0 roll=0/0/0/0
11-06 16:06:31.495     0     0 I trusty  : sac-ssmt: 111: TPU: Setup TZ SSMT 0
11-06 16:06:31.502     0     0 I trusty  : sac-ssmt: 111: TPU: Setup TZ SSMT 0
11-06 16:06:32.256     0     0 I trusty  : sac-ssmt: 90: AOC: Setup TZ SSMT
11-06 16:06:34.932     0     0 I trusty  : fs_init_from_super():872: fs tp: loaded super block version 0, checkpoint exists: 0
11-06 16:06:34.938     0     0 I trusty  : fs_init_from_super():872: fs tdp: loaded super block version 3, checkpoint exists: 0
11-06 16:06:34.940     0     0 I trusty  : fs_init_from_super():872: fs td: loaded super block version 2, checkpoint exists: 0
11-06 16:06:34.944     0     0 I trusty  : apploader_policy_engine: 390: NON_CRITICAL_APP requested
11-06 16:06:34.944     0     0 I trusty  : apploader_policy_engine: 400: Allowing app loading: passed policy: 8db26df6-9e77-4f61-b3c2-b88a788cbac2
11-06 16:06:34.984     0     0 I trusty  : sac-ssmt: 111: TPU: Setup TZ SSMT 0
11-06 16:06:34.992     0     0 I trusty  : sac-ssmt: 111: TPU: Setup TZ SSMT 0
11-06 16:06:35.306     0     0 I trusty  : [GF_TA][I][gf_modules][ta_version_info] SOFT VERSION INFO PRINT
11-06 16:06:35.306     0     0 I trusty  : [GF_TA][I][gf_modules][ta_version_info] ANDROID_VERSION=android12.0
11-06 16:06:35.306     0     0 I trusty  : [GF_TA][I][gf_modules][ta_version_info] TARGET_MODE=release
11-06 16:06:35.306     0     0 I trusty  : [GF_TA][I][gf_modules][ta_version_info] PACKAGE_VERSION_CODE=26010162
11-06 16:06:35.306     0     0 I trusty  : [GF_TA][I][gf_modules][ta_version_info] PACKAGE_VERSION_NAME=V26.01.01.62
11-06 16:06:35.306     0     0 I trusty  : [GF_TA][I][gf_modules][ta_version_info] GIT_BRANCH=master
11-06 16:06:35.306     0     0 I trusty  : [GF_TA][I][gf_modules][ta_version_info] COMMIT_ID=ed1d48b_af07f73_2cad877
11-06 16:06:35.306     0     0 I trusty  : [GF_TA][I][gf_modules][ta_version_info] BUILD_TIME=2022.05.20_15:45:26
11-06 16:06:35.306     0     0 I trusty  : [GF_TA][I][gf_modules][ta_version_info] TA_VERSION=ed1d48b_af07f73_2cad877_2022.05.20_15:45:26
11-06 16:06:35.306     0     0 I trusty  : [GF_TA][I][gf_hw_dc][gf_hw_dc_init_function]  sensor_type=0x00000003
11-06 16:06:35.306     0     0 I trusty  : [GF_TA][I][gf_hw_dc][gf_hw_dc_init_function]  init delmar_t 
11-06 16:06:35.309     0     0 I trusty  : [GF_TA][I][gf_sensor_utils][print_ta_version_in_sensor_utils] TA_VERSION=ed1d48b_af07f73_2cad877_2022.05.20_15:45:26
11-06 16:06:35.309     0     0 I trusty  : [GF_TA][I][gf_extension][gf_extension_create] debuggable:0
11-06 16:06:35.312     0     0 I trusty  : [GF_TA][I][gf_hw][hw_detect_chip_type] detect chip type = 3
11-06 16:06:35.316     0     0 I trusty  : [GF_TA][E][gf_sensor_customized][sensor_customized_do_init] hbm_mode=0
11-06 16:06:35.316     0     0 I trusty  : [GF_TA][E][gf_sensor_customized][sensor_customized_do_init] support_local_hbm_mode=1
11-06 16:06:35.316     0     0 I trusty  : [GF_TA][E][gf_hw][hw_has_flash] exit. err=GF_ERROR_BASE, errno=1000
11-06 16:06:35.316     0     0 I trusty  : [GF_TA][E][gf_delmar_t_dc][delmar_read_vendor_id] smt1 vendor id =0000
11-06 16:06:35.316     0     0 I trusty  : [GF_TA][E][gf_delmar_t_dc][delmar_read_vendor_id] smt2 vendor id =0000
11-06 16:06:35.401     0     0 I trusty  : [GF_TA][E][gf_local_store_file_system][gf_load_data_in_partion]Sector 0 no data in block index = 0, seg_offset = 0
11-06 16:06:35.401     0     0 I trusty  : [GF_TA][E][gf_local_store_file_system][gf_load_data_in_partion] exit. err=GF_ERROR_INVALID_DATA, errno=1024
11-06 16:06:35.402     0     0 I trusty  : [GF_TA][I][gf_delmar_sensor][sensor_do_init] sensor 0 cf_mark = 1 cf_mask_type = 5, optical_type = 14
11-06 16:06:35.402     0     0 I trusty  : [GF_TA][I][gf_delmar_sensor][sensor_do_init] sg num = 4
11-06 16:06:35.402     0     0 I trusty  : [GF_TA][I][gf_delmar_sensor][sensor_do_init] bg version = 1
11-06 16:06:35.402     0     0 I trusty  : [GF_TA][E][gf_hw_utils][gf_get_c_chip_type] exit. err=GF_ERROR_CHIP_TYPE_INCORRECT, errno=1528
11-06 16:06:35.402     0     0 I trusty  : [GF_TA][I][gf_delmar_sensor][sensor_do_init] get c chip type err:1528, maybe not g6x, not break
11-06 16:06:35.402     0     0 I trusty  : [GF_TA][I][gf_delmar_sensor][sensor_do_init] fw_version = 
11-06 16:06:35.402     0     0 I trusty  : [GF_TA][E][gf_delmar_t_dc][init_default_config] load DELMAR_SENSOR_TYPE_SINGLE_T_SE5 config.
11-06 16:06:35.402     0     0 I trusty  : [GF_TA][I][gf_delmar_t_dc][init_default_config] idle config, addr: 0x166, val: 0x4
11-06 16:06:35.402     0     0 I trusty  : [GF_TA][I][gf_delmar_t_dc][init_default_config] idle config, addr: 0x13a, val: 0x0
11-06 16:06:35.402     0     0 I trusty  : [GF_TA][I][gf_hw_utils][gf_get_pga_gain_value] sensor index = 0 gain_value=11.654500
11-06 16:06:35.409     0     0 I trusty  : [GF_TA][I][gf_hw_dc][hw_init_chip_config] Data process version(Mixed):DataProcMixed_V1.0.25 
11-06 16:06:35.410     0     0 I trusty  : [GF_TA][I][gf_algo_common][algo_check_config] max_fingers=32
11-06 16:06:35.410     0     0 I trusty  : [GF_TA][I][gf_algo_common][algo_check_config] max_fingers_per_user=5
11-06 16:06:35.410     0     0 I trusty  : [GF_TA][I][gf_algo_common][algo_check_config] enrolling_min_templates=40
11-06 16:06:35.410     0     0 I trusty  : [GF_TA][I][gf_algo_common][algo_check_config] valid_image_quality_threshold=15
11-06 16:06:35.410     0     0 I trusty  : [GF_TA][I][gf_algo_common][algo_check_config] valid_image_area_threshold=65
11-06 16:06:35.410     0     0 I trusty  : [GF_TA][I][gf_algo_common][algo_check_config] duplicate_finger_overlay_score=70
11-06 16:06:35.410     0     0 I trusty  : [GF_TA][I][gf_algo_common][algo_check_config] increase_rate_between_stitch_info=10
11-06 16:06:35.410     0     0 I trusty  : [GF_TA][I][gf_algo_common][algo_check_config] forbidden_enroll_duplicate_fingers=0
11-06 16:06:35.410     0     0 I trusty  : [GF_TA][I][gf_algo_common][algo_check_config] authenticate_order=0
11-06 16:06:35.410     0     0 I trusty  : [GF_TA][I][gf_algo_common][algo_check_config] template_update_save_threshold=20
11-06 16:06:35.410     0     0 I trusty  : [GF_TA][E][gf_cali][cali_init] start cali inti lb mode = 0.
11-06 16:06:35.607     0     0 I trusty  : [GF_TA][I][gf_algo_adapter][gf_adt_fp_preprocess_init] MoireFilterVersion=Moire_v_2.01.13
11-06 16:06:35.663     0     0 I trusty  : [GF_TA][I][gf_algo_adapter][gf_adt_fp_preprocess_init] MoireFilterVersion=Moire_v_2.01.13
11-06 16:06:35.716     0     0 I trusty  : [GF_TA][I][gf_algo_adapter][gf_adt_fp_preprocess_init] MoireFilterVersion=Moire_v_2.01.13
11-06 16:06:35.767     0     0 I trusty  : [GF_TA][I][gf_algo_adapter][gf_adt_fp_preprocess_init] MoireFilterVersion=Moire_v_2.01.13
11-06 16:06:35.782     0     0 I trusty  : [GF_TA][E][gf_delmar_t_dc][delmar_get_smt_signal_ratio] exit. err=GF_ERROR_GET_OTP_INFO_FAILED, errno=1069
11-06 16:06:35.782     0     0 I trusty  : [GF_TA][E][gf_hw_dc][hw_get_smt_signal_ratio] exit. err=GF_ERROR_GET_OTP_INFO_FAILED, errno=1069
11-06 16:06:35.782     0     0 I trusty  : [GF_TA][E][gf_delmar_ta][gf_init_smt_signal_ratio_data] exit. err=GF_ERROR_GET_OTP_INFO_FAILED, errno=1069
11-06 16:06:35.782     0     0 I trusty  : [GF_TA][I][gf_algo_adapter][gf_adt_fp_preprocess_init] MoireFilterVersion=Moire_v_2.01.13
11-06 16:06:35.782     0     0 I trusty  : [GF_TA][E][gf_cali][cali_after_init] cali_info=0x***, cali_info->pstPreProc=0
11-06 16:06:36.125     0     0 I trusty  : [GF_TA][I][gf_algo_test_adapter][get_product_test_other_version] product version = MPALGO_01.00.00.27.01-A.109.10.23.30
11-06 16:06:36.125     0     0 I trusty  : [GF_TA][I][gf_delmar_algo][algo_do_init] algorithm version:Shenzhen_v_2.02.02.42.03.56
11-06 16:06:36.125     0     0 I trusty  : [GF_TA][I][gf_delmar_algo][algo_do_init] preprocess version:Preprocess_v_2.02.02.35.56
11-06 16:06:36.125     0     0 I trusty  : [GF_TA][I][gf_delmar_algo][algo_do_init] production version:MPALGO_01.00.00.27.01-A.109.10.23.30
11-06 16:06:36.125     0     0 I trusty  : [GF_TA][I][gf_algo_adapter][gf_adt_get_fake_version] af for g6 opt7
11-06 16:06:36.125     0     0 I trusty  : [GF_TA][I][gf_algo_af][af_get_version] Fake algo version : GF_ASP_4.01.31.02
11-06 16:06:37.344     0     0 I trusty  : [GF_TA][I][gf_fpcore_common][fpcore_load_finger_template] sync data to backup object(finger_0_0_bak.so) success
11-06 16:06:37.349     0     0 I trusty  : [GF_TA][I][gf_fpcore_common][fpcore_load_finger_template_extra_info] sync data to backup object(finger_extra_info_0_0_bak.so) success
11-06 16:06:37.959     0     0 I trusty  : [GF_TA][I][gf_fpcore_common][fpcore_load_finger_template] sync data to backup object(finger_0_1_bak.so) success
11-06 16:06:37.963     0     0 I trusty  : [GF_TA][I][gf_fpcore_common][fpcore_load_finger_template_extra_info] sync data to backup object(finger_extra_info_0_1_bak.so) success
11-06 16:06:37.963     0     0 I trusty  : [GF_TA][E][gf_tee_storage][gf_tee_open_object] exit. err=GF_ERROR_OPEN_SECURE_OBJECT_FAILED, errno=1035
11-06 16:06:37.963     0     0 I trusty  : [GF_TA][E][gf_secure_object][gf_so_load_persistent_object] so(finger_0_2.so) not exist
11-06 16:06:37.963     0     0 I trusty  : [GF_TA][E][gf_secure_object][gf_so_load_persistent_object] exit. err=GF_ERROR_OPEN_SECURE_OBJECT_FAILED, errno=1035
11-06 16:06:37.963     0     0 I trusty  : [GF_TA][E][gf_tee_storage][gf_tee_open_object] exit. err=GF_ERROR_OPEN_SECURE_OBJECT_FAILED, errno=1035
11-06 16:06:37.963     0     0 I trusty  : [GF_TA][E][gf_secure_object][gf_so_load_persistent_object] so(finger_0_2_bak.so) not exist
11-06 16:06:37.963     0     0 I trusty  : [GF_TA][E][gf_secure_object][gf_so_load_persistent_object] exit. err=GF_ERROR_OPEN_SECURE_OBJECT_FAILED, errno=1035
11-06 16:06:37.963     0     0 I trusty  : [GF_TA][E][gf_fpcore_common][fpcore_load_finger_template] exit. err=GF_ERROR_OPEN_SECURE_OBJECT_FAILED, errno=1035
11-06 16:06:37.963     0     0 I trusty  : [GF_TA][I][gf_fpcore_common][fpcore_switch_user] load group_id(0), index(2) failed
11-06 16:06:37.963     0     0 I trusty  : [GF_TA][E][gf_tee_storage][gf_tee_open_object] exit. err=GF_ERROR_OPEN_SECURE_OBJECT_FAILED, errno=1035
11-06 16:06:37.963     0     0 I trusty  : [GF_TA][E][gf_secure_object][gf_so_load_persistent_object] so(finger_0_3.so) not exist
11-06 16:06:37.963     0     0 I trusty  : [GF_TA][E][gf_secure_object][gf_so_load_persistent_object] exit. err=GF_ERROR_OPEN_SECURE_OBJECT_FAILED, errno=1035
11-06 16:06:37.963     0     0 I trusty  : [GF_TA][E][gf_tee_storage][gf_tee_open_object] exit. err=GF_ERROR_OPEN_SECURE_OBJECT_FAILED, errno=1035
11-06 16:06:37.963     0     0 I trusty  : [GF_TA][E][gf_secure_object][gf_so_load_persistent_object] so(finger_0_3_bak.so) not exist
11-06 16:06:37.963     0     0 I trusty  : [GF_TA][E][gf_secure_object][gf_so_load_persistent_object] exit. err=GF_ERROR_OPEN_SECURE_OBJECT_FAILED, errno=1035
11-06 16:06:37.963     0     0 I trusty  : [GF_TA][E][gf_fpcore_common][fpcore_load_finger_template] exit. err=GF_ERROR_OPEN_SECURE_OBJECT_FAILED, errno=1035
11-06 16:06:37.963     0     0 I trusty  : [GF_TA][I][gf_fpcore_common][fpcore_switch_user] load group_id(0), index(3) failed
11-06 16:06:37.963     0     0 I trusty  : [GF_TA][E][gf_tee_storage][gf_tee_open_object] exit. err=GF_ERROR_OPEN_SECURE_OBJECT_FAILED, errno=1035
11-06 16:06:37.963     0     0 I trusty  : [GF_TA][E][gf_secure_object][gf_so_load_persistent_object] so(finger_0_4.so) not exist
11-06 16:06:37.963     0     0 I trusty  : [GF_TA][E][gf_secure_object][gf_so_load_persistent_object] exit. err=GF_ERROR_OPEN_SECURE_OBJECT_FAILED, errno=1035
11-06 16:06:37.963     0     0 I trusty  : [GF_TA][E][gf_tee_storage][gf_tee_open_object] exit. err=GF_ERROR_OPEN_SECURE_OBJECT_FAILED, errno=1035
11-06 16:06:37.963     0     0 I trusty  : [GF_TA][E][gf_secure_object][gf_so_load_persistent_object] so(finger_0_4_bak.so) not exist
11-06 16:06:37.963     0     0 I trusty  : [GF_TA][E][gf_secure_object][gf_so_load_persistent_object] exit. err=GF_ERROR_OPEN_SECURE_OBJECT_FAILED, errno=1035
11-06 16:06:37.963     0     0 I trusty  : [GF_TA][E][gf_fpcore_common][fpcore_load_finger_template] exit. err=GF_ERROR_OPEN_SECURE_OBJECT_FAILED, errno=1035
11-06 16:06:37.963     0     0 I trusty  : [GF_TA][I][gf_fpcore_common][fpcore_switch_user] load group_id(0), index(4) failed
11-06 16:06:38.718     0     0 I trusty  : [GF_TA][E][gf_tee_storage][gf_tee_open_object] exit. err=GF_ERROR_OPEN_SECURE_OBJECT_FAILED, errno=1035
11-06 16:06:38.718     0     0 I trusty  : [GF_TA][E][gf_secure_object][gf_so_load_persistent_object] so(finger_0_2.so) not exist
11-06 16:06:38.718     0     0 I trusty  : [GF_TA][E][gf_secure_object][gf_so_load_persistent_object] exit. err=GF_ERROR_OPEN_SECURE_OBJECT_FAILED, errno=1035
11-06 16:06:38.718     0     0 I trusty  : [GF_TA][E][gf_tee_storage][gf_tee_open_object] exit. err=GF_ERROR_OPEN_SECURE_OBJECT_FAILED, errno=1035
11-06 16:06:38.718     0     0 I trusty  : [GF_TA][E][gf_secure_object][gf_so_load_persistent_object] so(finger_0_2_bak.so) not exist
11-06 16:06:38.718     0     0 I trusty  : [GF_TA][E][gf_secure_object][gf_so_load_persistent_object] exit. err=GF_ERROR_OPEN_SECURE_OBJECT_FAILED, errno=1035
11-06 16:06:38.718     0     0 I trusty  : [GF_TA][E][gf_tee_storage][gf_tee_open_object] exit. err=GF_ERROR_OPEN_SECURE_OBJECT_FAILED, errno=1035
11-06 16:06:38.718     0     0 I trusty  : [GF_TA][E][gf_secure_object][gf_so_load_persistent_object] so(finger_0_3.so) not exist
11-06 16:06:38.718     0     0 I trusty  : [GF_TA][E][gf_secure_object][gf_so_load_persistent_object] exit. err=GF_ERROR_OPEN_SECURE_OBJECT_FAILED, errno=1035
11-06 16:06:38.718     0     0 I trusty  : [GF_TA][E][gf_tee_storage][gf_tee_open_object] exit. err=GF_ERROR_OPEN_SECURE_OBJECT_FAILED, errno=1035
11-06 16:06:38.718     0     0 I trusty  : [GF_TA][E][gf_secure_object][gf_so_load_persistent_object] so(finger_0_3_bak.so) not exist
11-06 16:06:38.718     0     0 I trusty  : [GF_TA][E][gf_secure_object][gf_so_load_persistent_object] exit. err=GF_ERROR_OPEN_SECURE_OBJECT_FAILED, errno=1035
11-06 16:06:38.718     0     0 I trusty  : [GF_TA][E][gf_tee_storage][gf_tee_open_object] exit. err=GF_ERROR_OPEN_SECURE_OBJECT_FAILED, errno=1035
11-06 16:06:38.718     0     0 I trusty  : [GF_TA][E][gf_secure_object][gf_so_load_persistent_object] so(finger_0_4.so) not exist
11-06 16:06:38.718     0     0 I trusty  : [GF_TA][E][gf_secure_object][gf_so_load_persistent_object] exit. err=GF_ERROR_OPEN_SECURE_OBJECT_FAILED, errno=1035
11-06 16:06:38.718     0     0 I trusty  : [GF_TA][E][gf_tee_storage][gf_tee_open_object] exit. err=GF_ERROR_OPEN_SECURE_OBJECT_FAILED, errno=1035
11-06 16:06:38.718     0     0 I trusty  : [GF_TA][E][gf_secure_object][gf_so_load_persistent_object] so(finger_0_4_bak.so) not exist
11-06 16:06:38.718     0     0 I trusty  : [GF_TA][E][gf_secure_object][gf_so_load_persistent_object] exit. err=GF_ERROR_OPEN_SECURE_OBJECT_FAILED, errno=1035
11-06 16:06:38.718     0     0 I trusty  : [GF_TA][E][gf_fpcore_common][fpcore_get_finger_ids_from_so] exit. err=GF_ERROR_OPEN_SECURE_OBJECT_FAILED, errno=1035
11-06 16:06:38.739     0     0 I trusty  : [GF_TA][E][gf_tee_storage][gf_tee_open_object] exit. err=GF_ERROR_OPEN_SECURE_OBJECT_FAILED, errno=1035
11-06 16:06:38.742     0     0 I trusty  : [GF_TA][E][gf_secure_object][gf_so_load_persistent_object] so(auth_token_10.so) not exist
11-06 16:06:38.742     0     0 I trusty  : [GF_TA][E][gf_secure_object][gf_so_load_persistent_object] exit. err=GF_ERROR_OPEN_SECURE_OBJECT_FAILED, errno=1035
11-06 16:06:38.742     0     0 I trusty  : [GF_TA][E][gf_fpcore_common][fpcore_load_auth_token] Load secure id from auth_token_10.so failed
11-06 16:06:38.742     0     0 I trusty  : [GF_TA][E][gf_tee_storage][gf_tee_open_object] exit. err=GF_ERROR_OPEN_SECURE_OBJECT_FAILED, errno=1035
11-06 16:06:38.742     0     0 I trusty  : [GF_TA][E][gf_secure_object][gf_so_load_persistent_object] so(auth_token.so) not exist
11-06 16:06:38.742     0     0 I trusty  : [GF_TA][E][gf_secure_object][gf_so_load_persistent_object] exit. err=GF_ERROR_OPEN_SECURE_OBJECT_FAILED, errno=1035
11-06 16:06:38.742     0     0 I trusty  : [GF_TA][E][gf_fpcore_common][fpcore_load_auth_token] Load secure id failed
11-06 16:06:38.742     0     0 I trusty  : [GF_TA][E][gf_fpcore_common][fpcore_load_auth_token] exit. err=GF_ERROR_OPEN_SECURE_OBJECT_FAILED, errno=1035
11-06 16:06:38.742     0     0 I trusty  : [GF_TA][E][gf_tee_storage][gf_tee_open_object] exit. err=GF_ERROR_OPEN_SECURE_OBJECT_FAILED, errno=1035
11-06 16:06:38.742     0     0 I trusty  : [GF_TA][E][gf_secure_object][gf_so_load_persistent_object] so(finger_10_0.so) not exist
11-06 16:06:38.742     0     0 I trusty  : [GF_TA][E][gf_secure_object][gf_so_load_persistent_object] exit. err=GF_ERROR_OPEN_SECURE_OBJECT_FAILED, errno=1035
11-06 16:06:38.742     0     0 I trusty  : [GF_TA][E][gf_tee_storage][gf_tee_open_object] exit. err=GF_ERROR_OPEN_SECURE_OBJECT_FAILED, errno=1035
11-06 16:06:38.742     0     0 I trusty  : [GF_TA][E][gf_secure_object][gf_so_load_persistent_object] so(finger_10_0_bak.so) not exist
11-06 16:06:38.742     0     0 I trusty  : [GF_TA][E][gf_secure_object][gf_so_load_persistent_object] exit. err=GF_ERROR_OPEN_SECURE_OBJECT_FAILED, errno=1035
11-06 16:06:38.742     0     0 I trusty  : [GF_TA][E][gf_fpcore_common][fpcore_load_finger_template] exit. err=GF_ERROR_OPEN_SECURE_OBJECT_FAILED, errno=1035
11-06 16:06:38.742     0     0 I trusty  : [GF_TA][I][gf_fpcore_common][fpcore_switch_user] load group_id(10), index(0) failed
11-06 16:06:38.742     0     0 I trusty  : [GF_TA][E][gf_tee_storage][gf_tee_open_object] exit. err=GF_ERROR_OPEN_SECURE_OBJECT_FAILED, errno=1035
11-06 16:06:38.742     0     0 I trusty  : [GF_TA][E][gf_secure_object][gf_so_load_persistent_object] so(finger_10_1.so) not exist
11-06 16:06:38.742     0     0 I trusty  : [GF_TA][E][gf_secure_object][gf_so_load_persistent_object] exit. err=GF_ERROR_OPEN_SECURE_OBJECT_FAILED, errno=1035
11-06 16:06:38.742     0     0 I trusty  : [GF_TA][E][gf_tee_storage][gf_tee_open_object] exit. err=GF_ERROR_OPEN_SECURE_OBJECT_FAILED, errno=1035
11-06 16:06:38.742     0     0 I trusty  : [GF_TA][E][gf_secure_object][gf_so_load_persistent_object] so(finger_10_1_bak.so) not exist
11-06 16:06:38.742     0     0 I trusty  : [GF_TA][E][gf_secure_object][gf_so_load_persistent_object] exit. err=GF_ERROR_OPEN_SECURE_OBJECT_FAILED, errno=1035
11-06 16:06:38.742     0     0 I trusty  : [GF_TA][E][gf_fpcore_common][fpcore_load_finger_template] exit. err=GF_ERROR_OPEN_SECURE_OBJECT_FAILED, errno=1035
11-06 16:06:38.742     0     0 I trusty  : [GF_TA][I][gf_fpcore_common][fpcore_switch_user] load group_id(10), index(1) failed
11-06 16:06:38.742     0     0 I trusty  : [GF_TA][E][gf_tee_storage][gf_tee_open_object] exit. err=GF_ERROR_OPEN_SECURE_OBJECT_FAILED, errno=1035
11-06 16:06:38.742     0     0 I trusty  : [GF_TA][E][gf_secure_object][gf_so_load_persistent_object] so(finger_10_2.so) not exist
11-06 16:06:38.742     0     0 I trusty  : [GF_TA][E][gf_secure_object][gf_so_load_persistent_object] exit. err=GF_ERROR_OPEN_SECURE_OBJECT_FAILED, errno=1035
11-06 16:06:38.742     0     0 I trusty  : [GF_TA][E][gf_tee_storage][gf_tee_open_object] exit. err=GF_ERROR_OPEN_SECURE_OBJECT_FAILED, errno=1035
11-06 16:06:38.742     0     0 I trusty  : [GF_TA][E][gf_secure_object][gf_so_load_persistent_object] so(finger_10_2_bak.so) not exist
11-06 16:06:38.742     0     0 I trusty  : [GF_TA][E][gf_secure_object][gf_so_load_persistent_object] exit. err=GF_ERROR_OPEN_SECURE_OBJECT_FAILED, errno=1035
11-06 16:06:38.742     0     0 I trusty  : [GF_TA][E][gf_fpcore_common][fpcore_load_finger_template] exit. err=GF_ERROR_OPEN_SECURE_OBJECT_FAILED, errno=1035
11-06 16:06:38.742     0     0 I trusty  : [GF_TA][I][gf_fpcore_common][fpcore_switch_user] load group_id(10), index(2) failed
11-06 16:06:38.742     0     0 I trusty  : [GF_TA][E][gf_tee_storage][gf_tee_open_object] exit. err=GF_ERROR_OPEN_SECURE_OBJECT_FAILED, errno=1035
11-06 16:06:38.742     0     0 I trusty  : [GF_TA][E][gf_secure_object][gf_so_load_persistent_object] so(finger_10_3.so) not exist
11-06 16:06:38.742     0     0 I trusty  : [GF_TA][E][gf_secure_object][gf_so_load_persistent_object] exit. err=GF_ERROR_OPEN_SECURE_OBJECT_FAILED, errno=1035
11-06 16:06:38.742     0     0 I trusty  : [GF_TA][E][gf_tee_storage][gf_tee_open_object] exit. err=GF_ERROR_OPEN_SECURE_OBJECT_FAILED, errno=1035
11-06 16:06:38.742     0     0 I trusty  : [GF_TA][E][gf_secure_object][gf_so_load_persistent_object] so(finger_10_3_bak.so) not exist
11-06 16:06:38.742     0     0 I trusty  : [GF_TA][E][gf_secure_object][gf_so_load_persistent_object] exit. err=GF_ERROR_OPEN_SECURE_OBJECT_FAILED, errno=1035
11-06 16:06:38.742     0     0 I trusty  : [GF_TA][E][gf_fpcore_common][fpcore_load_finger_template] exit. err=GF_ERROR_OPEN_SECURE_OBJECT_FAILED, errno=1035
11-06 16:06:38.742     0     0 I trusty  : [GF_TA][I][gf_fpcore_common][fpcore_switch_user] load group_id(10), index(3) failed
11-06 16:06:38.742     0     0 I trusty  : [GF_TA][E][gf_tee_storage][gf_tee_open_object] exit. err=GF_ERROR_OPEN_SECURE_OBJECT_FAILED, errno=1035
11-06 16:06:38.742     0     0 I trusty  : [GF_TA][E][gf_secure_object][gf_so_load_persistent_object] so(finger_10_4.so) not exist
11-06 16:06:38.742     0     0 I trusty  : [GF_TA][E][gf_secure_object][gf_so_load_persistent_object] exit. err=GF_ERROR_OPEN_SECURE_OBJECT_FAILED, errno=1035
11-06 16:06:38.742     0     0 I trusty  : [GF_TA][E][gf_tee_storage][gf_tee_open_object] exit. err=GF_ERROR_OPEN_SECURE_OBJECT_FAILED, errno=1035
11-06 16:06:38.742     0     0 I trusty  : [GF_TA][E][gf_secure_object][gf_so_load_persistent_object] so(finger_10_4_bak.so) not exist
11-06 16:06:38.742     0     0 I trusty  : [GF_TA][E][gf_secure_object][gf_so_load_persistent_object] exit. err=GF_ERROR_OPEN_SECURE_OBJECT_FAILED, errno=1035
11-06 16:06:38.742     0     0 I trusty  : [GF_TA][E][gf_fpcore_common][fpcore_load_finger_template] exit. err=GF_ERROR_OPEN_SECURE_OBJECT_FAILED, errno=1035
11-06 16:06:38.742     0     0 I trusty  : [GF_TA][I][gf_fpcore_common][fpcore_switch_user] load group_id(10), index(4) failed
11-06 16:06:39.636     0     0 I trusty  : [GF_TA][I][gf_fpcore_common][fpcore_load_finger_template] sync data to backup object(finger_0_0_bak.so) success
11-06 16:06:39.644     0     0 I trusty  : [GF_TA][I][gf_fpcore_common][fpcore_load_finger_template_extra_info] sync data to backup object(finger_extra_info_0_0_bak.so) success
11-06 16:06:40.094     0     0 I trusty  : [GF_TA][I][gf_fpcore_common][fpcore_load_finger_template] sync data to backup object(finger_0_1_bak.so) success
11-06 16:06:40.100     0     0 I trusty  : [GF_TA][I][gf_fpcore_common][fpcore_load_finger_template_extra_info] sync data to backup object(finger_extra_info_0_1_bak.so) success
11-06 16:06:40.100     0     0 I trusty  : [GF_TA][E][gf_tee_storage][gf_tee_open_object] exit. err=GF_ERROR_OPEN_SECURE_OBJECT_FAILED, errno=1035
11-06 16:06:40.100     0     0 I trusty  : [GF_TA][E][gf_secure_object][gf_so_load_persistent_object] so(finger_0_2.so) not exist
11-06 16:06:40.100     0     0 I trusty  : [GF_TA][E][gf_secure_object][gf_so_load_persistent_object] exit. err=GF_ERROR_OPEN_SECURE_OBJECT_FAILED, errno=1035
11-06 16:06:40.100     0     0 I trusty  : [GF_TA][E][gf_tee_storage][gf_tee_open_object] exit. err=GF_ERROR_OPEN_SECURE_OBJECT_FAILED, errno=1035
11-06 16:06:40.100     0     0 I trusty  : [GF_TA][E][gf_secure_object][gf_so_load_persistent_object] so(finger_0_2_bak.so) not exist
11-06 16:06:40.100     0     0 I trusty  : [GF_TA][E][gf_secure_object][gf_so_load_persistent_object] exit. err=GF_ERROR_OPEN_SECURE_OBJECT_FAILED, errno=1035
11-06 16:06:40.100     0     0 I trusty  : [GF_TA][E][gf_fpcore_common][fpcore_load_finger_template] exit. err=GF_ERROR_OPEN_SECURE_OBJECT_FAILED, errno=1035
11-06 16:06:40.100     0     0 I trusty  : [GF_TA][I][gf_fpcore_common][fpcore_switch_user] load group_id(0), index(2) failed
11-06 16:06:40.100     0     0 I trusty  : [GF_TA][E][gf_tee_storage][gf_tee_open_object] exit. err=GF_ERROR_OPEN_SECURE_OBJECT_FAILED, errno=1035
11-06 16:06:40.100     0     0 I trusty  : [GF_TA][E][gf_secure_object][gf_so_load_persistent_object] so(finger_0_3.so) not exist
11-06 16:06:40.100     0     0 I trusty  : [GF_TA][E][gf_secure_object][gf_so_load_persistent_object] exit. err=GF_ERROR_OPEN_SECURE_OBJECT_FAILED, errno=1035
11-06 16:06:40.100     0     0 I trusty  : [GF_TA][E][gf_tee_storage][gf_tee_open_object] exit. err=GF_ERROR_OPEN_SECURE_OBJECT_FAILED, errno=1035
11-06 16:06:40.100     0     0 I trusty  : [GF_TA][E][gf_secure_object][gf_so_load_persistent_object] so(finger_0_3_bak.so) not exist
11-06 16:06:40.100     0     0 I trusty  : [GF_TA][E][gf_secure_object][gf_so_load_persistent_object] exit. err=GF_ERROR_OPEN_SECURE_OBJECT_FAILED, errno=1035
11-06 16:06:40.100     0     0 I trusty  : [GF_TA][E][gf_fpcore_common][fpcore_load_finger_template] exit. err=GF_ERROR_OPEN_SECURE_OBJECT_FAILED, errno=1035
11-06 16:06:40.100     0     0 I trusty  : [GF_TA][I][gf_fpcore_common][fpcore_switch_user] load group_id(0), index(3) failed
11-06 16:06:40.100     0     0 I trusty  : [GF_TA][E][gf_tee_storage][gf_tee_open_object] exit. err=GF_ERROR_OPEN_SECURE_OBJECT_FAILED, errno=1035
11-06 16:06:40.100     0     0 I trusty  : [GF_TA][E][gf_secure_object][gf_so_load_persistent_object] so(finger_0_4.so) not exist
11-06 16:06:40.100     0     0 I trusty  : [GF_TA][E][gf_secure_object][gf_so_load_persistent_object] exit. err=GF_ERROR_OPEN_SECURE_OBJECT_FAILED, errno=1035
11-06 16:06:40.100     0     0 I trusty  : [GF_TA][E][gf_tee_storage][gf_tee_open_object] exit. err=GF_ERROR_OPEN_SECURE_OBJECT_FAILED, errno=1035
11-06 16:06:40.100     0     0 I trusty  : [GF_TA][E][gf_secure_object][gf_so_load_persistent_object] so(finger_0_4_bak.so) not exist
11-06 16:06:40.100     0     0 I trusty  : [GF_TA][E][gf_secure_object][gf_so_load_persistent_object] exit. err=GF_ERROR_OPEN_SECURE_OBJECT_FAILED, errno=1035
11-06 16:06:40.100     0     0 I trusty  : [GF_TA][E][gf_fpcore_common][fpcore_load_finger_template] exit. err=GF_ERROR_OPEN_SECURE_OBJECT_FAILED, errno=1035
11-06 16:06:40.100     0     0 I trusty  : [GF_TA][I][gf_fpcore_common][fpcore_switch_user] load group_id(0), index(4) failed
--------- beginning of system
11-06 16:06:40.493  1596  1799 I Telecom : CallsManager: handlePhoneAccountChanged: phoneAccount=[[X] PhoneAccount: ComponentInfo{com.android.phone/com.android.services.telephony.TelephonyConnectionService}, 4, UserHandle{0} Capabilities: CallProvider MultiUser PlaceEmerg SimSub  Audio Routes: BESW Schemes: tel voicemail  Extras: Bundle[{android.telecom.extra.SUPPORTS_VIDEO_CALLING_FALLBACK=true}] GroupId: *** SC Restrictions: [ ]]: TSI.rPA(cap)@ADY
11-06 16:06:40.500  1596  1799 I Telecom : PhoneAccountRegistrar: getSimCallManager: SimCallManager for subId 4 queried, returning: null: TSI.rPA(cap)@ADY
11-06 16:06:40.500  1596  1799 I Telecom : PhoneAccountRegistrar: Notifying telephony of voice service override change for 1 SIMs, hasService = false: TSI.rPA(cap)@ADY
11-06 16:06:40.521  1596  1799 W ActivityManager: Unable to start service Intent { act=com.google.android.gms.phenotype.service.START pkg=com.google.android.gms } U=0: not found
11-06 16:06:40.522  1596  2408 W ActivityManager: Unbind failed: could not find connection for android.os.BinderProxy@6972e09
11-06 16:06:40.524  1596  2408 D CompatChangeReporter: Compat change id reported: 297989574; UID 10124; state: ENABLED
11-06 16:06:40.535  1596  1987 E AppOps  : attributionTag VCN not declared in manifest of android
11-06 16:06:40.536  1596  1964 D CompatChangeReporter: Compat change id reported: 297989574; UID 1000; state: ENABLED
11-06 16:06:40.540  1596  1987 E AppOps  : attributionTag VCN not declared in manifest of android
11-06 16:06:40.541  1596  1987 E AppOps  : attributionTag VCN not declared in manifest of android
11-06 16:06:40.542  1596  1987 E AppOps  : attributionTag VCN not declared in manifest of android
11-06 16:06:40.543  1596  1987 E AppOps  : attributionTag VCN not declared in manifest of android
11-06 16:06:40.545  1596  1987 E AppOps  : attributionTag VCN not declared in manifest of android
11-06 16:06:40.546  1596  1987 I VcnManagementService: new snapshot: TelephonySubscriptionSnapshot{ mActiveDataSubId=4, mSubIdToInfoMap={4=[SubscriptionInfo: id=4 iccId=890124027[****] simSlotIndex=0 portIndex=0 isEmbedded=true carrierId=1989 displayName=Google Fi carrierName=No service isOpportunistic=false groupUuid=06e08362-8038-43cd-8dcc-81ae341bae55 groupOwner=com.google.android.apps.tycho isGroupDisabled=false displayNameSource=CARRIER iconTint=-15502541 number=[****] dataRoaming=1 mcc=310 mnc=240 ehplmns=[310260, 310240] hplmns=[310260, 310260, 310260, 310260] cardString=890330234[****] cardId=1 nativeAccessRules=[cert: B9CFCE1C47A6AC713442718F15EF55B00B3A6D1A6D48CB46249FA8EB51465350 pkg: null access: 1, cert: 4C36AF4A5BDAD97C1F3D8B283416D244496C2AC5EAFE8226079EF6F676FD1859 pkg: null access: 1] carrierConfigAccessRules=null countryIso=us profileClass=2 mType=LOCAL_SIM areUiccApplicationsEnabled=true usageSetting=DEFAULT isOnlyNonTerrestrialNetwork=false serviceCapabilities=[1, 2, 3] transferStatus=0], 6=[SubscriptionInfo: id=6 iccId=894310805[****] simSlotIndex=-1 portIndex=-1 isEmbedded=false carrierId=1989 displayName=Google Fi carrierName=Emergency calls only — Google Fi isOpportunistic=false groupUuid=06e08362-8038-43cd-8dcc-81ae341bae55 groupOwner=com.google.android.apps.tycho isGroupDisabled=false displayNameSource=CARRIER iconTint=-15502541 number=[****] dataRoaming=1 mcc=232 mnc=10 ehplmns=[] hplmns=[23210, 23205] cardString=890330234[****] cardId=1 nativeAccessRules=[cert: B9CFCE1C47A6AC713442718F15EF55B00B3A6D1A6D48CB46249FA8EB51465350 pkg: null access: 1, cert: 4C36AF4A5BDAD97C1F3D8B283416D244496C2AC5EAFE8226079EF6F676FD1859 pkg: null access: 1] carrierConfigAccessRules=null countryIso=us profileClass=2 mType=LOCAL_SIM areUiccApplicationsEnabled=true usageSetting=DEFAULT isOnlyNonTerrestrialNetwork=false serviceCapabilities=[1, 2, 3] transferStatus=0]}, mSubIdToCarrierConfigMap={}, mPrivilegedPackages={} }
11-06 16:06:40.559  1596  1780 D BrightnessThermalClamper: Thermal status observer already started
11-06 16:06:40.559   895  1813 I Lyric   : spectral_driver.cc:137: Ambient light sampling has been disabled. Stream consumer count: 0
11-06 16:06:40.559  1596  1780 I DreamManagerService: Entering dreamland.
11-06 16:06:40.560  1596  1780 I PowerManagerService: Dozing...
11-06 16:06:40.563  1596  1731 I DreamController: Starting dream: name=ComponentInfo{com.android.systemui/com.android.systemui.doze.DozeService}, isPreviewMode=false, canDoze=true, userId=0, reason='power manager request'
11-06 16:06:40.564  1596  1752 V PackageManager: reconcileAppsData finished 362 packages
11-06 16:06:40.564  1596  1752 D SystemServerTiming: applyUserRestrictions
11-06 16:06:40.564  1596  1752 D SystemServerTiming: sendMessages
11-06 16:06:40.570  1596  1752 D SystemServerTiming: broadcastIntent-10-android.intent.action.USER_STARTED
11-06 16:06:40.570  1596  1752 W BroadcastLoopers: Found previously unknown looper Thread[ActivityManager,5,main]
11-06 16:06:40.570  1596  1752 D SystemServerTiming: finishUserBoot
11-06 16:06:40.570  1596  1752 I ActivityManager: User 10 state changed from BOOTING to RUNNING_LOCKED
11-06 16:06:40.571  1596  1752 D SystemServerTiming: broadcastIntent-10-android.intent.action.LOCKED_BOOT_COMPLETED
11-06 16:06:40.574  1596  1752 D ActivityManager: User 10 (parent 0): delaying unlock because parent is locked
11-06 16:06:40.574  1596  1752 D SystemServerTiming: sendRestartBroadcast
11-06 16:06:40.574  1596  1752 D SystemServerTiming: broadcastIntent--1-android.intent.action.USER_STARTING
11-06 16:06:40.577  1596  1752 D SystemServerTimingAsync: ssm.StartUser-10
11-06 16:06:40.577  1596  1752 I SystemServiceManager: Calling onStartUser 10
11-06 16:06:40.577  1596  1752 D SystemServerTimingAsync: ssm.onStartUser-10_com.android.server.security.FileIntegrityService
11-06 16:06:40.577  1596  1752 D SystemServerTimingAsync: ssm.onStartUser-10_com.android.server.pm.Installer
11-06 16:06:40.577  1596  1752 D SystemServerTimingAsync: ssm.onStartUser-10_com.android.server.os.DeviceIdentifiersPolicyService
11-06 16:06:40.577  1596  1752 D SystemServerTimingAsync: ssm.onStartUser-10_com.android.server.flags.FeatureFlagsService
11-06 16:06:40.577  1596  1752 D SystemServerTimingAsync: ssm.onStartUser-10_com.android.server.uri.UriGrantsManagerService$Lifecycle
11-06 16:06:40.577  1596  1752 D SystemServerTimingAsync: ssm.onStartUser-10_com.android.server.powerstats.PowerStatsService
11-06 16:06:40.577  1596  1752 D SystemServerTimingAsync: ssm.onStartUser-10_com.android.server.permission.access.AccessCheckingService
11-06 16:06:40.577  1596  1752 D SystemServerTimingAsync: ssm.onStartUser-10_com.android.server.wm.ActivityTaskManagerService$Lifecycle
11-06 16:06:40.577  1596  1752 D SystemServerTimingAsync: ssm.onStartUser-10_com.android.server.am.ActivityManagerService$Lifecycle
11-06 16:06:40.577  1596  1752 D SystemServerTimingAsync: ssm.onStartUser-10_com.android.server.pm.DataLoaderManagerService
11-06 16:06:40.577  1596  1752 D SystemServerTimingAsync: ssm.onStartUser-10_com.android.server.power.PowerManagerService
11-06 16:06:40.577  1596  1752 D SystemServerTimingAsync: ssm.onStartUser-10_com.android.server.power.ThermalManagerService
11-06 16:06:40.577  1596  1752 D SystemServerTimingAsync: ssm.onStartUser-10_com.android.server.recoverysystem.RecoverySystemService$Lifecycle
11-06 16:06:40.577  1596  1752 D SystemServerTimingAsync: ssm.onStartUser-10_com.android.server.lights.LightsService
11-06 16:06:40.577  1596  1752 D SystemServerTimingAsync: ssm.onStartUser-10_com.android.server.display.DisplayManagerService
11-06 16:06:40.577  1596  1752 D SystemServerTimingAsync: ssm.onStartUser-10_com.android.server.pm.verify.domain.DomainVerificationService
11-06 16:06:40.577  1596  1752 D SystemServerTimingAsync: ssm.onStartUser-10_com.android.server.pm.PackageInstallerService$Lifecycle
11-06 16:06:40.577  1596  1752 D SystemServerTimingAsync: ssm.onStartUser-10_com.android.server.pm.UserManagerService$LifeCycle
11-06 16:06:40.577  1596  1752 D SystemServerTimingAsync: ssm.onStartUser-10_com.android.server.om.OverlayManagerService
11-06 16:06:40.577  1596  1752 I OverlayManager: Updating overlays for starting user 10
11-06 16:06:40.582     0     0 I trusty  : [GF_TA][E][gf_tee_storage][gf_tee_open_object] exit. err=GF_ERROR_OPEN_SECURE_OBJECT_FAILED, errno=1035
11-06 16:06:40.582     0     0 I trusty  : [GF_TA][E][gf_secure_object][gf_so_load_persistent_object] so(finger_0_2.so) not exist
11-06 16:06:40.582     0     0 I trusty  : [GF_TA][E][gf_secure_object][gf_so_load_persistent_object] exit. err=GF_ERROR_OPEN_SECURE_OBJECT_FAILED, errno=1035
11-06 16:06:40.582     0     0 I trusty  : [GF_TA][E][gf_tee_storage][gf_tee_open_object] exit. err=GF_ERROR_OPEN_SECURE_OBJECT_FAILED, errno=1035
11-06 16:06:40.582     0     0 I trusty  : [GF_TA][E][gf_secure_object][gf_so_load_persistent_object] so(finger_0_2_bak.so) not exist
11-06 16:06:40.582     0     0 I trusty  : [GF_TA][E][gf_secure_object][gf_so_load_persistent_object] exit. err=GF_ERROR_OPEN_SECURE_OBJECT_FAILED, errno=1035
11-06 16:06:40.582     0     0 I trusty  : [GF_TA][E][gf_tee_storage][gf_tee_open_object] exit. err=GF_ERROR_OPEN_SECURE_OBJECT_FAILED, errno=1035
11-06 16:06:40.582     0     0 I trusty  : [GF_TA][E][gf_secure_object][gf_so_load_persistent_object] so(finger_0_3.so) not exist
11-06 16:06:40.582     0     0 I trusty  : [GF_TA][E][gf_secure_object][gf_so_load_persistent_object] exit. err=GF_ERROR_OPEN_SECURE_OBJECT_FAILED, errno=1035
11-06 16:06:40.582     0     0 I trusty  : [GF_TA][E][gf_tee_storage][gf_tee_open_object] exit. err=GF_ERROR_OPEN_SECURE_OBJECT_FAILED, errno=1035
11-06 16:06:40.582     0     0 I trusty  : [GF_TA][E][gf_secure_object][gf_so_load_persistent_object] so(finger_0_3_bak.so) not exist
11-06 16:06:40.582     0     0 I trusty  : [GF_TA][E][gf_secure_object][gf_so_load_persistent_object] exit. err=GF_ERROR_OPEN_SECURE_OBJECT_FAILED, errno=1035
11-06 16:06:40.582     0     0 I trusty  : [GF_TA][E][gf_tee_storage][gf_tee_open_object] exit. err=GF_ERROR_OPEN_SECURE_OBJECT_FAILED, errno=1035
11-06 16:06:40.582     0     0 I trusty  : [GF_TA][E][gf_secure_object][gf_so_load_persistent_object] so(finger_0_4.so) not exist
11-06 16:06:40.582     0     0 I trusty  : [GF_TA][E][gf_secure_object][gf_so_load_persistent_object] exit. err=GF_ERROR_OPEN_SECURE_OBJECT_FAILED, errno=1035
11-06 16:06:40.582     0     0 I trusty  : [GF_TA][E][gf_tee_storage][gf_tee_open_object] exit. err=GF_ERROR_OPEN_SECURE_OBJECT_FAILED, errno=1035
11-06 16:06:40.582     0     0 I trusty  : [GF_TA][E][gf_secure_object][gf_so_load_persistent_object] so(finger_0_4_bak.so) not exist
11-06 16:06:40.582     0     0 I trusty  : [GF_TA][E][gf_secure_object][gf_so_load_persistent_object] exit. err=GF_ERROR_OPEN_SECURE_OBJECT_FAILED, errno=1035
11-06 16:06:40.582     0     0 I trusty  : [GF_TA][E][gf_fpcore_common][fpcore_get_finger_ids_from_so] exit. err=GF_ERROR_OPEN_SECURE_OBJECT_FAILED, errno=1035
11-06 16:06:40.583  1596  2020 D Biometrics/InternalCleanupClient: onEnumerated, remaining: 1
11-06 16:06:40.583  1596  2020 V Biometrics/InternalEnumerateClient: handleEnumeratedTemplate: 3805536
11-06 16:06:40.583  1596  2020 V Biometrics/InternalEnumerateClient: Matched: true
11-06 16:06:40.583  1596  2020 D Biometrics/InternalCleanupClient: onEnumerated, remaining: 0
11-06 16:06:40.583  1596  2020 V Biometrics/InternalEnumerateClient: handleEnumeratedTemplate: -404202373
11-06 16:06:40.583  1596  2020 V Biometrics/InternalEnumerateClient: Matched: true
11-06 16:06:40.583  1596  2020 D Biometrics/InternalCleanupClient: Enumerate onClientFinished: {[10] com.android.server.biometrics.sensors.fingerprint.aidl.FingerprintInternalEnumerateClient, proto=6, owner=android, cookie=0, requestId=-1, userId=0}, success: true
11-06 16:06:40.583  1596  2020 D BiometricStateCallback: Client finished, state updated to 0, client {[4] com.android.server.biometrics.sensors.fingerprint.aidl.FingerprintInternalCleanupClient, proto=7, owner=android, cookie=0, requestId=-1, userId=0}
11-06 16:06:40.583  1596  2020 D BiometricStateCallback: Enrollment state changed: false
11-06 16:06:40.583  1596  2020 D BiometricSchedulerOperation: [Finished / destroy]: {[4] com.android.server.biometrics.sensors.fingerprint.aidl.FingerprintInternalCleanupClient, proto=7, owner=android, cookie=0, requestId=-1, userId=0}
11-06 16:06:40.583  1596  2020 D BiometricScheduler: [Finishing] {[4] com.android.server.biometrics.sensors.fingerprint.aidl.FingerprintInternalCleanupClient, proto=7, owner=android, cookie=0, requestId=-1, userId=0}, success: true
11-06 16:06:40.583  1596  2020 D BiometricScheduler: No operations, returning to idle
11-06 16:06:40.592  2055  2055 V DreamService[DozeService]: UpdateDoze mDozeScreenState=1 mDozeScreenBrightness=21
11-06 16:06:40.593  1596  1780 I DisplayPowerController2[0]: BrightnessEvent: disp=0, physDisp=local:4619827677550801152, displayState=OFF, displayPolicy=DOZE, brt=0.0, initBrt=0.0, rcmdBrt=NaN, preBrt=NaN, lux=0.0, preLux=0.0, hbmMax=0.62, hbmMode=off, rbcStrength=50, thrmMax=1.0, powerFactor=1.0, wasShortTermModelActive=false, flags=, reason=screen_off, autoBrightness=false, strategy=ScreenOffBrightnessStrategy, autoBrightnessMode=default
11-06 16:06:40.621  1596  1752 E OverlayManager: Failed to set default overlay 'com.android.internal.systemui.navbar.gestural' for user 10
11-06 16:06:40.621  1596  1752 E OverlayManager: com.android.server.om.OverlayManagerSettings$BadKeyException: Bad key 'com.android.internal.systemui.navbar.gestural' for user 10
11-06 16:06:40.621  1596  1752 E OverlayManager: 	at com.android.server.om.OverlayManagerSettings.getOverlayInfo(OverlayManagerSettings.java:103)
11-06 16:06:40.621  1596  1752 E OverlayManager: 	at com.android.server.om.OverlayManagerServiceImpl.updateOverlaysForUser(OverlayManagerServiceImpl.java:243)
11-06 16:06:40.621  1596  1752 E OverlayManager: 	at com.android.server.om.OverlayManagerService.onStartUser(OverlayManagerService.java:352)
11-06 16:06:40.621  1596  1752 E OverlayManager: 	at com.android.server.om.OverlayManagerService.onUserStarting(OverlayManagerService.java:338)
11-06 16:06:40.621  1596  1752 E OverlayManager: 	at com.android.server.SystemServiceManager.onUser(SystemServiceManager.java:565)
11-06 16:06:40.621  1596  1752 E OverlayManager: 	at com.android.server.SystemServiceManager.onUser(SystemServiceManager.java:512)
11-06 16:06:40.621  1596  1752 E OverlayManager: 	at com.android.server.SystemServiceManager.onUserStarting(SystemServiceManager.java:409)
11-06 16:06:40.621  1596  1752 E OverlayManager: 	at com.android.server.am.UserController$Injector.onUserStarting(UserController.java:4055)
11-06 16:06:40.621  1596  1752 E OverlayManager: 	at com.android.server.am.UserController.handleMessage(UserController.java:3463)
11-06 16:06:40.621  1596  1752 E OverlayManager: 	at android.os.Handler.dispatchMessage(Handler.java:103)
11-06 16:06:40.621  1596  1752 E OverlayManager: 	at android.os.Looper.loopOnce(Looper.java:232)
11-06 16:06:40.621  1596  1752 E OverlayManager: 	at android.os.Looper.loop(Looper.java:317)
11-06 16:06:40.621  1596  1752 E OverlayManager: 	at android.os.HandlerThread.run(HandlerThread.java:85)
11-06 16:06:40.621  1596  1752 E OverlayManager: 	at com.android.server.ServiceThread.run(ServiceThread.java:46)
11-06 16:06:40.626  1596  1752 D SystemServerTimingAsync: ssm.onStartUser-10_com.android.server.resources.ResourcesManagerService
11-06 16:06:40.626  1596  1752 D SystemServerTimingAsync: ssm.onStartUser-10_com.android.server.sensorprivacy.SensorPrivacyService
11-06 16:06:40.626  1596  1752 D SystemServerTimingAsync: ssm.onStartUser-10_com.android.server.sensors.SensorService
11-06 16:06:40.626  1596  1752 D SystemServerTimingAsync: ssm.onStartUser-10_com.android.server.SystemConfigService
11-06 16:06:40.626  1596  1752 D SystemServerTimingAsync: ssm.onStartUser-10_com.android.server.BatteryService
11-06 16:06:40.626  1596  1752 D SystemServerTimingAsync: ssm.onStartUser-10_com.android.server.usage.UsageStatsService
11-06 16:06:40.626  1596  1752 D SystemServerTimingAsync: ssm.onStartUser-10_com.android.server.webkit.WebViewUpdateService
11-06 16:06:40.626  1596  1752 D SystemServerTimingAsync: ssm.onStartUser-10_com.android.server.CachedDeviceStateService
11-06 16:06:40.626  1596  1752 D SystemServerTimingAsync: ssm.onStartUser-10_com.android.server.BinderCallsStatsService$LifeCycle
11-06 16:06:40.626  1596  1752 D SystemServerTimingAsync: ssm.onStartUser-10_com.android.server.LooperStatsService$Lifecycle
11-06 16:06:40.626  1596  1752 D SystemServerTimingAsync: ssm.onStartUser-10_com.android.server.rollback.RollbackManagerService
11-06 16:06:40.626  1596  1752 D SystemServerTimingAsync: ssm.onStartUser-10_com.android.server.os.NativeTombstoneManagerService
11-06 16:06:40.626  1596  1752 D SystemServerTimingAsync: ssm.onStartUser-10_com.android.server.os.BugreportManagerService
11-06 16:06:40.626  1596  1752 D SystemServerTimingAsync: ssm.onStartUser-10_com.android.server.gpu.GpuService
11-06 16:06:40.626  1596  1752 D SystemServerTimingAsync: ssm.onStartUser-10_com.android.server.security.rkp.RemoteProvisioningService
11-06 16:06:40.627  1596  3125 D SystemServerTimingAsync: ssm.onStartUser-10_com.android.server.security.KeyChainSystemService
11-06 16:06:40.627  1596  3125 D SystemServerTimingAsync: ssm.onStartUser-10_com.android.server.accounts.AccountManagerService$Lifecycle
11-06 16:06:40.627  1596  3126 D SystemServerTimingAsync: ssm.onStartUser-10_com.android.server.BinaryTransparencyService
11-06 16:06:40.627  1596  3125 D SystemServerTimingAsync: ssm.onStartUser-10_com.android.server.content.ContentService$Lifecycle
11-06 16:06:40.627  1596  3126 D SystemServerTimingAsync: ssm.onStartUser-10_com.android.server.deviceconfig.DeviceConfigInit$Lifecycle
11-06 16:06:40.627  1596  3126 D SystemServerTimingAsync: ssm.onStartUser-10_com.android.server.DropBoxManagerService
11-06 16:06:40.627  1596  3126 D SystemServerTimingAsync: ssm.onStartUser-10_com.android.ecm.EnhancedConfirmationService
11-06 16:06:40.627  1596  3126 D SystemServerTimingAsync: ssm.onStartUser-10_com.android.server.power.hint.HintManagerService
11-06 16:06:40.627  1596  3125 D SystemServerTimingAsync: ssm.onStartUser-10_com.android.role.RoleService
11-06 16:06:40.627  1596  3126 D SystemServerTimingAsync: ssm.onStartUser-10_com.android.server.vibrator.VibratorManagerService$Lifecycle
11-06 16:06:40.627  1596  3126 D SystemServerTimingAsync: ssm.onStartUser-10_com.android.server.alarm.AlarmManagerService
11-06 16:06:40.627  1596  1752 I SystemServiceManager: Skipping StartUser-10 on com.android.server.voiceinteraction.VoiceInteractionManagerService
11-06 16:06:40.627  1596  3126 D SystemServerTimingAsync: ssm.onStartUser-10_com.android.server.devicestate.DeviceStateManagerService
11-06 16:06:40.627  1596  3126 D SystemServerTimingAsync: ssm.onStartUser-10_com.android.server.camera.CameraServiceProxy
11-06 16:06:40.627  1596  3126 D SystemServerTimingAsync: ssm.onStartUser-10_com.android.server.bluetooth.BluetoothService
11-06 16:06:40.627  1596  3126 D SystemServerTimingAsync: ssm.onStartUser-10_com.android.server.connectivity.IpConnectivityMetrics
11-06 16:06:40.627  1596  3126 D SystemServerTimingAsync: ssm.onStartUser-10_com.android.server.net.watchlist.NetworkWatchlistService$Lifecycle
11-06 16:06:40.627  1596  3126 D SystemServerTimingAsync: ssm.onStartUser-10_com.android.server.PinnerService
11-06 16:06:40.627  1596  3126 D SystemServerTimingAsync: ssm.onStartUser-10_com.android.server.integrity.AppIntegrityManagerService
11-06 16:06:40.627  1596  3126 D SystemServerTimingAsync: ssm.onStartUser-10_com.android.server.logcat.LogcatManagerService
11-06 16:06:40.627  1596  3126 D SystemServerTimingAsync: ssm.onStartUser-10_com.android.server.inputmethod.InputMethodManagerService$Lifecycle
11-06 16:06:40.627  1596  3126 D SystemServerTimingAsync: ssm.onStartUser-10_com.android.server.accessibility.AccessibilityManagerService$Lifecycle
11-06 16:06:40.627  1596  3126 D SystemServerTimingAsync: ssm.onStartUser-10_com.android.server.StorageManagerService$Lifecycle
11-06 16:06:40.627  1596  1752 I SystemServiceManager: Skipping StartUser-10 on com.android.server.healthconnect.HealthConnectManagerService
11-06 16:06:40.628  1596  1752 I SystemServiceManager: Skipping StartUser-10 on com.android.server.devicelock.DeviceLockService
11-06 16:06:40.629  1596  3127 D SystemServerTimingAsync: ssm.onStartUser-10_com.android.server.telecom.TelecomLoaderService
11-06 16:06:40.629  1596  3127 D SystemServerTimingAsync: ssm.onStartUser-10_com.android.server.usage.StorageStatsService$Lifecycle
11-06 16:06:40.629  1596  3127 D SystemServerTimingAsync: ssm.onStartUser-10_com.android.server.UiModeManagerService
11-06 16:06:40.629  1596  3127 D SystemServerTimingAsync: ssm.onStartUser-10_com.android.server.locales.LocaleManagerService
11-06 16:06:40.629  1596  3127 D SystemServerTimingAsync: ssm.onStartUser-10_com.android.server.grammaticalinflection.GrammaticalInflectionService
11-06 16:06:40.629  1596  3127 D SystemServerTimingAsync: ssm.onStartUser-10_com.android.server.apphibernation.AppHibernationService
11-06 16:06:40.629  1596  3127 D SystemServerTimingAsync: ssm.onStartUser-10_com.android.server.locksettings.LockSettingsService$Lifecycle
11-06 16:06:40.629  1596  3127 D SystemServerTimingAsync: ssm.onStartUser-10_com.android.server.pdb.PersistentDataBlockService
11-06 16:06:40.629  1596  3127 D SystemServerTimingAsync: ssm.onStartUser-10_com.android.server.testharness.TestHarnessModeService
11-06 16:06:40.629  1596  3127 D SystemServerTimingAsync: ssm.onStartUser-10_com.android.server.oemlock.OemLockService
11-06 16:06:40.629  1596  3127 D SystemServerTimingAsync: ssm.onStartUser-10_com.android.server.DeviceIdleController
11-06 16:06:40.629  1596  3127 D SystemServerTimingAsync: ssm.onStartUser-10_com.android.server.devicepolicy.DevicePolicyManagerService$Lifecycle
11-06 16:06:40.629  1596  3127 D DevicePolicyManager: updateNetworkPreferenceForUser to [ProfileNetworkPreference{mPreference=0mIncludedUids=[]mExcludedUids=[]mPreferenceEnterpriseId=0}]
11-06 16:06:40.635  1596  3127 D SystemServerTimingAsync: ssm.onStartUser-10_com.android.server.musicrecognition.MusicRecognitionManagerService
11-06 16:06:40.635  1596  3127 D SystemServerTimingAsync: ssm.onStartUser-10_com.android.server.contentcapture.ContentCaptureManagerService
11-06 16:06:40.635  1596  3127 D SystemServerTimingAsync: ssm.onStartUser-10_com.android.server.attention.AttentionManagerService
11-06 16:06:40.635  1596  3127 D SystemServerTimingAsync: ssm.onStartUser-10_com.android.server.rotationresolver.RotationResolverManagerService
11-06 16:06:40.635  1596  3127 D SystemServerTimingAsync: ssm.onStartUser-10_com.android.server.systemcaptions.SystemCaptionsManagerService
