11-06 16:06:41.416  1596  1753 I ActivityManager: Start proc 3267:com.google.android.repairmode/u10s1000 for broadcast {com.google.android.repairmode/com.google.android.repairmode.BootCompletedReceiver}
11-06 16:06:41.455  1596  1799 I DynamicSystemService: isInstalled(): false
11-06 16:06:41.461  1596  1752 D CompatChangeReporter: Compat change id reported: 135754954; UID 1010208; state: ENABLED
11-06 16:06:41.465  1596  1753 D CompatChangeReporter: Compat change id reported: 143937733; UID 1010208; state: ENABLED
11-06 16:06:41.489  1596  1753 I ActivityManager: Start proc 3284:com.android.hbmsvmanager/u10a208 for broadcast {com.android.hbmsvmanager/com.android.hbmsvmanager.BootReceiver}
11-06 16:06:41.513  1596  1987 E AppOps  : attributionTag VCN not declared in manifest of android
11-06 16:06:41.513  1596  1753 I ActivityManager: Start proc 3299:com.google.android.gms/u10a124 for service {com.google.android.gms/com.google.android.gms.chimera.GmsIntentOperationService}
11-06 16:06:41.514  1596  1987 E AppOps  : attributionTag VCN not declared in manifest of android
11-06 16:06:41.514  1596  1987 E AppOps  : attributionTag VCN not declared in manifest of android
11-06 16:06:41.515  1596  1987 E AppOps  : attributionTag VCN not declared in manifest of android
11-06 16:06:41.515  1596  1987 E AppOps  : attributionTag VCN not declared in manifest of android
11-06 16:06:41.516  1596  1987 E AppOps  : attributionTag VCN not declared in manifest of android
11-06 16:06:41.555  1596  1752 D CompatChangeReporter: Compat change id reported: 151861875; UID 1010099; state: ENABLED
11-06 16:06:41.579  1596  1753 I ActivityManager: Start proc 3322:com.google.android.apps.dreamliner:locked/u10a99 for broadcast {com.google.android.apps.dreamliner/com.google.android.apps.dreamliner.common.locked.LockedBootCompletedReceiver}
11-06 16:06:41.602  1596  1801 W ActivityManager: Unable to start service Intent { cmp=com.google.android.dialer/com.google.apps.tiktok.concurrent.AndroidFuturesService (has extras) } U=0: not found
11-06 16:06:41.610  1596  1987 E AppOps  : attributionTag VCN not declared in manifest of android
11-06 16:06:41.612  1596  1987 E AppOps  : attributionTag VCN not declared in manifest of android
11-06 16:06:41.617  1596  1987 E AppOps  : attributionTag VCN not declared in manifest of android
11-06 16:06:41.617  1596  1987 E AppOps  : attributionTag VCN not declared in manifest of android
11-06 16:06:41.617  1596  1801 W ActivityManager: Unable to start service Intent { act=com.google.android.chimera.BoundService.START dat=chimera-action: cmp=com.google.android.gms/.chimera.PersistentApiService } U=10: not found
11-06 16:06:41.620  1596  1801 W ActivityManager: Unbind failed: could not find connection for android.os.BinderProxy@bf9e218
11-06 16:06:41.624  1596  1987 E AppOps  : attributionTag VCN not declared in manifest of android
11-06 16:06:41.626  1596  1987 E AppOps  : attributionTag VCN not declared in manifest of android
11-06 16:06:41.637  1596  2239 D CompatChangeReporter: Compat change id reported: 319212206; UID 10170; state: ENABLED
11-06 16:06:41.647  1596  1752 D CompatChangeReporter: Compat change id reported: 151861875; UID 1010139; state: ENABLED
11-06 16:06:41.653  1596  2408 W ActivityManager: Unable to start service Intent { cmp=com.google.android.dialer/com.google.apps.tiktok.concurrent.AndroidFuturesService (has extras) } U=0: not found
11-06 16:06:41.658  1596  2253 W NotificationService: Notification policy access denied calling getAutomaticZenRules
11-06 16:06:41.661  1596  1753 I ActivityManager: Start proc 3363:com.google.android.apps.scone/u10a139 for broadcast {com.google.android.apps.scone/com.google.android.apps.scone.audio.AudioStartupReceiver}
11-06 16:06:41.668  1596  2253 W ActivityManager: Unable to start service Intent { act=com.google.android.chimera.BoundService.START dat=chimera-action: cmp=com.google.android.gms/.chimera.PersistentApiService } U=10: not found
11-06 16:06:41.672  1596  2253 W ActivityManager: Unbind failed: could not find connection for android.os.BinderProxy@339b824
11-06 16:06:41.695  1596  2408 I Telecom : TelecomServiceImpl$1: registerPhoneAccount: account=[[ ] PhoneAccount: ComponentInfo{com.android.phone/com.android.services.telephony.TelephonyConnectionService}, 4, UserHandle{0} Capabilities: CallProvider MultiUser PlaceEmerg SimSub  Audio Routes: BESW Schemes: tel voicemail  Extras: Bundle[{android.telecom.extra.SUPPORTS_VIDEO_CALLING_FALLBACK=true}] GroupId: *** SC Restrictions: [ ]]: TSI.rPA(cap)@AF4
11-06 16:06:41.696  1596  2408 I Telecom : PhoneAccountRegistrar: Modify account: [ComponentInfo{com.android.phone/com.android.services.telephony.TelephonyConnectionService}, 4, UserHandle{0}]: TSI.rPA(cap)@AF4
11-06 16:06:41.696  1596  2408 I Telecom : PhoneAccountRegistrar: setUserSelectedOutgoingPhoneAccount: ComponentInfo{com.android.phone/com.android.services.telephony.TelephonyConnectionService}, 4, UserHandle{0}: TSI.rPA(cap)@AF4
11-06 16:06:41.696  1596  2408 I Telecom : PhoneAccountRegistrar: setUserSelectedOutgoingPhoneAccount: no change in default phoneAccountHandle.  current is same as new.: TSI.rPA(cap)@AF4
11-06 16:06:41.697  1596  2408 I Telecom : CallsManager: handlePhoneAccountChanged: phoneAccount=[[X] PhoneAccount: ComponentInfo{com.android.phone/com.android.services.telephony.TelephonyConnectionService}, 4, UserHandle{0} Capabilities: CallProvider MultiUser PlaceEmerg SimSub  Audio Routes: BESW Schemes: tel voicemail  Extras: Bundle[{android.telecom.extra.SUPPORTS_VIDEO_CALLING_FALLBACK=true}] GroupId: *** SC Restrictions: [ ]]: TSI.rPA(cap)@AF4
11-06 16:06:41.699  1596  2408 I Telecom : PhoneAccountRegistrar: getSimCallManager: SimCallManager for subId 4 queried, returning: null: TSI.rPA(cap)@AF4
11-06 16:06:41.699  1596  2408 I Telecom : PhoneAccountRegistrar: Notifying telephony of voice service override change for 1 SIMs, hasService = false: TSI.rPA(cap)@AF4
11-06 16:06:41.717  1596  2408 W ActivityManager: Unable to start service Intent { act=com.google.android.gms.phenotype.service.START pkg=com.google.android.gms } U=10: not found
11-06 16:06:41.717  1596  2408 W ActivityManager: Unbind failed: could not find connection for android.os.BinderProxy@7ce82f2
11-06 16:06:41.725  1596  1752 D CompatChangeReporter: Compat change id reported: 151861875; UID 1010170; state: ENABLED
11-06 16:06:41.738  1596  1753 I ActivityManager: Start proc 3388:com.google.android.apps.tycho:persistent/u10a170 for broadcast {com.google.android.apps.tycho/com.google.android.apps.tycho.boot.LockedBootCompletedReceiver}
11-06 16:06:41.815  3299  3365 V AconfigFlags: Read Aconfig default flag value android.adaptiveauth.enable_adaptive_auth = true
11-06 16:06:41.815  3299  3365 V AconfigFlags: Read Aconfig default flag value android.adaptiveauth.report_biometric_auth_attempts = true
11-06 16:06:41.815  3299  3365 V AconfigFlags: Read Aconfig default flag value android.app.admin.flags.allow_querying_profile_type = true
11-06 16:06:41.815  3299  3365 V AconfigFlags: Read Aconfig default flag value android.app.admin.flags.allow_screen_brightness_control_on_cope = true
11-06 16:06:41.815  3299  3365 V AconfigFlags: Read Aconfig default flag value android.app.admin.flags.always_persist_do = true
11-06 16:06:41.815  3299  3365 V AconfigFlags: Read Aconfig default flag value android.app.admin.flags.assist_content_user_restriction_enabled = true
11-06 16:06:41.815  3299  3365 V AconfigFlags: Read Aconfig default flag value android.app.admin.flags.backup_connected_apps_settings = false
11-06 16:06:41.815  3299  3365 V AconfigFlags: Read Aconfig default flag value android.app.admin.flags.backup_service_security_log_event_enabled = true
11-06 16:06:41.815  3299  3365 V AconfigFlags: Read Aconfig default flag value android.app.admin.flags.coexistence_migration_for_non_emm_management_enabled = true
11-06 16:06:41.815  3299  3365 V AconfigFlags: Read Aconfig default flag value android.app.admin.flags.copy_account_with_retry_enabled = true
11-06 16:06:41.815  3299  3365 V AconfigFlags: Read Aconfig default flag value android.app.admin.flags.cross_user_suspension_enabled_ro = false
11-06 16:06:41.815  3299  3365 V AconfigFlags: Read Aconfig default flag value android.app.admin.flags.dedicated_device_control_api_enabled = true
11-06 16:06:41.815  3299  3365 V AconfigFlags: Read Aconfig default flag value android.app.admin.flags.dedicated_device_control_enabled = true
11-06 16:06:41.815  3299  3365 V AconfigFlags: Read Aconfig default flag value android.app.admin.flags.default_sms_personal_app_suspension_fix_enabled = true
11-06 16:06:41.815  3299  3365 V AconfigFlags: Read Aconfig default flag value android.app.admin.flags.delete_private_space_under_restriction = true
11-06 16:06:41.815  3299  3365 V AconfigFlags: Read Aconfig default flag value android.app.admin.flags.device_policy_size_tracking_enabled = true
11-06 16:06:41.815  3299  3365 V AconfigFlags: Read Aconfig default flag value android.app.admin.flags.device_policy_size_tracking_internal_bug_fix_enabled = true
11-06 16:06:41.816  3299  3365 V AconfigFlags: Read Aconfig default flag value android.app.admin.flags.device_policy_size_tracking_internal_enabled = false
11-06 16:06:41.816  3299  3365 V AconfigFlags: Read Aconfig default flag value android.app.admin.flags.device_theft_api_enabled = false
11-06 16:06:41.816  3299  3365 V AconfigFlags: Read Aconfig default flag value android.app.admin.flags.device_theft_impl_enabled = false
11-06 16:06:41.816  3299  3365 V AconfigFlags: Read Aconfig default flag value android.app.admin.flags.disallow_user_control_bg_usage_fix = true
11-06 16:06:41.816  3299  3365 V AconfigFlags: Read Aconfig default flag value android.app.admin.flags.disallow_user_control_stopped_state_fix = true
11-06 16:06:41.816  3299  3365 V AconfigFlags: Read Aconfig default flag value android.app.admin.flags.dmrh_set_app_restrictions = true
11-06 16:06:41.816  3299  3365 V AconfigFlags: Read Aconfig default flag value android.app.admin.flags.dumpsys_policy_engine_migration_enabled = true
11-06 16:06:41.816  3299  3365 V AconfigFlags: Read Aconfig default flag value android.app.admin.flags.esim_management_enabled = true
11-06 16:06:41.816  3299  3365 V AconfigFlags: Read Aconfig default flag value android.app.admin.flags.esim_management_ux_enabled = false
11-06 16:06:41.816  3299  3365 V AconfigFlags: Read Aconfig default flag value android.app.admin.flags.headless_device_owner_delegate_security_logging_bug_fix = true
11-06 16:06:41.816  3299  3365 V AconfigFlags: Read Aconfig default flag value android.app.admin.flags.headless_device_owner_provisioning_fix_enabled = true
11-06 16:06:41.816  3299  3365 V AconfigFlags: Read Aconfig default flag value android.app.admin.flags.headless_device_owner_single_user_enabled = true
11-06 16:06:41.816  3299  3365 V AconfigFlags: Read Aconfig default flag value android.app.admin.flags.headless_single_min_target_sdk = false
11-06 16:06:41.816  3299  3365 V AconfigFlags: Read Aconfig default flag value android.app.admin.flags.headless_single_user_bad_device_admin_state_fix = true
11-06 16:06:41.816  3299  3365 V AconfigFlags: Read Aconfig default flag value android.app.admin.flags.headless_single_user_compatibility_fix = true
11-06 16:06:41.816  3299  3365 V AconfigFlags: Read Aconfig default flag value android.app.admin.flags.headless_single_user_fixes = true
11-06 16:06:41.816  3299  3365 V AconfigFlags: Read Aconfig default flag value android.app.admin.flags.hsum_unlock_notification_fix = true
11-06 16:06:41.816  3299  3365 V AconfigFlags: Read Aconfig default flag value android.app.admin.flags.is_mte_policy_enforced = true
11-06 16:06:41.816  3299  3365 V AconfigFlags: Read Aconfig default flag value android.app.admin.flags.is_recursive_required_app_merging_enabled = false
11-06 16:06:41.816  3299  3365 V AconfigFlags: Read Aconfig default flag value android.app.admin.flags.onboarding_bugreport_storage_bug_fix = true
11-06 16:06:41.816  3299  3365 V AconfigFlags: Read Aconfig default flag value android.app.admin.flags.onboarding_bugreport_v2_enabled = true
11-06 16:06:41.816  3299  3365 V AconfigFlags: Read Aconfig default flag value android.app.admin.flags.onboarding_consentless_bugreports = true
11-06 16:06:41.816  3299  3365 V AconfigFlags: Read Aconfig default flag value android.app.admin.flags.permission_migration_for_zero_trust_api_enabled = true
11-06 16:06:41.816  3299  3365 V AconfigFlags: Read Aconfig default flag value android.app.admin.flags.permission_migration_for_zero_trust_impl_enabled = true
11-06 16:06:41.816  3299  3365 V AconfigFlags: Read Aconfig default flag value android.app.admin.flags.policy_engine_migration_v2_enabled = true
11-06 16:06:41.816  3299  3365 V AconfigFlags: Read Aconfig default flag value android.app.admin.flags.power_exemption_bg_usage_fix = true
11-06 16:06:41.816  3299  3365 V AconfigFlags: Read Aconfig default flag value android.app.admin.flags.quiet_mode_credential_bug_fix = true
11-06 16:06:41.816  3299  3365 V AconfigFlags: Read Aconfig default flag value android.app.admin.flags.security_log_v2_enabled = true
11-06 16:06:41.816  3299  3365 V AconfigFlags: Read Aconfig default flag value android.app.admin.flags.unmanaged_mode_migration = false
11-06 16:06:41.816  3299  3365 V AconfigFlags: Read Aconfig default flag value android.app.api_rich_ongoing = false
11-06 16:06:41.816  3299  3365 V AconfigFlags: Read Aconfig default flag value android.app.api_tvextender = true
11-06 16:06:41.816  3299  3365 V AconfigFlags: Read Aconfig default flag value android.app.app_restrictions_api = true
11-06 16:06:41.816  3299  3365 V AconfigFlags: Read Aconfig default flag value android.app.app_start_info = true
11-06 16:06:41.816  3299  3365 V AconfigFlags: Read Aconfig default flag value android.app.app_start_info_timestamps = true
11-06 16:06:41.816  3299  3365 V AconfigFlags: Read Aconfig default flag value android.app.bic_client = true
11-06 16:06:41.816  3299  3365 V AconfigFlags: Read Aconfig default flag value android.app.category_voicemail = true
11-06 16:06:41.816  3299  3365 V AconfigFlags: Read Aconfig default flag value android.app.check_autogroup_before_post = false
11-06 16:06:41.816  3299  3365 V AconfigFlags: Read Aconfig default flag value android.app.clean_up_spans_and_new_lines = false
11-06 16:06:41.816  3299  3365 V AconfigFlags: Read Aconfig default flag value android.app.clear_dns_cache_on_network_rules_update = true
11-06 16:06:41.816  3299  3365 V AconfigFlags: Read Aconfig default flag value android.app.compact_heads_up_notification = false
11-06 16:06:41.816  3299  3365 V AconfigFlags: Read Aconfig default flag value android.app.compact_heads_up_notification_reply = false
11-06 16:06:41.816  3299  3365 V AconfigFlags: Read Aconfig default flag value android.app.contextualsearch.flags.enable_service = true
11-06 16:06:41.816  3299  3365 V AconfigFlags: Read Aconfig default flag value android.app.contextualsearch.flags.enable_token_refresh = false
11-06 16:06:41.816  3299  3365 V AconfigFlags: Read Aconfig default flag value android.app.enable_fgs_timeout_crash_behavior = true
11-06 16:06:41.816  3299  3365 V AconfigFlags: Read Aconfig default flag value android.app.enable_night_mode_binder_cache = true
11-06 16:06:41.816  3299  3365 V AconfigFlags: Read Aconfig default flag value android.app.enable_pip_ui_state_callback_on_entering = true
11-06 16:06:41.816  3299  3365 V AconfigFlags: Read Aconfig default flag value android.app.evenly_divided_call_style_action_layout = true
11-06 16:06:41.816  3299  3365 V AconfigFlags: Read Aconfig default flag value android.app.gate_fgs_timeout_anr_behavior = false
11-06 16:06:41.816  3299  3365 V AconfigFlags: Read Aconfig default flag value android.app.get_binding_uid_importance = true
11-06 16:06:41.816  3299  3365 V AconfigFlags: Read Aconfig default flag value android.app.introduce_new_service_ontimeout_callback = true
11-06 16:06:41.816  3299  3365 V AconfigFlags: Read Aconfig default flag value android.app.job.backup_jobs_exemption = false
11-06 16:06:41.816  3299  3365 V AconfigFlags: Read Aconfig default flag value android.app.job.enforce_minimum_time_windows = false
11-06 16:06:41.816  3299  3365 V AconfigFlags: Read Aconfig default flag value android.app.job.job_debug_info_apis = true
11-06 16:06:41.816  3299  3365 V AconfigFlags: Read Aconfig default flag value android.app.keyguard_private_notifications = true
11-06 16:06:41.817  3299  3365 V AconfigFlags: Read Aconfig default flag value android.app.lifetime_extension_refactor = false
11-06 16:06:41.817  3299  3365 V AconfigFlags: Read Aconfig default flag value android.app.modes_api = true
11-06 16:06:41.817  3299  3365 V AconfigFlags: Read Aconfig default flag value android.app.modes_ui = false
11-06 16:06:41.817  3299  3365 V AconfigFlags: Read Aconfig default flag value android.app.notification_channel_vibration_effect_api = true
11-06 16:06:41.817  3299  3365 V AconfigFlags: Read Aconfig default flag value android.app.notification_expansion_optional = false
11-06 16:06:41.817  3299  3365 V AconfigFlags: Read Aconfig default flag value android.app.notifications_use_app_icon = false
11-06 16:06:41.817  3299  3365 V AconfigFlags: Read Aconfig default flag value android.app.notifications_use_app_icon_in_row = false
11-06 16:06:41.817  3299  3365 V AconfigFlags: Read Aconfig default flag value android.app.notifications_use_monochrome_app_icon = false
11-06 16:06:41.817  3299  3365 V AconfigFlags: Read Aconfig default flag value android.app.ondeviceintelligence.flags.enable_on_device_intelligence = true
11-06 16:06:41.817  3299  3365 V AconfigFlags: Read Aconfig default flag value android.app.pinner_service_client_api = true
11-06 16:06:41.817  3299  3365 V AconfigFlags: Read Aconfig default flag value android.app.redact_sensitive_content_notifications_on_lockscreen = false
11-06 16:06:41.817  3299  3365 V AconfigFlags: Read Aconfig default flag value android.app.remove_remote_views = false
11-06 16:06:41.817  3299  3365 V AconfigFlags: Read Aconfig default flag value android.app.restrict_audio_attributes_alarm = false
11-06 16:06:41.817  3299  3365 V AconfigFlags: Read Aconfig default flag value android.app.restrict_audio_attributes_call = false
11-06 16:06:41.817  3299  3365 V AconfigFlags: Read Aconfig default flag value android.app.restrict_audio_attributes_media = false
11-06 16:06:41.817  3299  3365 V AconfigFlags: Read Aconfig default flag value android.app.secure_allowlist_token = false
11-06 16:06:41.817  3299  3365 V AconfigFlags: Read Aconfig default flag value android.app.skip_bg_mem_trim_on_fg_app = false
11-06 16:06:41.817  3299  3365 V AconfigFlags: Read Aconfig default flag value android.app.smartspace.flags.access_smartspace = true
11-06 16:06:41.817  3299  3365 V AconfigFlags: Read Aconfig default flag value android.app.smartspace.flags.remote_views = true
11-06 16:06:41.817  3299  3365 V AconfigFlags: Read Aconfig default flag value android.app.sort_section_by_time = false
11-06 16:06:41.817  3299  3365 V AconfigFlags: Read Aconfig default flag value android.app.system_terms_of_address_enabled = true
11-06 16:06:41.817  3299  3365 V AconfigFlags: Read Aconfig default flag value android.app.uid_importance_listener_for_uids = false
11-06 16:06:41.817  3299  3365 V AconfigFlags: Read Aconfig default flag value android.app.update_ranking_time = false
11-06 16:06:41.817  3299  3365 V AconfigFlags: Read Aconfig default flag value android.app.usage.disable_idle_check = false
11-06 16:06:41.817  3299  3365 V AconfigFlags: Read Aconfig default flag value android.app.usage.filter_based_event_query_api = true
11-06 16:06:41.817  3299  3365 V AconfigFlags: Read Aconfig default flag value android.app.usage.get_app_bytes_by_data_type_api = true
11-06 16:06:41.817  3299  3365 V AconfigFlags: Read Aconfig default flag value android.app.usage.report_usage_stats_permission = true
11-06 16:06:41.817  3299  3365 V AconfigFlags: Read Aconfig default flag value android.app.usage.use_dedicated_handler_thread = true
11-06 16:06:41.817  3299  3365 V AconfigFlags: Read Aconfig default flag value android.app.usage.use_parceled_list = true
11-06 16:06:41.817  3299  3365 V AconfigFlags: Read Aconfig default flag value android.app.usage.user_interaction_type_api = true
11-06 16:06:41.817  3299  3365 V AconfigFlags: Read Aconfig default flag value android.app.visit_person_uri = false
11-06 16:06:41.817  3299  3365 V AconfigFlags: Read Aconfig default flag value android.app.wearable.enable_data_request_observer_api = true
11-06 16:06:41.817  3299  3365 V AconfigFlags: Read Aconfig default flag value android.app.wearable.enable_hotword_wearable_sensing_api = true
11-06 16:06:41.817  3299  3365 V AconfigFlags: Read Aconfig default flag value android.app.wearable.enable_provide_wearable_connection_api = true
11-06 16:06:41.817  3299  3365 V AconfigFlags: Read Aconfig default flag value android.app.wearable.enable_restart_wss_process = true
11-06 16:06:41.817  3299  3365 V AconfigFlags: Read Aconfig default flag value android.app.wearable.enable_unsupported_operation_status_code = true
11-06 16:06:41.817  3299  3365 V AconfigFlags: Read Aconfig default flag value android.appwidget.flags.draw_data_parcel = true
11-06 16:06:41.817  3299  3365 V AconfigFlags: Read Aconfig default flag value android.appwidget.flags.generated_previews = true
11-06 16:06:41.817  3299  3365 V AconfigFlags: Read Aconfig default flag value android.appwidget.flags.remote_adapter_conversion = false
11-06 16:06:41.817  3299  3365 V AconfigFlags: Read Aconfig default flag value android.appwidget.flags.remove_app_widget_service_io_from_critical_path = true
11-06 16:06:41.817  3299  3365 V AconfigFlags: Read Aconfig default flag value android.appwidget.flags.support_resume_restore_after_reboot = false
11-06 16:06:41.817  3299  3365 V AconfigFlags: Read Aconfig default flag value android.appwidget.flags.throttle_widget_updates = false
11-06 16:06:41.817  3299  3365 V AconfigFlags: Read Aconfig default flag value android.car.feature.android_vic_vehicle_properties = true
11-06 16:06:41.817  3299  3365 V AconfigFlags: Read Aconfig default flag value android.car.feature.area_id_config_access = true
11-06 16:06:41.817  3299  3365 V AconfigFlags: Read Aconfig default flag value android.car.feature.batched_subscriptions = true
11-06 16:06:41.817  3299  3365 V AconfigFlags: Read Aconfig default flag value android.car.feature.car_app_card = true
11-06 16:06:41.817  3299  3365 V AconfigFlags: Read Aconfig default flag value android.car.feature.car_audio_dynamic_devices = true
11-06 16:06:41.817  3299  3365 V AconfigFlags: Read Aconfig default flag value android.car.feature.car_audio_fade_manager_configuration = true
11-06 16:06:41.817  3299  3365 V AconfigFlags: Read Aconfig default flag value android.car.feature.car_audio_min_max_activation_volume = true
11-06 16:06:41.817  3299  3365 V AconfigFlags: Read Aconfig default flag value android.car.feature.car_audio_mute_ambiguity = true
11-06 16:06:41.817  3299  3365 V AconfigFlags: Read Aconfig default flag value android.car.feature.car_dump_to_proto = true
11-06 16:06:41.817  3299  3365 V AconfigFlags: Read Aconfig default flag value android.car.feature.car_evs_query_service_status = true
11-06 16:06:41.817  3299  3365 V AconfigFlags: Read Aconfig default flag value android.car.feature.car_evs_stream_management = true
11-06 16:06:41.817  3299  3365 V AconfigFlags: Read Aconfig default flag value android.car.feature.car_night_global_setting = true
11-06 16:06:41.817  3299  3365 V AconfigFlags: Read Aconfig default flag value android.car.feature.car_power_cancel_shell_command = false
11-06 16:06:41.817  3299  3365 V AconfigFlags: Read Aconfig default flag value android.car.feature.car_power_policy_refactoring = true
11-06 16:06:41.817  3299  3365 V AconfigFlags: Read Aconfig default flag value android.car.feature.car_property_detailed_error_codes = true
11-06 16:06:41.817  3299  3365 V AconfigFlags: Read Aconfig default flag value android.car.feature.car_property_value_property_status = true
11-06 16:06:41.817  3299  3365 V AconfigFlags: Read Aconfig default flag value android.car.feature.car_watchdog_memory_profiling = true
11-06 16:06:41.817  3299  3365 V AconfigFlags: Read Aconfig default flag value android.car.feature.cluster_health_monitoring = true
11-06 16:06:41.817  3299  3365 V AconfigFlags: Read Aconfig default flag value android.car.feature.display_compatibility = true
11-06 16:06:41.817  3299  3365 V AconfigFlags: Read Aconfig default flag value android.car.feature.per_display_max_brightness = true
11-06 16:06:41.817  3299  3365 V AconfigFlags: Read Aconfig default flag value android.car.feature.persist_ap_settings = true
11-06 16:06:41.817  3299  3365 V AconfigFlags: Read Aconfig default flag value android.car.feature.projection_query_bt_profile_inhibit = true
11-06 16:06:41.817  3299  3365 V AconfigFlags: Read Aconfig default flag value android.car.feature.serverless_remote_access = true
11-06 16:06:41.817  3299  3365 V AconfigFlags: Read Aconfig default flag value android.car.feature.stop_process_before_suspend_to_disk = false
11-06 16:06:41.817  3299  3365 V AconfigFlags: Read Aconfig default flag value android.car.feature.subscription_with_resolution = true
11-06 16:06:41.817  3299  3365 V AconfigFlags: Read Aconfig default flag value android.car.feature.switch_user_ignoring_uxr = true
11-06 16:06:41.817  3299  3365 V AconfigFlags: Read Aconfig default flag value android.car.feature.variable_update_rate = true
11-06 16:06:41.817  3299  3365 V AconfigFlags: Read Aconfig default flag value android.chre.flags.abort_if_no_context_hub_found = false
11-06 16:06:41.817  3299  3365 V AconfigFlags: Read Aconfig default flag value android.chre.flags.bug_fix_reduce_lock_holding_period = true
11-06 16:06:41.817  3299  3365 V AconfigFlags: Read Aconfig default flag value android.chre.flags.context_hub_callback_uuid_enabled = true
11-06 16:06:41.817  3299  3365 V AconfigFlags: Read Aconfig default flag value android.chre.flags.flag_log_nanoapp_load_metrics = true
11-06 16:06:41.817  3299  3365 V AconfigFlags: Read Aconfig default flag value android.chre.flags.metrics_reporter_in_the_daemon = true
11-06 16:06:41.817  3299  3365 V AconfigFlags: Read Aconfig default flag value android.chre.flags.reconnect_host_endpoints_after_hal_restart = false
11-06 16:06:41.817  3299  3365 V AconfigFlags: Read Aconfig default flag value android.chre.flags.reduce_lock_holding_period = false
11-06 16:06:41.817  3299  3365 V AconfigFlags: Read Aconfig default flag value android.chre.flags.reliable_message = true
11-06 16:06:41.817  3299  3365 V AconfigFlags: Read Aconfig default flag value android.chre.flags.reliable_message_duplicate_detection_service = false
11-06 16:06:41.817  3299  3365 V AconfigFlags: Read Aconfig default flag value android.chre.flags.reliable_message_implementation = true
11-06 16:06:41.818  3299  3365 V AconfigFlags: Read Aconfig default flag value android.chre.flags.reliable_message_retry_support_service = false
11-06 16:06:41.818  3299  3365 V AconfigFlags: Read Aconfig default flag value android.chre.flags.reliable_message_test_mode_behavior = false
11-06 16:06:41.818  3299  3365 V AconfigFlags: Read Aconfig default flag value android.chre.flags.remove_ap_wakeup_metric_report_limit = true
11-06 16:06:41.818  3299  3365 V AconfigFlags: Read Aconfig default flag value android.chre.flags.wait_for_preloaded_nanoapp_start = false
11-06 16:06:41.818  3299  3365 V AconfigFlags: Read Aconfig default flag value android.companion.association_tag = false
11-06 16:06:41.818  3299  3365 V AconfigFlags: Read Aconfig default flag value android.companion.companion_transport_apis = false
11-06 16:06:41.818  3299  3365 V AconfigFlags: Read Aconfig default flag value android.companion.device_presence = false
11-06 16:06:41.818  3299  3365 V AconfigFlags: Read Aconfig default flag value android.companion.new_association_builder = true
11-06 16:06:41.818  3299  3365 V AconfigFlags: Read Aconfig default flag value android.companion.ongoing_perm_sync = false
11-06 16:06:41.818  3299  3365 V AconfigFlags: Read Aconfig default flag value android.companion.perm_sync_user_consent = true
11-06 16:06:41.818  3299  3365 V AconfigFlags: Read Aconfig default flag value android.companion.unpair_associated_device = false
11-06 16:06:41.818  3299  3365 V AconfigFlags: Read Aconfig default flag value android.companion.virtual.flags.consistent_display_flags = true
11-06 16:06:41.818  3299  3365 V AconfigFlags: Read Aconfig default flag value android.companion.virtual.flags.cross_device_clipboard = true
11-06 16:06:41.818  3299  3365 V AconfigFlags: Read Aconfig default flag value android.companion.virtual.flags.dynamic_policy = true
11-06 16:06:41.818  3299  3365 V AconfigFlags: Read Aconfig default flag value android.companion.virtual.flags.enable_native_vdm = true
11-06 16:06:41.818  3299  3365 V AconfigFlags: Read Aconfig default flag value android.companion.virtual.flags.express_metrics = true
11-06 16:06:41.818  3299  3365 V AconfigFlags: Read Aconfig default flag value android.companion.virtual.flags.impulse_velocity_strategy_for_touch_navigation = true
11-06 16:06:41.818  3299  3365 V AconfigFlags: Read Aconfig default flag value android.companion.virtual.flags.interactive_screen_mirror = true
11-06 16:06:41.818  3299  3365 V AconfigFlags: Read Aconfig default flag value android.companion.virtual.flags.intercept_intents_before_applying_policy = true
11-06 16:06:41.818  3299  3365 V AconfigFlags: Read Aconfig default flag value android.companion.virtual.flags.persistent_device_id_api = true
11-06 16:06:41.818  3299  3365 V AconfigFlags: Read Aconfig default flag value android.companion.virtual.flags.stream_camera = false
11-06 16:06:41.818  3299  3365 V AconfigFlags: Read Aconfig default flag value android.companion.virtual.flags.stream_permissions = true
11-06 16:06:41.818  3299  3365 V AconfigFlags: Read Aconfig default flag value android.companion.virtual.flags.vdm_custom_home = true
11-06 16:06:41.818  3299  3365 V AconfigFlags: Read Aconfig default flag value android.companion.virtual.flags.vdm_custom_ime = true
11-06 16:06:41.818  3299  3365 V AconfigFlags: Read Aconfig default flag value android.companion.virtual.flags.vdm_public_apis = true
11-06 16:06:41.818  3299  3365 V AconfigFlags: Read Aconfig default flag value android.companion.virtual.flags.virtual_camera = true
11-06 16:06:41.818  3299  3365 V AconfigFlags: Read Aconfig default flag value android.companion.virtual.flags.virtual_stylus = true
11-06 16:06:41.818  3299  3365 V AconfigFlags: Read Aconfig default flag value android.companion.virtualdevice.flags.camera_device_awareness = true
11-06 16:06:41.818  3299  3365 V AconfigFlags: Read Aconfig default flag value android.companion.virtualdevice.flags.device_aware_drm = true
11-06 16:06:41.818  3299  3365 V AconfigFlags: Read Aconfig default flag value android.companion.virtualdevice.flags.device_aware_record_audio_permission = true
11-06 16:06:41.818  3299  3365 V AconfigFlags: Read Aconfig default flag value android.companion.virtualdevice.flags.intent_interception_action_matching_fix = true
11-06 16:06:41.818  3299  3365 V AconfigFlags: Read Aconfig default flag value android.companion.virtualdevice.flags.metrics_collection = true
11-06 16:06:41.818  3299  3365 V AconfigFlags: Read Aconfig default flag value android.companion.virtualdevice.flags.virtual_camera_service_discovery = true
11-06 16:06:41.818  3299  3365 V AconfigFlags: Read Aconfig default flag value android.companion.virtualdevice.flags.virtual_display_multi_window_mode_support = true
11-06 16:06:41.818  3299  3365 V AconfigFlags: Read Aconfig default flag value android.content.flags.enable_bind_package_isolated_process = true
11-06 16:06:41.818  3299  3365 V AconfigFlags: Read Aconfig default flag value android.content.pm.allow_sdk_sandbox_query_intent_activities = true
11-06 16:06:41.818  3299  3365 V AconfigFlags: Read Aconfig default flag value android.content.pm.archiving = true
11-06 16:06:41.818  3299  3365 V AconfigFlags: Read Aconfig default flag value android.content.pm.asl_in_apk_app_metadata_source = true
11-06 16:06:41.818  3299  3365 V AconfigFlags: Read Aconfig default flag value android.content.pm.component_state_changed_metrics = true
11-06 16:06:41.818  3299  3365 V AconfigFlags: Read Aconfig default flag value android.content.pm.disallow_sdk_libs_to_be_apps = false
11-06 16:06:41.818  3299  3365 V AconfigFlags: Read Aconfig default flag value android.content.pm.emergency_install_permission = true
11-06 16:06:41.818  3299  3365 V AconfigFlags: Read Aconfig default flag value android.content.pm.encode_app_intent = true
11-06 16:06:41.818  3299  3365 V AconfigFlags: Read Aconfig default flag value android.content.pm.fix_duplicated_flags = true
11-06 16:06:41.818  3299  3365 V AconfigFlags: Read Aconfig default flag value android.content.pm.fix_system_apps_first_install_time = true
11-06 16:06:41.818  3299  3365 V AconfigFlags: Read Aconfig default flag value android.content.pm.force_multi_arch_native_libs_match = true
11-06 16:06:41.818  3299  3365 V AconfigFlags: Read Aconfig default flag value android.content.pm.get_package_info = true
11-06 16:06:41.818  3299  3365 V AconfigFlags: Read Aconfig default flag value android.content.pm.get_package_info_with_fd = false
11-06 16:06:41.818  3299  3365 V AconfigFlags: Read Aconfig default flag value android.content.pm.get_package_storage_stats = true
11-06 16:06:41.818  3299  3365 V AconfigFlags: Read Aconfig default flag value android.content.pm.get_resolved_apk_path = true
11-06 16:06:41.818  3299  3365 V AconfigFlags: Read Aconfig default flag value android.content.pm.improve_home_app_behavior = true
11-06 16:06:41.818  3299  3365 V AconfigFlags: Read Aconfig default flag value android.content.pm.improve_install_dont_kill = true
11-06 16:06:41.818  3299  3365 V AconfigFlags: Read Aconfig default flag value android.content.pm.improve_install_freeze = false
11-06 16:06:41.818  3299  3365 V AconfigFlags: Read Aconfig default flag value android.content.pm.introduce_media_processing_type = true
11-06 16:06:41.818  3299  3365 V AconfigFlags: Read Aconfig default flag value android.content.pm.lightweight_invisible_label_detection = true
11-06 16:06:41.818  3299  3365 V AconfigFlags: Read Aconfig default flag value android.content.pm.min_target_sdk_24 = true
11-06 16:06:41.818  3299  3365 V AconfigFlags: Read Aconfig default flag value android.content.pm.nullable_data_dir = true
11-06 16:06:41.818  3299  3365 V AconfigFlags: Read Aconfig default flag value android.content.pm.package_restart_query_disabled_by_default = false
11-06 16:06:41.818  3299  3365 V AconfigFlags: Read Aconfig default flag value android.content.pm.provide_info_of_apk_in_apex = true
11-06 16:06:41.818  3299  3365 V AconfigFlags: Read Aconfig default flag value android.content.pm.quarantined_enabled = false
11-06 16:06:41.818  3299  3365 V AconfigFlags: Read Aconfig default flag value android.content.pm.read_install_info = true
11-06 16:06:41.818  3299  3365 V AconfigFlags: Read Aconfig default flag value android.content.pm.recoverability_detection = true
11-06 16:06:41.818  3299  3365 V AconfigFlags: Read Aconfig default flag value android.content.pm.relative_reference_intent_filters = true
11-06 16:06:41.818  3299  3365 V AconfigFlags: Read Aconfig default flag value android.content.pm.restrict_nonpreloads_system_shareduids = true
11-06 16:06:41.818  3299  3365 V AconfigFlags: Read Aconfig default flag value android.content.pm.rollback_lifetime = true
11-06 16:06:41.818  3299  3365 V AconfigFlags: Read Aconfig default flag value android.content.pm.sdk_lib_independence = false
11-06 16:06:41.818  3299  3365 V AconfigFlags: Read Aconfig default flag value android.content.pm.set_pre_verified_domains = true
11-06 16:06:41.818  3299  3365 V AconfigFlags: Read Aconfig default flag value android.content.pm.stay_stopped = true
11-06 16:06:41.818  3299  3365 V AconfigFlags: Read Aconfig default flag value android.content.pm.use_art_service_v2 = true
11-06 16:06:41.818  3299  3365 V AconfigFlags: Read Aconfig default flag value android.content.pm.use_pia_v2 = false
11-06 16:06:41.818  3299  3365 V AconfigFlags: Read Aconfig default flag value android.content.pm.wait_application_killed = false
11-06 16:06:41.818  1596  2253 I Telecom : TelecomServiceImpl$1: registerPhoneAccount: account=[[ ] PhoneAccount: ComponentInfo{com.android.phone/com.android.services.telephony.TelephonyConnectionService}, 4, UserHandle{0} Capabilities: CallProvider MultiUser PlaceEmerg SimSub  Audio Routes: BESW Schemes: tel voicemail  Extras: Bundle[{android.telecom.extra.SUPPORTS_VIDEO_CALLING_FALLBACK=true}] GroupId: *** SC Restrictions: [ ]]: TSI.rPA(cap)@AGE
11-06 16:06:41.818  3299  3365 V AconfigFlags: Read Aconfig default flag value android.content.res.asset_file_descriptor_frro = true
11-06 16:06:41.818  3299  3365 V AconfigFlags: Read Aconfig default flag value android.content.res.default_locale = true
11-06 16:06:41.818  3299  3365 V AconfigFlags: Read Aconfig default flag value android.content.res.font_scale_converter_public = true
11-06 16:06:41.818  3299  3365 V AconfigFlags: Read Aconfig default flag value android.content.res.manifest_flagging = true
11-06 16:06:41.819  3299  3365 V AconfigFlags: Read Aconfig default flag value android.content.res.nine_patch_frro = true
11-06 16:06:41.819  3299  3365 V AconfigFlags: Read Aconfig default flag value android.content.res.register_resource_paths = true
11-06 16:06:41.819  3299  3365 V AconfigFlags: Read Aconfig default flag value android.crashrecovery.flags.allow_rescue_party_flag_resets = false
11-06 16:06:41.819  3299  3365 V AconfigFlags: Read Aconfig default flag value android.crashrecovery.flags.enable_crashrecovery = false
11-06 16:06:41.819  3299  3365 V AconfigFlags: Read Aconfig default flag value android.crashrecovery.flags.recoverability_detection = true
11-06 16:06:41.819  3299  3365 V AconfigFlags: Read Aconfig default flag value android.crashrecovery.flags.reenable_settings_resets = false
11-06 16:06:41.819  3299  3365 V AconfigFlags: Read Aconfig default flag value android.credentials.flags.clear_credentials_fix_enabled = true
11-06 16:06:41.819  3299  3365 V AconfigFlags: Read Aconfig default flag value android.credentials.flags.clear_session_enabled = true
11-06 16:06:41.819  3299  3365 V AconfigFlags: Read Aconfig default flag value android.credentials.flags.configurable_selector_ui_enabled = true
11-06 16:06:41.819  3299  3365 V AconfigFlags: Read Aconfig default flag value android.credentials.flags.credman_biometric_api_enabled = true
11-06 16:06:41.819  3299  3365 V AconfigFlags: Read Aconfig default flag value android.credentials.flags.hybrid_filter_opt_fix_enabled = true
11-06 16:06:41.819  3299  3365 V AconfigFlags: Read Aconfig default flag value android.credentials.flags.instant_apps_enabled = true
11-06 16:06:41.819  3299  3365 V AconfigFlags: Read Aconfig default flag value android.credentials.flags.new_framework_metrics = false
11-06 16:06:41.819  3299  3365 V AconfigFlags: Read Aconfig default flag value android.credentials.flags.new_settings_intents = true
11-06 16:06:41.819  3299  3365 V AconfigFlags: Read Aconfig default flag value android.credentials.flags.new_settings_ui = true
11-06 16:06:41.819  3299  3365 V AconfigFlags: Read Aconfig default flag value android.credentials.flags.selector_ui_improvements_enabled = true
11-06 16:06:41.819  3299  3365 V AconfigFlags: Read Aconfig default flag value android.credentials.flags.settings_activity_enabled = true
11-06 16:06:41.819  3299  3365 V AconfigFlags: Read Aconfig default flag value android.credentials.flags.wear_credential_manager_enabled = false
11-06 16:06:41.819  3299  3365 V AconfigFlags: Read Aconfig default flag value android.database.sqlite.simple_sql_comment_scanner = true
11-06 16:06:41.819  3299  3365 V AconfigFlags: Read Aconfig default flag value android.database.sqlite.sqlite_allow_temp_tables = true
11-06 16:06:41.819  3299  3365 V AconfigFlags: Read Aconfig default flag value android.database.sqlite.sqlite_apis_35 = true
11-06 16:06:41.819  3299  3365 V AconfigFlags: Read Aconfig default flag value android.hardware.biometrics.add_key_agreement_crypto_object = false
11-06 16:06:41.819  3299  3365 V AconfigFlags: Read Aconfig default flag value android.hardware.biometrics.custom_biometric_prompt = true
11-06 16:06:41.819  3299  3365 V AconfigFlags: Read Aconfig default flag value android.hardware.biometrics.get_op_id_crypto_object = true
11-06 16:06:41.819  3299  3365 V AconfigFlags: Read Aconfig default flag value android.hardware.biometrics.last_authentication_time = true
11-06 16:06:41.819  3299  3365 V AconfigFlags: Read Aconfig default flag value android.hardware.biometrics.mandatory_biometrics = false
11-06 16:06:41.819  3299  3365 V AconfigFlags: Read Aconfig default flag value android.hardware.devicestate.feature.flags.device_state_property_api = true
11-06 16:06:41.819  3299  3365 V AconfigFlags: Read Aconfig default flag value android.hardware.devicestate.feature.flags.device_state_requester_cancel_state = true
11-06 16:06:41.819  3299  3365 V AconfigFlags: Read Aconfig default flag value android.hardware.flags.overlayproperties_class_api = true
11-06 16:06:41.819  3299  3365 V AconfigFlags: Read Aconfig default flag value android.hardware.radio.hd_radio_improved = true
11-06 16:06:41.819  3299  3365 V AconfigFlags: Read Aconfig default flag value android.hardware.usb.flags.enable_input_power_limited_warning = true
11-06 16:06:41.819  3299  3365 V AconfigFlags: Read Aconfig default flag value android.hardware.usb.flags.enable_interface_name_device_filter = false
11-06 16:06:41.819  3299  3365 V AconfigFlags: Read Aconfig default flag value android.hardware.usb.flags.enable_is_mode_change_supported_api = true
11-06 16:06:41.819  3299  3365 V AconfigFlags: Read Aconfig default flag value android.hardware.usb.flags.enable_is_pd_compliant_api = true
11-06 16:06:41.819  3299  3365 V AconfigFlags: Read Aconfig default flag value android.hardware.usb.flags.enable_report_usb_data_compliance_warning = true
11-06 16:06:41.819  3299  3365 V AconfigFlags: Read Aconfig default flag value android.hardware.usb.flags.enable_usb_data_compliance_warning = true
11-06 16:06:41.819  3299  3365 V AconfigFlags: Read Aconfig default flag value android.hardware.usb.flags.enable_usb_data_signal_staking = true
11-06 16:06:41.819  3299  3365 V AconfigFlags: Read Aconfig default flag value android.hardware.usb.flags.enable_usb_sysfs_midi_identification = false
11-06 16:06:41.819  3299  3365 V AconfigFlags: Read Aconfig default flag value android.location.flags.enable_location_bypass = false
11-06 16:06:41.819  3299  3365 V AconfigFlags: Read Aconfig default flag value android.location.flags.fix_service_watcher = true
11-06 16:06:41.819  3299  3365 V AconfigFlags: Read Aconfig default flag value android.location.flags.geoid_heights_via_altitude_hal = true
11-06 16:06:41.819  3299  3365 V AconfigFlags: Read Aconfig default flag value android.location.flags.gnss_api_measurement_request_work_source = true
11-06 16:06:41.819  3299  3365 V AconfigFlags: Read Aconfig default flag value android.location.flags.gnss_api_navic_l1 = true
11-06 16:06:41.819  3299  3365 V AconfigFlags: Read Aconfig default flag value android.location.flags.gnss_call_stop_before_set_position_mode = true
11-06 16:06:41.819  3299  3365 V AconfigFlags: Read Aconfig default flag value android.location.flags.gnss_configuration_from_resource = true
11-06 16:06:41.819  3299  3365 V AconfigFlags: Read Aconfig default flag value android.location.flags.location_bypass = true
11-06 16:06:41.819  3299  3365 V AconfigFlags: Read Aconfig default flag value android.location.flags.location_validation = true
11-06 16:06:41.819  3299  3365 V AconfigFlags: Read Aconfig default flag value android.location.flags.new_geocoder = true
11-06 16:06:41.819  3299  3365 V AconfigFlags: Read Aconfig default flag value android.location.flags.release_supl_connection_on_timeout = true
11-06 16:06:41.819  3299  3365 V AconfigFlags: Read Aconfig default flag value android.location.flags.replace_future_elapsed_realtime_jni = true
11-06 16:06:41.819  3299  3365 V AconfigFlags: Read Aconfig default flag value android.location.flags.subscriptions_changed_listener_thread = false
11-06 16:06:41.819  3299  3365 V AconfigFlags: Read Aconfig default flag value android.media.audio.auto_public_volume_api_hardening = false
11-06 16:06:41.819  3299  3365 V AconfigFlags: Read Aconfig default flag value android.media.audio.automatic_bt_device_type = true
11-06 16:06:41.819  3299  3365 V AconfigFlags: Read Aconfig default flag value android.media.audio.feature_spatial_audio_headtracking_low_latency = false
11-06 16:06:41.819  3299  3365 V AconfigFlags: Read Aconfig default flag value android.media.audio.focus_exclusive_with_recording = true
11-06 16:06:41.819  3299  3365 V AconfigFlags: Read Aconfig default flag value android.media.audio.focus_freeze_test_api = true
11-06 16:06:41.819  3299  3365 V AconfigFlags: Read Aconfig default flag value android.media.audio.foreground_audio_control = false
11-06 16:06:41.819  3299  3365 V AconfigFlags: Read Aconfig default flag value android.media.audio.loudness_configurator_api = true
11-06 16:06:41.819  3299  3365 V AconfigFlags: Read Aconfig default flag value android.media.audio.mute_background_audio = false
11-06 16:06:41.819  3299  3365 V AconfigFlags: Read Aconfig default flag value android.media.audio.ro_foreground_audio_control = true
11-06 16:06:41.819  3299  3365 V AconfigFlags: Read Aconfig default flag value android.media.audio.ro_volume_ringer_api_hardening = false
11-06 16:06:41.819  3299  3365 V AconfigFlags: Read Aconfig default flag value android.media.audio.sco_managed_by_audio = false
11-06 16:06:41.819  3299  3365 V AconfigFlags: Read Aconfig default flag value android.media.audio.supported_device_types_api = true
11-06 16:06:41.819  3299  3365 V AconfigFlags: Read Aconfig default flag value android.media.audio.volume_ringer_api_hardening = false
11-06 16:06:41.819  3299  3365 V AconfigFlags: Read Aconfig default flag value android.media.audiopolicy.audio_mix_ownership = true
11-06 16:06:41.819  3299  3365 V AconfigFlags: Read Aconfig default flag value android.media.audiopolicy.audio_mix_policy_ordering = false
11-06 16:06:41.819  3299  3365 V AconfigFlags: Read Aconfig default flag value android.media.audiopolicy.audio_mix_test_api = true
11-06 16:06:41.819  3299  3365 V AconfigFlags: Read Aconfig default flag value android.media.audiopolicy.audio_policy_update_mixing_rules_api = true
11-06 16:06:41.819  3299  3365 V AconfigFlags: Read Aconfig default flag value android.media.audiopolicy.enable_fade_manager_configuration = true
11-06 16:06:41.819  3299  3365 V AconfigFlags: Read Aconfig default flag value android.media.audiopolicy.multi_zone_audio = false
11-06 16:06:41.819  3299  3365 V AconfigFlags: Read Aconfig default flag value android.media.audiopolicy.record_audio_device_aware_permission = true
11-06 16:06:41.819  3299  3365 V AconfigFlags: Read Aconfig default flag value android.media.codec.aidl_hal_input_surface = false
11-06 16:06:41.820  3299  3365 V AconfigFlags: Read Aconfig default flag value android.media.codec.dynamic_color_aspects = true
11-06 16:06:41.820  3299  3365 V AconfigFlags: Read Aconfig default flag value android.media.codec.hlg_editing = true
11-06 16:06:41.820  3299  3365 V AconfigFlags: Read Aconfig default flag value android.media.codec.in_process_sw_audio_codec = false
11-06 16:06:41.820  3299  3365 V AconfigFlags: Read Aconfig default flag value android.media.codec.in_process_sw_audio_codec_support = false
11-06 16:06:41.820  3299  3365 V AconfigFlags: Read Aconfig default flag value android.media.codec.input_surface_throttle = true
11-06 16:06:41.820  3299  3365 V AconfigFlags: Read Aconfig default flag value android.media.codec.large_audio_frame_finish = true
11-06 16:06:41.820  3299  3365 V AconfigFlags: Read Aconfig default flag value android.media.codec.native_capabilites = false
11-06 16:06:41.820  3299  3365 V AconfigFlags: Read Aconfig default flag value android.media.codec.null_output_surface = true
11-06 16:06:41.820  1596  2253 I Telecom : PhoneAccountRegistrar: Modify account: [ComponentInfo{com.android.phone/com.android.services.telephony.TelephonyConnectionService}, 4, UserHandle{0}]: TSI.rPA(cap)@AGE
11-06 16:06:41.820  3299  3365 V AconfigFlags: Read Aconfig default flag value android.media.codec.null_output_surface_support = true
11-06 16:06:41.820  3299  3365 V AconfigFlags: Read Aconfig default flag value android.media.codec.region_of_interest = true
11-06 16:06:41.820  3299  3365 V AconfigFlags: Read Aconfig default flag value android.media.codec.region_of_interest_support = true
11-06 16:06:41.820  1596  2253 I Telecom : PhoneAccountRegistrar: setUserSelectedOutgoingPhoneAccount: ComponentInfo{com.android.phone/com.android.services.telephony.TelephonyConnectionService}, 4, UserHandle{0}: TSI.rPA(cap)@AGE
11-06 16:06:41.820  3299  3365 V AconfigFlags: Read Aconfig default flag value android.media.codec.set_callback_stall = false
11-06 16:06:41.820  1596  2253 I Telecom : PhoneAccountRegistrar: setUserSelectedOutgoingPhoneAccount: no change in default phoneAccountHandle.  current is same as new.: TSI.rPA(cap)@AGE
11-06 16:06:41.820  3299  3365 V AconfigFlags: Read Aconfig default flag value android.media.codec.set_state_early = true
11-06 16:06:41.820  3299  3365 V AconfigFlags: Read Aconfig default flag value android.media.codec.stop_hal_before_surface = true
11-06 16:06:41.820  3299  3365 V AconfigFlags: Read Aconfig default flag value android.media.codec.teamfood = false
