11-06 16:06:40.646  1596  3126 V StorageManagerService: Package com.android.imsserviceentitlement does not have legacy storage
11-06 16:06:40.646  1596  3126 V StorageManagerService: Package com.google.assistant.hubui does not have legacy storage
11-06 16:06:40.646  1596  3126 V StorageManagerService: Package com.android.traceur.auto_generated_rro_vendor__ does not have legacy storage
11-06 16:06:40.646  1596  3126 V StorageManagerService: Package com.Slack does not have legacy storage
11-06 16:06:40.646  1596  3126 V StorageManagerService: Package com.google.android.healthconnect.controller does not have legacy storage
11-06 16:06:40.646  1596  3126 V StorageManagerService: Package com.google.android.apps.cbrsnetworkmonitor does not have legacy storage
11-06 16:06:40.646  1596  3126 V StorageManagerService: Package com.android.internal.display.cutout.emulation.avoidAppsInCutout does not have legacy storage
11-06 16:06:40.646  1596  3126 V StorageManagerService: Package com.venmo does not have legacy storage
11-06 16:06:40.646  1596  3126 V StorageManagerService: Package com.google.android.apps.translate does not have legacy storage
11-06 16:06:40.646  1596  3126 V StorageManagerService: Package com.google.android.gms.supervision does not have legacy storage
11-06 16:06:40.646  1596  3126 V StorageManagerService: Package com.android.bookmarkprovider does not have legacy storage
11-06 16:06:40.646  1596  3126 V StorageManagerService: Package com.google.android.overlay.pixelconfigcommon does not have legacy storage
11-06 16:06:40.646  1596  3126 V StorageManagerService: Package com.android.settings has legacy storage
11-06 16:06:40.646  1596  3126 V StorageManagerService: Package com.google.android.apps.nbu.paisa.user does not have legacy storage
11-06 16:06:40.646  1596  3126 V StorageManagerService: Package com.android.systemui.accessibility.accessibilitymenu.auto_generated_rro_product__ does not have legacy storage
11-06 16:06:40.646  1596  3126 V StorageManagerService: Package com.google.android.wfcactivation does not have legacy storage
11-06 16:06:40.646  1596  3126 V StorageManagerService: Package com.google.android.apps.healthdata does not have legacy storage
11-06 16:06:40.646  1596  3126 V StorageManagerService: Package org.joinmastodon.android does not have legacy storage
11-06 16:06:40.646  1596  3126 V StorageManagerService: Package com.samsung.slsi.telephony.oemril does not have legacy storage
11-06 16:06:40.646  1596  3126 V StorageManagerService: Package com.google.android.settings.intelligence does not have legacy storage
11-06 16:06:40.646  1596  3126 V StorageManagerService: Package com.google.android.apps.aiuto does not have legacy storage
11-06 16:06:40.646  1596  3126 V StorageManagerService: Package com.google.android.projection.gearhead does not have legacy storage
11-06 16:06:40.646  1596  3126 V StorageManagerService: Package com.google.android.apps.scone does not have legacy storage
11-06 16:06:40.646  1596  3126 V StorageManagerService: Package com.google.android.apps.tasks does not have legacy storage
11-06 16:06:40.646  1596  3126 V StorageManagerService: Package com.google.android.apps.turbo does not have legacy storage
11-06 16:06:40.647  1596  3126 V StorageManagerService: Package com.google.android.apps.tycho does not have legacy storage
11-06 16:06:40.647  1596  3126 V StorageManagerService: Package com.google.android.tetheringentitlement does not have legacy storage
11-06 16:06:40.647  1596  3126 V StorageManagerService: Package com.android.omadm.service does not have legacy storage
11-06 16:06:40.647  1596  3126 V StorageManagerService: Package com.google.android.apps.dreamliner does not have legacy storage
11-06 16:06:40.647  1596  3126 V StorageManagerService: Package com.google.android.safetycore does not have legacy storage
11-06 16:06:40.647  1596  3126 V StorageManagerService: Package com.google.android.uwb.resources does not have legacy storage
11-06 16:06:40.647  1596  3126 V StorageManagerService: Package com.google.android.apps.chromecast.app does not have legacy storage
11-06 16:06:40.647  1596  3126 V StorageManagerService: Package com.android.cts.ctsshim does not have legacy storage
11-06 16:06:40.647  1596  3126 V StorageManagerService: Package com.google.android.apps.wearables.maestro.companion does not have legacy storage
11-06 16:06:40.647  1596  3126 V StorageManagerService: Package com.google.android.wifi.resources does not have legacy storage
11-06 16:06:40.647  1596  3126 V StorageManagerService: Package com.google.android.apps.pixel.support does not have legacy storage
11-06 16:06:40.647  1596  3126 V StorageManagerService: Package com.google.android.wifi.dialog does not have legacy storage
11-06 16:06:40.647  1596  3126 V StorageManagerService: Package com.google.android.connectivitythermalpowermanager does not have legacy storage
11-06 16:06:40.647  1596  3126 V StorageManagerService: Package com.android.vpndialogs does not have legacy storage
11-06 16:06:40.647  1596  3126 V StorageManagerService: Package com.google.android.apps.wallpaper does not have legacy storage
11-06 16:06:40.647  1596  3126 V StorageManagerService: Package com.google.android.apps.meetings does not have legacy storage
11-06 16:06:40.647  1596  3126 V StorageManagerService: Package com.tripshot.rider does not have legacy storage
11-06 16:06:40.647  1596  3126 V StorageManagerService: Package com.google.android.keep does not have legacy storage
11-06 16:06:40.647  1596  3126 V StorageManagerService: Package com.google.android.odad does not have legacy storage
11-06 16:06:40.647  1596  3126 V StorageManagerService: Package com.android.angle does not have legacy storage
11-06 16:06:40.647  1596  3126 V StorageManagerService: Package com.android.phone does not have legacy storage
11-06 16:06:40.647  1596  3126 V StorageManagerService: Package com.android.shell does not have legacy storage
11-06 16:06:40.647  1596  3126 V StorageManagerService: Package com.google.android.apps.recorder does not have legacy storage
11-06 16:06:40.647  1596  3126 V StorageManagerService: Package com.android.wallpaperbackup does not have legacy storage
11-06 16:06:40.647  1596  3126 V StorageManagerService: Package com.android.providers.blockednumber does not have legacy storage
11-06 16:06:40.647  1596  3126 V StorageManagerService: Package com.android.settings.auto_generated_rro_product__ does not have legacy storage
11-06 16:06:40.647  1596  3126 V StorageManagerService: Package com.google.android.apps.work.clouddpc does not have legacy storage
11-06 16:06:40.647  1596  3126 V StorageManagerService: Package com.android.providers.userdictionary does not have legacy storage
11-06 16:06:40.647  1596  3126 V StorageManagerService: Package com.google.android.apps.carrier.carrierwifi does not have legacy storage
11-06 16:06:40.648  1596  3126 V StorageManagerService: Package com.google.android.apps.setupwizard.searchselector does not have legacy storage
11-06 16:06:40.648  1596  3126 V StorageManagerService: Package com.android.emergency does not have legacy storage
11-06 16:06:40.648  1596  3126 V StorageManagerService: Package com.android.providers.media.overlay.pixel does not have legacy storage
11-06 16:06:40.648  1596  3126 V StorageManagerService: Package com.android.captiveportallogin.overlay does not have legacy storage
11-06 16:06:40.648  1596  3126 V StorageManagerService: Package com.android.companiondevicemanager.auto_generated_characteristics_rro does not have legacy storage
11-06 16:06:40.648  1596  3126 V StorageManagerService: Package com.google.android.gms.location.history does not have legacy storage
11-06 16:06:40.648  1596  3126 V StorageManagerService: Package com.android.internal.systemui.navbar.gestural does not have legacy storage
11-06 16:06:40.648  1596  3126 V StorageManagerService: Package com.android.location.fused has legacy storage
11-06 16:06:40.648  1596  3126 V StorageManagerService: Package com.android.systemui does not have legacy storage
11-06 16:06:40.648  1596  3126 V StorageManagerService: Package com.google.android.ondevicepersonalization.services does not have legacy storage
11-06 16:06:40.648  1596  3126 V StorageManagerService: Package com.google.android.hardwareinfo does not have legacy storage
11-06 16:06:40.648  1596  3126 V StorageManagerService: Package com.google.android.apps.youtube.music does not have legacy storage
11-06 16:06:40.648  1596  3126 V StorageManagerService: Package com.android.bluetoothmidiservice does not have legacy storage
11-06 16:06:40.648  1596  3126 V StorageManagerService: Package com.att.personalcloud does not have legacy storage
11-06 16:06:40.648  1596  3126 V StorageManagerService: Package com.google.android.dreamlinerupdater does not have legacy storage
11-06 16:06:40.648  1596  3126 V StorageManagerService: Package com.android.traceur does not have legacy storage
11-06 16:06:40.648  1596  3126 V StorageManagerService: Package com.google.android.cellbroadcastreceiver does not have legacy storage
11-06 16:06:40.648  1596  3126 V StorageManagerService: Package com.google.android.apps.helprtc does not have legacy storage
11-06 16:06:40.648  1596  3126 V StorageManagerService: Package com.android.phone.auto_generated_rro_product__ does not have legacy storage
11-06 16:06:40.648  1596  3126 V StorageManagerService: Package com.android.omadm.service.auto_generated_rro_vendor__ does not have legacy storage
11-06 16:06:40.648  1596  3126 V StorageManagerService: Package android.auto_generated_rro_product__ does not have legacy storage
11-06 16:06:40.648  1596  3126 V StorageManagerService: Package com.tvremote.xiaomitvsmart does not have legacy storage
11-06 16:06:40.648  1596  3126 V StorageManagerService: Package com.google.android.apps.magazines does not have legacy storage
11-06 16:06:40.648  1596  3126 V StorageManagerService: Package com.google.android.apps.gcs does not have legacy storage
11-06 16:06:40.648  1596  3126 V StorageManagerService: Package com.google.android.apps.gmm does not have legacy storage
11-06 16:06:40.648  1596  3126 V StorageManagerService: Package com.android.bluetooth does not have legacy storage
11-06 16:06:40.649  1596  3126 V StorageManagerService: Package com.android.providers.contacts does not have legacy storage
11-06 16:06:40.649  1596  3126 V StorageManagerService: Package com.google.android.GoogleCamera does not have legacy storage
11-06 16:06:40.649  1596  3126 V StorageManagerService: Package com.google.android.overlay.DeviceAsWebcam does not have legacy storage
11-06 16:06:40.649  1596  3126 V StorageManagerService: Package com.google.android.apps.pixel.dcservice does not have legacy storage
11-06 16:06:40.649  1596  3126 V StorageManagerService: Package com.google.android.photopicker does not have legacy storage
11-06 16:06:40.649  1596  3126 V StorageManagerService: Package com.google.android.inputmethod.latin does not have legacy storage
11-06 16:06:40.649  1596  3126 V StorageManagerService: Package com.google.android.storagemanager does not have legacy storage
11-06 16:06:40.649  1596  3126 V StorageManagerService: Package android.auto_generated_rro_vendor__ does not have legacy storage
11-06 16:06:40.649  1596  3126 V StorageManagerService: Package com.google.android.apps.restore does not have legacy storage
11-06 16:06:40.674  1596  2048 W ContextImpl: Calling a method in the system process without a qualified user: android.app.ContextImpl.sendBroadcastMultiplePermissions:1299 android.content.Context.sendBroadcastMultiplePermissions:2522 com.android.server.TelephonyRegistry.broadcastServiceStateChanged:3697 com.android.server.TelephonyRegistry.notifyServiceStateForPhoneId:1759 com.android.internal.telephony.ITelephonyRegistry$Stub.onTransact:546 
11-06 16:06:40.676  1596  2048 W ContextImpl: Calling a method in the system process without a qualified user: android.app.ContextImpl.sendBroadcastMultiplePermissions:1332 com.android.server.TelephonyRegistry.broadcastServiceStateChanged:3702 com.android.server.TelephonyRegistry.notifyServiceStateForPhoneId:1759 com.android.internal.telephony.ITelephonyRegistry$Stub.onTransact:546 android.os.Binder.execTransactInternal:1500 
11-06 16:06:40.676  1596  2048 W ContextImpl: Calling a method in the system process without a qualified user: android.app.ContextImpl.sendBroadcastMultiplePermissions:1332 com.android.server.TelephonyRegistry.broadcastServiceStateChanged:3711 com.android.server.TelephonyRegistry.notifyServiceStateForPhoneId:1759 com.android.internal.telephony.ITelephonyRegistry$Stub.onTransact:546 android.os.Binder.execTransactInternal:1500 
11-06 16:06:40.677  1596  2048 W ContextImpl: Calling a method in the system process without a qualified user: android.app.ContextImpl.sendBroadcastMultiplePermissions:1332 com.android.server.TelephonyRegistry.broadcastServiceStateChanged:3717 com.android.server.TelephonyRegistry.notifyServiceStateForPhoneId:1759 com.android.internal.telephony.ITelephonyRegistry$Stub.onTransact:546 android.os.Binder.execTransactInternal:1500 
11-06 16:06:40.682  1596  3125 D SystemServerTiming: Permission_syncPackages-10
11-06 16:06:40.685  1596  3125 W AppOpService: Ignored setUidMode call for runtime permission app op: uid = 1001000, code = CAMERA, mode = foreground, callingUid = 1000, oldMode = foreground
11-06 16:06:40.687  1596  3125 V StorageManagerService: Package com.android.server.telecom does not have legacy storage
11-06 16:06:40.692  1596  1752 D CompatChangeReporter: Compat change id reported: 151861875; UID 1010124; state: ENABLED
11-06 16:06:40.696  1596  1596 W DevicePolicyManager: Unknown tag under package-policy-packages: 
11-06 16:06:40.697  1596  1596 W DevicePolicyManager: Unknown tag under package-policy-packages: 
11-06 16:06:40.697  1596  1596 W DevicePolicyManager: Unknown tag under package-policy-packages: 
11-06 16:06:40.698  1596  1889 D CompatChangeReporter: Compat change id reported: 218533173; UID 1010143; state: ENABLED
11-06 16:06:40.698  1596  1889 D CompatChangeReporter: Compat change id reported: 226439802; UID 1010143; state: ENABLED
11-06 16:06:40.698  1596  1889 D CompatChangeReporter: Compat change id reported: 218533173; UID 1010318; state: ENABLED
11-06 16:06:40.698  1596  1889 D CompatChangeReporter: Compat change id reported: 262645982; UID 1010151; state: ENABLED
11-06 16:06:40.700  1596  2048 W StorageManagerService: No primary storage defined yet; hacking together a stub
11-06 16:06:40.700  1596  2048 W StorageManagerService: No primary storage defined yet; hacking together a stub
11-06 16:06:40.701  1596  1676 D CompatChangeReporter: Compat change id reported: 319212206; UID 10196; state: ENABLED
11-06 16:06:40.703  1596  1889 D CompatChangeReporter: Compat change id reported: 262645982; UID 1010207; state: ENABLED
11-06 16:06:40.703  1596  1596 I PowerManagerService: onFlip(): Face up.
11-06 16:06:40.710  1596  1889 D CompatChangeReporter: Compat change id reported: 218533173; UID 1010160; state: ENABLED
11-06 16:06:40.711  1596  1889 D CompatChangeReporter: Compat change id reported: 218533173; UID 1010323; state: ENABLED
11-06 16:06:40.711  1596  1889 D CompatChangeReporter: Compat change id reported: 218533173; UID 1010203; state: ENABLED
11-06 16:06:40.712  1596  1889 D CompatChangeReporter: Compat change id reported: 218533173; UID 1010189; state: ENABLED
11-06 16:06:40.713  1596  1889 D CompatChangeReporter: Compat change id reported: 218533173; UID 1010321; state: ENABLED
11-06 16:06:40.714  1596  1889 D CompatChangeReporter: Compat change id reported: 218533173; UID 1010098; state: ENABLED
11-06 16:06:40.714  1596  1889 D CompatChangeReporter: Compat change id reported: 262645982; UID 1010206; state: ENABLED
11-06 16:06:40.716  1596  1889 D CompatChangeReporter: Compat change id reported: 218533173; UID 1010322; state: ENABLED
11-06 16:06:40.716  1596  1753 I ActivityManager: Start proc 3136:com.google.android.gms.persistent/u10a124 for broadcast {com.google.android.gms/com.google.android.gms.chimera.GmsIntentOperationService$PersistentTrustedReceiver}
11-06 16:06:40.718  1596  1889 D CompatChangeReporter: Compat change id reported: 218533173; UID 1010316; state: ENABLED
11-06 16:06:40.718  1596  1889 D CompatChangeReporter: Compat change id reported: 218533173; UID 1010317; state: ENABLED
11-06 16:06:40.721  1596  1889 D CompatChangeReporter: Compat change id reported: 262645982; UID 1010109; state: ENABLED
11-06 16:06:40.722  1596  1889 D CompatChangeReporter: Compat change id reported: 262645982; UID 1010125; state: ENABLED
11-06 16:06:40.722  1596  1889 D CompatChangeReporter: Compat change id reported: 218533173; UID 1010121; state: ENABLED
11-06 16:06:40.724  1596  1889 D CompatChangeReporter: Compat change id reported: 262645982; UID 1010138; state: ENABLED
11-06 16:06:40.725  1596  1889 D CompatChangeReporter: Compat change id reported: 218533173; UID 1010249; state: ENABLED
11-06 16:06:40.725  1596  1889 D CompatChangeReporter: Compat change id reported: 218533173; UID 1010209; state: ENABLED
11-06 16:06:40.725  1596  1889 D CompatChangeReporter: Compat change id reported: 226439802; UID 1010209; state: ENABLED
11-06 16:06:40.727  1596  1889 D CompatChangeReporter: Compat change id reported: 262645982; UID 1010307; state: ENABLED
11-06 16:06:40.727  1596  1889 D CompatChangeReporter: Compat change id reported: 262645982; UID 1010155; state: ENABLED
11-06 16:06:40.727  1596  1889 D CompatChangeReporter: Compat change id reported: 262645982; UID 1010164; state: ENABLED
11-06 16:06:40.727  1596  1889 D CompatChangeReporter: Compat change id reported: 262645982; UID 1010306; state: ENABLED
11-06 16:06:40.728  1596  1889 D CompatChangeReporter: Compat change id reported: 218533173; UID 1010319; state: ENABLED
11-06 16:06:40.728  1596  1889 D CompatChangeReporter: Compat change id reported: 262645982; UID 1010176; state: ENABLED
11-06 16:06:40.729  1596  1889 D CompatChangeReporter: Compat change id reported: 262645982; UID 1010167; state: ENABLED
11-06 16:06:40.730  1596  1889 D CompatChangeReporter: Compat change id reported: 262645982; UID 1010163; state: ENABLED
11-06 16:06:40.733  1596  1889 D CompatChangeReporter: Compat change id reported: 262645982; UID 1010198; state: ENABLED
11-06 16:06:40.736  1596  1889 D CompatChangeReporter: Compat change id reported: 262645982; UID 1010100; state: ENABLED
11-06 16:06:40.737  1596  1889 D CompatChangeReporter: Compat change id reported: 262645982; UID 1010152; state: ENABLED
11-06 16:06:40.741  1596  2239 I Telecom : TelecomServiceImpl$1: registerPhoneAccount: account=[[ ] PhoneAccount: ComponentInfo{com.android.phone/com.android.services.telephony.TelephonyConnectionService}, 4, UserHandle{0} Capabilities: CallProvider MultiUser PlaceEmerg SimSub  Audio Routes: BESW Schemes: tel voicemail  Extras: Bundle[{android.telecom.extra.SUPPORTS_VIDEO_CALLING_FALLBACK=true}] GroupId: *** SC Restrictions: [ ]]: TSI.rPA(cap)@AD0
11-06 16:06:40.742  1596  2239 I Telecom : PhoneAccountRegistrar: Modify account: [ComponentInfo{com.android.phone/com.android.services.telephony.TelephonyConnectionService}, 4, UserHandle{0}]: TSI.rPA(cap)@AD0
11-06 16:06:40.743  1596  2239 I Telecom : PhoneAccountRegistrar: setUserSelectedOutgoingPhoneAccount: ComponentInfo{com.android.phone/com.android.services.telephony.TelephonyConnectionService}, 4, UserHandle{0}: TSI.rPA(cap)@AD0
11-06 16:06:40.743  1596  2239 I Telecom : PhoneAccountRegistrar: setUserSelectedOutgoingPhoneAccount: no change in default phoneAccountHandle.  current is same as new.: TSI.rPA(cap)@AD0
11-06 16:06:40.744  1596  2239 I Telecom : CallsManager: handlePhoneAccountChanged: phoneAccount=[[X] PhoneAccount: ComponentInfo{com.android.phone/com.android.services.telephony.TelephonyConnectionService}, 4, UserHandle{0} Capabilities: CallProvider MultiUser PlaceEmerg SimSub  Audio Routes: BESW Schemes: tel voicemail  Extras: Bundle[{android.telecom.extra.SUPPORTS_VIDEO_CALLING_FALLBACK=true}] GroupId: *** SC Restrictions: [ ]]: TSI.rPA(cap)@AD0
11-06 16:06:40.745  1596  1889 D CompatChangeReporter: Compat change id reported: 218533173; UID 1010320; state: ENABLED
11-06 16:06:40.746  1596  1889 D CompatChangeReporter: Compat change id reported: 262645982; UID 1010147; state: ENABLED
11-06 16:06:40.746  1596  1889 D CompatChangeReporter: Compat change id reported: 262645982; UID 1010263; state: ENABLED
11-06 16:06:40.747  1596  1889 D CompatChangeReporter: Compat change id reported: 218533173; UID 1010201; state: ENABLED
11-06 16:06:40.747  1596  2239 I Telecom : PhoneAccountRegistrar: getSimCallManager: SimCallManager for subId 4 queried, returning: null: TSI.rPA(cap)@AD0
11-06 16:06:40.747  1596  2239 I Telecom : PhoneAccountRegistrar: Notifying telephony of voice service override change for 1 SIMs, hasService = false: TSI.rPA(cap)@AD0
11-06 16:06:40.750  1596  1889 D CompatChangeReporter: Compat change id reported: 262645982; UID 1010233; state: ENABLED
11-06 16:06:40.751  1596  1889 D CompatChangeReporter: Compat change id reported: 218533173; UID 1010311; state: ENABLED
11-06 16:06:40.751  1596  1889 D CompatChangeReporter: Compat change id reported: 262645982; UID 1010301; state: ENABLED
11-06 16:06:40.752  1596  1889 D CompatChangeReporter: Compat change id reported: 262645982; UID 1010162; state: ENABLED
11-06 16:06:40.752  1596  1889 D CompatChangeReporter: Compat change id reported: 218533173; UID 1010132; state: ENABLED
11-06 16:06:40.753  1596  1889 D CompatChangeReporter: Compat change id reported: 218533173; UID 1010076; state: ENABLED
11-06 16:06:40.755  1596  1889 D CompatChangeReporter: Compat change id reported: 262645982; UID 1010101; state: ENABLED
11-06 16:06:40.766  1596  2019 I MR2ServiceImpl: Updating composite discovery preference | preference: RouteDiscoveryRequest{ preferredFeatures={}, activeScan=false }, active routers: []
11-06 16:06:40.787  1168  1168 W wificond: Skip match ssid for pno scan: Gunpowder-Public, HAPPY HOURS, HUAWEI-B938, IHG ONE REWARDS Free WI-FI, KasKamping, KotlinConf24, KuytuTerrace1, Melike, Melike's iPhone, Metin, PAC Shores, PAULINE, Peanuts Internet, RUSTEM'S, SASWIFI, SIMBA-5G, ShoelessJoe, Sparkle, SushiAGuest, The Force, The Standard, VenetianLasVegas, WELCOME TO ACAPULCO, Yorgo Kasap 2, _Free WiFi Stansted, butik32, timetorelax-front
11-06 16:06:40.802  1168  1168 I wificond: Pno scan started for frequencies: 2412, 2417, 2422, 2427, 2432, 2437, 2447, 2452, 2457, 2462, 5180, 5200, 5220, 5240, 5745, 5765, 5785, 5805, 
11-06 16:06:40.808  1596  2408 W ActivityManager: Unable to start service Intent { act=com.google.android.chimera.BoundService.START dat=chimera-action: cmp=com.google.android.gms/.chimera.PersistentApiService } U=10: not found
11-06 16:06:40.808  1596  2408 W ActivityManager: Unbind failed: could not find connection for android.os.BinderProxy@d7a1a6a
11-06 16:06:40.827  1596  1752 D CompatChangeReporter: Compat change id reported: 151861875; UID 10115; state: ENABLED
11-06 16:06:40.829  1596  2239 I ActivityTaskManager: Config changes=3 {1.0 310mcc240mnc [en_US] ldltr sw411dp w411dp h891dp 560dpi nrml long hdr widecg port night finger -keyb/v/h -nav/h winConfig={ mBounds=Rect(0, 0 - 1440, 3120) mAppBounds=Rect(0, 0 - 1440, 3120) mMaxBounds=Rect(0, 0 - 1440, 3120) mDisplayRotation=ROTATION_0 mWindowingMode=fullscreen mActivityType=undefined mAlwaysOnTop=undefined mRotation=ROTATION_0} s.14 fontWeightAdjustment=0}
11-06 16:06:40.831  1596  2239 D CompatChangeReporter: Compat change id reported: 151861875; UID 1010124; state: ENABLED
11-06 16:06:40.831  1596  2239 D CompatChangeReporter: Compat change id reported: 151861875; UID 10173; state: ENABLED
11-06 16:06:40.831  1596  2239 D CompatChangeReporter: Compat change id reported: 151861875; UID 10170; state: ENABLED
11-06 16:06:40.831  1596  2239 D CompatChangeReporter: Compat change id reported: 151861875; UID 10139; state: ENABLED
11-06 16:06:40.831  1596  2239 D CompatChangeReporter: Compat change id reported: 151861875; UID 10124; state: ENABLED
11-06 16:06:40.832  1596  2239 D CompatChangeReporter: Compat change id reported: 151861875; UID 10099; state: ENABLED
11-06 16:06:40.832  1596  2239 D CompatChangeReporter: Compat change id reported: 151861875; UID 10192; state: ENABLED
11-06 16:06:40.832  1596  2239 D CompatChangeReporter: Compat change id reported: 151861875; UID 1000; state: ENABLED
11-06 16:06:40.833  1596  2239 D CompatChangeReporter: Compat change id reported: 151861875; UID 10219; state: ENABLED
11-06 16:06:40.833  1596  2239 D CompatChangeReporter: Compat change id reported: 151861875; UID 10113; state: ENABLED
11-06 16:06:40.833  1596  2239 D CompatChangeReporter: Compat change id reported: 151861875; UID 10214; state: ENABLED
11-06 16:06:40.833  1596  2239 D CompatChangeReporter: Compat change id reported: 151861875; UID 10202; state: ENABLED
11-06 16:06:40.833  1596  2239 D CompatChangeReporter: Compat change id reported: 151861875; UID 10220; state: ENABLED
11-06 16:06:40.834  1596  2239 D CompatChangeReporter: Compat change id reported: 151861875; UID 1001; state: ENABLED
11-06 16:06:40.836  1596  2239 D CompatChangeReporter: Compat change id reported: 151861875; UID 10193; state: ENABLED
11-06 16:06:40.837  1596  1753 I ActivityManager: Start proc 3166:com.google.android.dialer/u0a115 for broadcast {com.google.android.dialer/com.android.dialer.app.calllog.LegacyVoicemailNotificationReceiver_Receiver}
11-06 16:06:40.840  1596  2239 D CompatChangeReporter: Compat change id reported: 151861875; UID 1068; state: ENABLED
11-06 16:06:40.841  1596  2239 D CompatChangeReporter: Compat change id reported: 151861875; UID 10205; state: ENABLED
11-06 16:06:40.841  1596  2239 D CompatChangeReporter: Compat change id reported: 151861875; UID 10188; state: ENABLED
11-06 16:06:40.844  1596  2239 D CompatChangeReporter: Compat change id reported: 151861875; UID 10315; state: ENABLED
11-06 16:06:40.845  1596  2239 D CompatChangeReporter: Compat change id reported: 151861875; UID 10196; state: ENABLED
11-06 16:06:40.846  1596  2239 D CompatChangeReporter: Compat change id reported: 151861875; UID 1073; state: ENABLED
11-06 16:06:40.846  1596  2239 I WindowManager: Override config changes=3 {1.0 310mcc240mnc [en_US] ldltr sw411dp w411dp h891dp 560dpi nrml long hdr widecg port night finger -keyb/v/h -nav/h winConfig={ mBounds=Rect(0, 0 - 1440, 3120) mAppBounds=Rect(0, 0 - 1440, 3120) mMaxBounds=Rect(0, 0 - 1440, 3120) mDisplayRotation=ROTATION_0 mWindowingMode=fullscreen mActivityType=undefined mAlwaysOnTop=undefined mRotation=ROTATION_0} s.14 fontWeightAdjustment=0} for displayId=0
11-06 16:06:40.847  2055  2079 V WindowManagerShell: Transition requested (#5): android.os.BinderProxy@832fe7d TransitionRequestInfo { type = CHANGE, triggerTask = null, pipTask = null, remoteTransition = null, displayChange = null, flags = 0, debugId = 5 }
11-06 16:06:40.850  1596  1675 W ActivityManager: Unable to start service Intent { act=com.google.android.chimera.BoundService.START dat=chimera-action: cmp=com.google.android.gms/.chimera.PersistentApiService } U=10: not found
11-06 16:06:40.851  1596  1780 D BrightnessThermalClamper: Thermal status observer already started
11-06 16:06:40.853  1596  1731 V WindowManager: Sent Transition (#5) createdAt=11-06 16:06:40.846 via request=TransitionRequestInfo { type = CHANGE, triggerTask = null, pipTask = null, remoteTransition = null, displayChange = null, flags = 0, debugId = 5 }
11-06 16:06:40.853  1596  1731 V WindowManager:     startWCT=WindowContainerTransaction { changes = {} hops = [] errorCallbackToken=null taskFragmentOrganizer=null }
11-06 16:06:40.853  2055  2079 V ShellDragAndDrop: Display changed: 0
11-06 16:06:40.854  2055  2079 D ShellSplitScreen: onTaskInfoChanged: taskId=4 taskAct=null
11-06 16:06:40.854  2055  2079 D ShellSplitScreen: onTaskInfoChanged: taskId=3 taskAct=null
11-06 16:06:40.854  2055  2736 V WindowManagerShell: onTransitionReady(transaction=6854767804708)
11-06 16:06:40.854  1596  1731 V WindowManager:     info={id=5 t=CHANGE f=0x440 trk=0 r=[0@Point(0, 0)] c=[
11-06 16:06:40.854  1596  1731 V WindowManager:         {WCT{RemoteToken{a6a6279 Display{#0 state=OFF size=1440x3120 ROTATION_0}}} m=CHANGE f=IS_DISPLAY leash=Surface(name=WindowedMagnification:0:31)/@0x4fe43be sb=Rect(0, 0 - 1440, 3120) eb=Rect(0, 0 - 1440, 3120) d=0}
11-06 16:06:40.854  1596  1731 V WindowManager:     ]}
11-06 16:06:40.854  2055  2079 V WindowManagerShell: onTransitionReady (#5) android.os.BinderProxy@832fe7d: {id=5 t=CHANGE f=0x440 trk=0 r=[0@Point(0, 0)] c=[{WCT{android.window.IWindowContainerToken$Stub$Proxy@fececca} m=CHANGE f=IS_DISPLAY leash=Surface(name=WindowedMagnification:0:31)/@0xaa11f1f sb=Rect(0, 0 - 1440, 3120) eb=Rect(0, 0 - 1440, 3120) d=0}]}
11-06 16:06:40.854  2055  2079 V WindowManagerShell: Playing animation for (#5) android.os.BinderProxy@832fe7d@0
11-06 16:06:40.854  2055  2079 V WindowManagerShell:  try handler com.android.wm.shell.transition.DefaultMixedHandler@6428e3b
11-06 16:06:40.854  2055  2079 V WindowManagerShell:  try handler com.android.wm.shell.keyguard.KeyguardTransitionHandler@e4eb958
11-06 16:06:40.854  2055  2079 V WindowManagerShell:  try handler com.android.wm.shell.pip.PipTransition@60deab1
11-06 16:06:40.854  2055  2079 V WindowManagerShell:  try handler com.android.wm.shell.activityembedding.ActivityEmbeddingController@7550b96
11-06 16:06:40.854  2055  2079 V WindowManagerShell:  try handler com.android.wm.shell.recents.RecentsTransitionHandler@4c1d317
11-06 16:06:40.854  2055  2079 V ShellRecents: RecentsTransitionHandler.startAnimation: no controller found
11-06 16:06:40.854  2055  2079 V WindowManagerShell:  try handler com.android.wm.shell.splitscreen.StageCoordinator@fa21304
11-06 16:06:40.854  2055  2079 V WindowManagerShell:  try handler com.android.wm.shell.transition.RemoteTransitionHandler@2e580ed
11-06 16:06:40.854  2055  2079 V WindowManagerShell:  try handler com.android.wm.shell.transition.DefaultTransitionHandler@d4e4b22
11-06 16:06:40.854  2055  2079 V WindowManagerShell: start default transition animation, info = {id=5 t=CHANGE f=0x440 trk=0 r=[0@Point(0, 0)] c=[{WCT{android.window.IWindowContainerToken$Stub$Proxy@fececca} m=CHANGE f=IS_DISPLAY leash=Surface(name=WindowedMagnification:0:31)/@0xaa11f1f sb=Rect(0, 0 - 1440, 3120) eb=Rect(0, 0 - 1440, 3120) d=0}]}
11-06 16:06:40.855  2055  2079 V WindowManagerShell: Transition animation finished (aborted=false), notifying core (#5) android.os.BinderProxy@832fe7d@0
11-06 16:06:40.855  2880  2923 W ActivityThread: Failed to find provider info for com.google.android.gsf.gservices (user not unlocked)
11-06 16:06:40.856  1596  1731 V WindowManager: Finish Transition (#5): created at 11-06 16:06:40.846 collect-started=0.044ms request-sent=0.137ms started=3.21ms ready=4.895ms sent=6.488ms finished=9.6ms
11-06 16:06:40.856  2055  2079 V WindowManagerShell: Track 0 became idle
11-06 16:06:40.856  2055  2079 V WindowManagerShell: All active transition animations finished
11-06 16:06:40.856  2055  2079 V WindowManagerShell:  animated by com.android.wm.shell.transition.DefaultTransitionHandler@d4e4b22
11-06 16:06:40.856  2055  2079 V WindowManagerShell: Track 0 became idle
11-06 16:06:40.856  2055  2079 V WindowManagerShell: All active transition animations finished
11-06 16:06:40.860  2880  2923 W ActivityThread: Failed to find provider info for com.google.android.gsf.gservices (user not unlocked)
11-06 16:06:40.862  2880  2923 W ActivityThread: Failed to find provider info for com.google.android.gsf.gservices (user not unlocked)
11-06 16:06:40.864  1596  1801 W ActivityManager: Unbind failed: could not find connection for android.os.BinderProxy@3b0c496
11-06 16:06:40.868  1596  1676 W ActivityManager: Unable to start service Intent { act=com.google.android.chimera.BoundService.START dat=chimera-action: cmp=com.google.android.gms/.chimera.PersistentApiService } U=10: not found
11-06 16:06:40.868  1596  1676 W ActivityManager: Unbind failed: could not find connection for android.os.BinderProxy@9b4ded
11-06 16:06:40.869  1596  2239 D CompatChangeReporter: Compat change id reported: 311208629; UID 10192; state: ENABLED
11-06 16:06:40.877  1596  1801 W UserManagerService: Requested status bar icon for non-badged user 0
11-06 16:06:40.920  1596  2239 I Telecom : TelecomServiceImpl$1: registerPhoneAccount: account=[[ ] PhoneAccount: ComponentInfo{com.android.phone/com.android.services.telephony.TelephonyConnectionService}, 4, UserHandle{0} Capabilities: CallProvider MultiUser PlaceEmerg SimSub  Audio Routes: BESW Schemes: tel voicemail  Extras: Bundle[{android.telecom.extra.SUPPORTS_VIDEO_CALLING_FALLBACK=true}] GroupId: *** SC Restrictions: [ ]]: TSI.rPA(cap)@AEI
11-06 16:06:40.921  1596  2239 I Telecom : PhoneAccountRegistrar: Modify account: [ComponentInfo{com.android.phone/com.android.services.telephony.TelephonyConnectionService}, 4, UserHandle{0}]: TSI.rPA(cap)@AEI
11-06 16:06:40.921  1596  2239 I Telecom : PhoneAccountRegistrar: setUserSelectedOutgoingPhoneAccount: ComponentInfo{com.android.phone/com.android.services.telephony.TelephonyConnectionService}, 4, UserHandle{0}: TSI.rPA(cap)@AEI
11-06 16:06:40.921  1596  2239 I Telecom : PhoneAccountRegistrar: setUserSelectedOutgoingPhoneAccount: no change in default phoneAccountHandle.  current is same as new.: TSI.rPA(cap)@AEI
11-06 16:06:40.923  1596  2239 I Telecom : CallsManager: handlePhoneAccountChanged: phoneAccount=[[X] PhoneAccount: ComponentInfo{com.android.phone/com.android.services.telephony.TelephonyConnectionService}, 4, UserHandle{0} Capabilities: CallProvider MultiUser PlaceEmerg SimSub  Audio Routes: BESW Schemes: tel voicemail  Extras: Bundle[{android.telecom.extra.SUPPORTS_VIDEO_CALLING_FALLBACK=true}] GroupId: *** SC Restrictions: [ ]]: TSI.rPA(cap)@AEI
11-06 16:06:40.925  1596  2239 I Telecom : PhoneAccountRegistrar: getSimCallManager: SimCallManager for subId 4 queried, returning: null: TSI.rPA(cap)@AEI
11-06 16:06:40.925  1596  2239 I Telecom : PhoneAccountRegistrar: Notifying telephony of voice service override change for 1 SIMs, hasService = false: TSI.rPA(cap)@AEI
11-06 16:06:40.945  1596  1987 E AppOps  : attributionTag VCN not declared in manifest of android
11-06 16:06:40.946  1596  1987 E AppOps  : attributionTag VCN not declared in manifest of android
11-06 16:06:40.948  1596  1987 E AppOps  : attributionTag VCN not declared in manifest of android
11-06 16:06:40.949  1596  1987 E AppOps  : attributionTag VCN not declared in manifest of android
11-06 16:06:40.950  1596  1987 E AppOps  : attributionTag VCN not declared in manifest of android
11-06 16:06:40.951  1596  1987 E AppOps  : attributionTag VCN not declared in manifest of android
11-06 16:06:40.952  1596  1987 I VcnManagementService: new snapshot: TelephonySubscriptionSnapshot{ mActiveDataSubId=4, mSubIdToInfoMap={4=[SubscriptionInfo: id=4 iccId=890124027[****] simSlotIndex=0 portIndex=0 isEmbedded=true carrierId=1989 displayName=Google Fi carrierName=Google Fi isOpportunistic=false groupUuid=06e08362-8038-43cd-8dcc-81ae341bae55 groupOwner=com.google.android.apps.tycho isGroupDisabled=false displayNameSource=CARRIER iconTint=-15502541 number=[****] dataRoaming=1 mcc=310 mnc=240 ehplmns=[310260, 310240] hplmns=[310260, 310260, 310260, 310260] cardString=890330234[****] cardId=1 nativeAccessRules=[cert: B9CFCE1C47A6AC713442718F15EF55B00B3A6D1A6D48CB46249FA8EB51465350 pkg: null access: 1, cert: 4C36AF4A5BDAD97C1F3D8B283416D244496C2AC5EAFE8226079EF6F676FD1859 pkg: null access: 1] carrierConfigAccessRules=null countryIso=us profileClass=2 mType=LOCAL_SIM areUiccApplicationsEnabled=true usageSetting=DEFAULT isOnlyNonTerrestrialNetwork=false serviceCapabilities=[1, 2, 3] transferStatus=0], 6=[SubscriptionInfo: id=6 iccId=894310805[****] simSlotIndex=-1 portIndex=-1 isEmbedded=false carrierId=1989 displayName=Google Fi carrierName=Emergency calls only — Google Fi isOpportunistic=false groupUuid=06e08362-8038-43cd-8dcc-81ae341bae55 groupOwner=com.google.android.apps.tycho isGroupDisabled=false displayNameSource=CARRIER iconTint=-15502541 number=[****] dataRoaming=1 mcc=232 mnc=10 ehplmns=[] hplmns=[23210, 23205] cardString=890330234[****] cardId=1 nativeAccessRules=[cert: B9CFCE1C47A6AC713442718F15EF55B00B3A6D1A6D48CB46249FA8EB51465350 pkg: null access: 1, cert: 4C36AF4A5BDAD97C1F3D8B283416D244496C2AC5EAFE8226079EF6F676FD1859 pkg: null access: 1] carrierConfigAccessRules=null countryIso=us profileClass=2 mType=LOCAL_SIM areUiccApplicationsEnabled=true usageSetting=DEFAULT isOnlyNonTerrestrialNetwork=false serviceCapabilities=[1, 2, 3] transferStatus=0]}, mSubIdToCarrierConfigMap={}, mPrivilegedPackages={} }
11-06 16:06:40.969  1168  1168 I wificond: Receive notifyCountryCodeChanged
11-06 16:06:40.969  1168  1168 I wificond: UpdateBandInfo
11-06 16:06:40.971  1168  1168 W wificond: Failed to get NL80211_ATTR_MAX_NUM_AKM_SUITES
11-06 16:06:41.005  1168  1168 W wificond: Failed to get NL80211_ATTR_MAX_NUM_AKM_SUITES
11-06 16:06:41.042  1596  1972 E AppOps  : attributionTag UwbCountryCode not declared in manifest of android
11-06 16:06:41.042  1168  1168 W wificond: Failed to get NL80211_ATTR_MAX_NUM_AKM_SUITES
11-06 16:06:41.042  1168  1168 I wificond: 2.4Ghz frequencies: 2412 2417 2422 2427 2432 2437 2442 2447 2452 2457 2462 2467 2472
11-06 16:06:41.043  1168  1168 I wificond: 5Ghz non-DFS frequencies: 5180 5200 5220 5240 5745 5765 5785 5805 5825
11-06 16:06:41.043  1168  1168 I wificond: 5Ghz DFS frequencies: 5260 5280 5300 5320 5500 5520 5540 5560 5580 5600 5620 5640 5660 5680 5700 5720 5845 5865 5885
11-06 16:06:41.043  1168  1168 I wificond: 6Ghz frequencies: 5955 5975 5995 6015 6035 6055 6075 6095 6115 6135 6155 6175 6195 6215 6235 6255 6275 6295 6315 6335 6355 6375 6395 6415 6435 6455 6475 6495 6515 6535 6555 6575 6595 6615 6635 6655 6675 6695 6715 6735 6755 6775 6795 6815 6835 6855 6875 6895 6915 6935 6955 6975 6995 7015 7035 7055 7075 7095
11-06 16:06:41.043  1168  1168 I wificond: 60Ghz frequencies:
11-06 16:06:41.053  1596  2239 W ActivityManager: Unable to start service Intent { act=com.google.android.gms.phenotype.service.START pkg=com.google.android.gms } U=0: not found
11-06 16:06:41.053  1596  2239 W ActivityManager: Unbind failed: could not find connection for android.os.BinderProxy@a55a10b
11-06 16:06:41.064  1596  2239 W ActivityManager: Unable to start service Intent { act=com.google.android.gms.phenotype.service.START pkg=com.google.android.gms } U=0: not found
11-06 16:06:41.065  1596  2239 I Telecom : TelecomServiceImpl$1: registerPhoneAccount: account=[[ ] PhoneAccount: ComponentInfo{com.android.phone/com.android.services.telephony.TelephonyConnectionService}, 4, UserHandle{0} Capabilities: CallProvider MultiUser PlaceEmerg SimSub  Audio Routes: BESW Schemes: tel voicemail  Extras: Bundle[{android.telecom.extra.SUPPORTS_VIDEO_CALLING_FALLBACK=true}] GroupId: *** SC Restrictions: [ ]]: TSI.rPA(cap)@AEY
11-06 16:06:41.065  1596  2408 W ActivityManager: Unbind failed: could not find connection for android.os.BinderProxy@2d1c201
11-06 16:06:41.067  1596  2239 I Telecom : PhoneAccountRegistrar: Modify account: [ComponentInfo{com.android.phone/com.android.services.telephony.TelephonyConnectionService}, 4, UserHandle{0}(subAddr: tel:*********** -> tel:)]: TSI.rPA(cap)@AEY
11-06 16:06:41.067  1596  2239 I Telecom : PhoneAccountRegistrar: setUserSelectedOutgoingPhoneAccount: ComponentInfo{com.android.phone/com.android.services.telephony.TelephonyConnectionService}, 4, UserHandle{0}: TSI.rPA(cap)@AEY
11-06 16:06:41.067  1596  2239 I Telecom : PhoneAccountRegistrar: setUserSelectedOutgoingPhoneAccount: no change in default phoneAccountHandle.  current is same as new.: TSI.rPA(cap)@AEY
11-06 16:06:41.068  1596  2239 I Telecom : CallsManager: handlePhoneAccountChanged: phoneAccount=[[X] PhoneAccount: ComponentInfo{com.android.phone/com.android.services.telephony.TelephonyConnectionService}, 4, UserHandle{0} Capabilities: CallProvider MultiUser PlaceEmerg SimSub  Audio Routes: BESW Schemes: tel voicemail  Extras: Bundle[{android.telecom.extra.SUPPORTS_VIDEO_CALLING_FALLBACK=true}] GroupId: *** SC Restrictions: [ ]]: TSI.rPA(cap)@AEY
11-06 16:06:41.072  1596  2239 I Telecom : PhoneAccountRegistrar: getSimCallManager: SimCallManager for subId 4 queried, returning: null: TSI.rPA(cap)@AEY
11-06 16:06:41.072  1596  2239 I Telecom : PhoneAccountRegistrar: Notifying telephony of voice service override change for 1 SIMs, hasService = false: TSI.rPA(cap)@AEY
11-06 16:06:41.083  1596  2408 D CompatChangeReporter: Compat change id reported: 297989574; UID 10115; state: ENABLED
11-06 16:06:41.089  1596  2408 W ActivityManager: Unable to start service Intent { act=com.google.android.gms.phenotype.service.START pkg=com.google.android.gms } U=0: not found
11-06 16:06:41.090  1596  2408 W ActivityManager: Unbind failed: could not find connection for android.os.BinderProxy@4ef2683
11-06 16:06:41.104  1596  1752 D CompatChangeReporter: Compat change id reported: 151861875; UID 10179; state: ENABLED
11-06 16:06:41.120  1596  1753 I ActivityManager: Start proc 3205:com.google.android.deskclock/u0a179 for broadcast {com.google.android.deskclock/com.android.deskclock.AlarmInitReceiver}
11-06 16:06:41.124  3166  3203 W ActivityThread: Failed to find provider info for androidx.car.app.connection (user not unlocked)
11-06 16:06:41.158  1596  2239 W ActivityManager: Unable to start service Intent { cmp=com.google.android.dialer/com.google.apps.tiktok.concurrent.AndroidFuturesService (has extras) } U=0: not found
11-06 16:06:41.171  1596  2253 W ActivityManager: Unable to start service Intent { act=com.google.android.gms.phenotype.service.START pkg=com.google.android.gms } U=0: not found
11-06 16:06:41.172  1596  2253 W ActivityManager: Unbind failed: could not find connection for android.os.BinderProxy@7b62bde
11-06 16:06:41.172  1596  2239 W ActivityManager: Unable to start service Intent { cmp=com.google.android.dialer/com.google.apps.tiktok.concurrent.AndroidFuturesService (has extras) } U=0: not found
11-06 16:06:41.183  1596  2253 W ActivityManager: Unable to start service Intent { cmp=com.google.android.dialer/com.google.apps.tiktok.concurrent.AndroidFuturesService (has extras) } U=0: not found
11-06 16:06:41.184  1596  2408 I Telecom : TelecomServiceImpl$1: registerPhoneAccount: account=[[ ] PhoneAccount: ComponentInfo{com.android.phone/com.android.services.telephony.TelephonyConnectionService}, 4, UserHandle{0} Capabilities: CallProvider MultiUser PlaceEmerg SimSub  Audio Routes: BESW Schemes: tel voicemail  Extras: Bundle[{android.telecom.extra.SUPPORTS_VIDEO_CALLING_FALLBACK=true}] GroupId: *** SC Restrictions: [ ]]: TSI.rPA(cap)@AFA
11-06 16:06:41.185  1596  2408 I Telecom : PhoneAccountRegistrar: Modify account: [ComponentInfo{com.android.phone/com.android.services.telephony.TelephonyConnectionService}, 4, UserHandle{0}]: TSI.rPA(cap)@AFA
11-06 16:06:41.185  1596  2408 I Telecom : PhoneAccountRegistrar: setUserSelectedOutgoingPhoneAccount: ComponentInfo{com.android.phone/com.android.services.telephony.TelephonyConnectionService}, 4, UserHandle{0}: TSI.rPA(cap)@AFA
11-06 16:06:41.185  1596  2408 I Telecom : PhoneAccountRegistrar: setUserSelectedOutgoingPhoneAccount: no change in default phoneAccountHandle.  current is same as new.: TSI.rPA(cap)@AFA
11-06 16:06:41.186  1596  2408 I Telecom : CallsManager: handlePhoneAccountChanged: phoneAccount=[[X] PhoneAccount: ComponentInfo{com.android.phone/com.android.services.telephony.TelephonyConnectionService}, 4, UserHandle{0} Capabilities: CallProvider MultiUser PlaceEmerg SimSub  Audio Routes: BESW Schemes: tel voicemail  Extras: Bundle[{android.telecom.extra.SUPPORTS_VIDEO_CALLING_FALLBACK=true}] GroupId: *** SC Restrictions: [ ]]: TSI.rPA(cap)@AFA
11-06 16:06:41.188  1596  2408 I Telecom : PhoneAccountRegistrar: getSimCallManager: SimCallManager for subId 4 queried, returning: null: TSI.rPA(cap)@AFA
11-06 16:06:41.188  1596  2408 I Telecom : PhoneAccountRegistrar: Notifying telephony of voice service override change for 1 SIMs, hasService = false: TSI.rPA(cap)@AFA
11-06 16:06:41.193  1596  2408 W ActivityManager: Unable to start service Intent { cmp=com.google.android.dialer/com.google.apps.tiktok.concurrent.AndroidFuturesService (has extras) } U=0: not found
11-06 16:06:41.212  1596  2239 W ActivityManager: Unable to start service Intent { act=com.google.android.gms.phenotype.service.START pkg=com.google.android.gms } U=0: not found
11-06 16:06:41.213  1596  2239 W ActivityManager: Unbind failed: could not find connection for android.os.BinderProxy@f33488e
11-06 16:06:41.221  1596  1752 D CompatChangeReporter: Compat change id reported: 151861875; UID 10310; state: ENABLED
11-06 16:06:41.241  1596  1753 I ActivityManager: Start proc 3226:com.google.android.devicelockcontroller/u0a310 for broadcast {com.google.android.devicelockcontroller/com.android.devicelockcontroller.receivers.RecordBootTimestampReceiver}
11-06 16:06:41.248  1596  2239 I Telecom : TelecomServiceImpl$1: registerPhoneAccount: account=[[ ] PhoneAccount: ComponentInfo{com.android.phone/com.android.services.telephony.TelephonyConnectionService}, 4, UserHandle{0} Capabilities: CallProvider MultiUser PlaceEmerg SimSub  Audio Routes: BESW Schemes: tel voicemail  Extras: Bundle[{android.telecom.extra.SUPPORTS_VIDEO_CALLING_FALLBACK=true}] GroupId: *** SC Restrictions: [ ]]: TSI.rPA(cap)@AFQ
11-06 16:06:41.250  1596  2239 I Telecom : PhoneAccountRegistrar: Modify account: [ComponentInfo{com.android.phone/com.android.services.telephony.TelephonyConnectionService}, 4, UserHandle{0}]: TSI.rPA(cap)@AFQ
11-06 16:06:41.250  1596  2239 I Telecom : PhoneAccountRegistrar: setUserSelectedOutgoingPhoneAccount: ComponentInfo{com.android.phone/com.android.services.telephony.TelephonyConnectionService}, 4, UserHandle{0}: TSI.rPA(cap)@AFQ
11-06 16:06:41.250  1596  2239 I Telecom : PhoneAccountRegistrar: setUserSelectedOutgoingPhoneAccount: no change in default phoneAccountHandle.  current is same as new.: TSI.rPA(cap)@AFQ
11-06 16:06:41.253  1596  2239 I Telecom : CallsManager: handlePhoneAccountChanged: phoneAccount=[[X] PhoneAccount: ComponentInfo{com.android.phone/com.android.services.telephony.TelephonyConnectionService}, 4, UserHandle{0} Capabilities: CallProvider MultiUser PlaceEmerg SimSub  Audio Routes: BESW Schemes: tel voicemail  Extras: Bundle[{android.telecom.extra.SUPPORTS_VIDEO_CALLING_FALLBACK=true}] GroupId: *** SC Restrictions: [ ]]: TSI.rPA(cap)@AFQ
11-06 16:06:41.257  1596  2239 I Telecom : PhoneAccountRegistrar: getSimCallManager: SimCallManager for subId 4 queried, returning: null: TSI.rPA(cap)@AFQ
11-06 16:06:41.257  1596  2239 I Telecom : PhoneAccountRegistrar: Notifying telephony of voice service override change for 1 SIMs, hasService = false: TSI.rPA(cap)@AFQ
11-06 16:06:41.262  3205  3237 W ActivityThread: Failed to find provider info for com.google.android.apps.wellbeing.api (user not unlocked)
11-06 16:06:41.295  1596  1801 W ActivityManager: Unable to start service Intent { act=com.google.android.gms.phenotype.service.START pkg=com.google.android.gms } U=0: not found
11-06 16:06:41.296  1596  1801 W ActivityManager: Unbind failed: could not find connection for android.os.BinderProxy@d89c125
11-06 16:06:41.303  3226  3226 I DeviceLockControllerApplication: onCreate
11-06 16:06:41.325  1596  1801 I BroadcastQueue: BOOT_COMPLETED_BROADCAST_COMPLETION_LATENCY_REPORTED action:android.intent.action.LOCKED_BOOT_COMPLETED dispatchLatency:-11110 completeLatency:2179 dispatchRealLatency:-11110 completeRealLatency:2179 receiversSize:27 userId:0 userType:android.os.usertype.full.SYSTEM
11-06 16:06:41.339  1596  1753 I ActivityManager: Start proc 3249:com.google.android.flipendo/u10a213 for broadcast {com.google.android.flipendo/com.google.android.flipendo.receiver.LockedBootCompletedBroadcastReceiver}
11-06 16:06:41.393  1596  1752 D CompatChangeReporter: Compat change id reported: 151861875; UID 1001000; state: ENABLED
11-06 16:06:41.405  1596  2408 I Telecom : TelecomServiceImpl$1: registerPhoneAccount: account=[[ ] PhoneAccount: ComponentInfo{com.android.phone/com.android.services.telephony.TelephonyConnectionService}, 4, UserHandle{0} Capabilities: CallProvider MultiUser PlaceEmerg SimSub  Audio Routes: BESW Schemes: tel voicemail  Extras: Bundle[{android.telecom.extra.SUPPORTS_VIDEO_CALLING_FALLBACK=true}] GroupId: *** SC Restrictions: [ ]]: TSI.rPA(cap)@AFc
11-06 16:06:41.406  1596  2408 I Telecom : PhoneAccountRegistrar: Modify account: [ComponentInfo{com.android.phone/com.android.services.telephony.TelephonyConnectionService}, 4, UserHandle{0}]: TSI.rPA(cap)@AFc
11-06 16:06:41.406  1596  2408 I Telecom : PhoneAccountRegistrar: setUserSelectedOutgoingPhoneAccount: ComponentInfo{com.android.phone/com.android.services.telephony.TelephonyConnectionService}, 4, UserHandle{0}: TSI.rPA(cap)@AFc
11-06 16:06:41.406  1596  2408 I Telecom : PhoneAccountRegistrar: setUserSelectedOutgoingPhoneAccount: no change in default phoneAccountHandle.  current is same as new.: TSI.rPA(cap)@AFc
11-06 16:06:41.407  1596  2408 I Telecom : CallsManager: handlePhoneAccountChanged: phoneAccount=[[X] PhoneAccount: ComponentInfo{com.android.phone/com.android.services.telephony.TelephonyConnectionService}, 4, UserHandle{0} Capabilities: CallProvider MultiUser PlaceEmerg SimSub  Audio Routes: BESW Schemes: tel voicemail  Extras: Bundle[{android.telecom.extra.SUPPORTS_VIDEO_CALLING_FALLBACK=true}] GroupId: *** SC Restrictions: [ ]]: TSI.rPA(cap)@AFc
11-06 16:06:41.409  1596  2408 I Telecom : PhoneAccountRegistrar: getSimCallManager: SimCallManager for subId 4 queried, returning: null: TSI.rPA(cap)@AFc
11-06 16:06:41.409  1596  2408 I Telecom : PhoneAccountRegistrar: Notifying telephony of voice service override change for 1 SIMs, hasService = false: TSI.rPA(cap)@AFc
