11-06 16:06:40.635  1596  3127 D SystemServerTimingAsync: ssm.onStartUser-10_com.android.server.texttospeech.TextToSpeechManagerService
11-06 16:06:40.635  1596  3127 D SystemServerTimingAsync: ssm.onStartUser-10_com.android.server.wearable.WearableSensingManagerService
11-06 16:06:40.635  1596  3127 D SystemServerTimingAsync: ssm.onStartUser-10_com.android.server.ondeviceintelligence.OnDeviceIntelligenceManagerService
11-06 16:06:40.635  1596  3127 D SystemServerTimingAsync: ssm.onStartUser-10_com.android.server.ambientcontext.AmbientContextManagerService
11-06 16:06:40.635  1596  3127 D SystemServerTimingAsync: ssm.onStartUser-10_com.android.server.speech.SpeechRecognitionManagerService
11-06 16:06:40.635  1596  3127 D SystemServerTimingAsync: ssm.onStartUser-10_com.android.server.appprediction.AppPredictionManagerService
11-06 16:06:40.635  1596  3127 D SystemServerTimingAsync: ssm.onStartUser-10_com.android.server.contentsuggestions.ContentSuggestionsManagerService
11-06 16:06:40.635  1596  3127 D SystemServerTimingAsync: ssm.onStartUser-10_com.android.server.searchui.SearchUiManagerService
11-06 16:06:40.635  1596  3127 D SystemServerTimingAsync: ssm.onStartUser-10_com.android.server.smartspace.SmartspaceManagerService
11-06 16:06:40.635  1596  3127 D SystemServerTimingAsync: ssm.onStartUser-10_com.android.server.contextualsearch.ContextualSearchManagerService
11-06 16:06:40.635  1596  3127 D SystemServerTimingAsync: ssm.onStartUser-10_com.android.server.graphics.fonts.FontManagerService$Lifecycle
11-06 16:06:40.635  1596  3127 D SystemServerTimingAsync: ssm.onStartUser-10_com.android.server.textservices.TextServicesManagerService$Lifecycle
11-06 16:06:40.635  1596  3127 D SystemServerTimingAsync: ssm.onStartUser-10_com.android.server.textclassifier.TextClassificationManagerService$Lifecycle
11-06 16:06:40.635  1596  3126 V StorageManagerService: Package com.shannon.qualifiednetworksservice does not have legacy storage
11-06 16:06:40.635  1596  3126 V StorageManagerService: Package com.google.android.uvexposurereporter does not have legacy storage
11-06 16:06:40.635  1596  3126 V StorageManagerService: Package com.android.internal.display.cutout.emulation.noCutout does not have legacy storage
11-06 16:06:40.635  1596  3126 V StorageManagerService: Package com.google.android.networkstack.tethering does not have legacy storage
11-06 16:06:40.635  1596  3126 V StorageManagerService: Package com.google.android.uwb.resources.pixel does not have legacy storage
11-06 16:06:40.635  1596  3126 V StorageManagerService: Package com.google.android.overlay.trafficlightfaceoverlay does not have legacy storage
11-06 16:06:40.635  1596  3126 V StorageManagerService: Package com.google.omadm.trigger does not have legacy storage
11-06 16:06:40.635  1596  3126 V StorageManagerService: Package com.google.android.carriersetup does not have legacy storage
11-06 16:06:40.635  1596  3126 V StorageManagerService: Package com.android.systemui.clocks.metro does not have legacy storage
11-06 16:06:40.635  1596  3126 V StorageManagerService: Package com.google.android.apps.subscriptions.red does not have legacy storage
11-06 16:06:40.635  1596  3126 V StorageManagerService: Package com.android.cts.priv.ctsshim does not have legacy storage
11-06 16:06:40.635  1596  3126 V StorageManagerService: Package com.google.android.youtube does not have legacy storage
11-06 16:06:40.635  1596  3126 V StorageManagerService: Package com.vzw.apnlib does not have legacy storage
11-06 16:06:40.635  1596  3126 V StorageManagerService: Package com.citi.mobile.ccc does not have legacy storage
11-06 16:06:40.635  1596  3126 V StorageManagerService: Package com.android.internal.display.cutout.emulation.corner does not have legacy storage
11-06 16:06:40.635  1596  3126 V StorageManagerService: Package com.google.android.ext.services does not have legacy storage
11-06 16:06:40.635  1596  3126 V StorageManagerService: Package com.google.android.apps.weather does not have legacy storage
11-06 16:06:40.635  1596  3126 V StorageManagerService: Package com.android.internal.display.cutout.emulation.double does not have legacy storage
11-06 16:06:40.636  1596  3126 V StorageManagerService: Package com.google.android.overlay.pixelconfig2018 does not have legacy storage
11-06 16:06:40.636  1596  3126 V StorageManagerService: Package com.google.android.overlay.pixelconfig2019 does not have legacy storage
11-06 16:06:40.636  1596  3126 V StorageManagerService: Package com.google.android.overlay.pixelconfig2021 does not have legacy storage
11-06 16:06:40.636  1596  3126 V StorageManagerService: Package com.android.providers.telephony does not have legacy storage
11-06 16:06:40.636  1596  3126 V StorageManagerService: Package com.google.android.carrierlocation does not have legacy storage
11-06 16:06:40.636  1596  3126 V StorageManagerService: Package com.android.dynsystem has legacy storage
11-06 16:06:40.636  1596  3126 V StorageManagerService: Package com.android.sdm.plugins.connmo does not have legacy storage
11-06 16:06:40.636  1596  3126 V StorageManagerService: Package com.google.android.googlequicksearchbox does not have legacy storage
11-06 16:06:40.636  1596  3127 D SystemServerTimingAsync: ssm.onStartUser-10_com.android.server.NetworkScoreService$Lifecycle
11-06 16:06:40.636  1596  3126 V StorageManagerService: Package com.google.android.cellbroadcastservice does not have legacy storage
11-06 16:06:40.636  1596  3127 D SystemServerTimingAsync: ssm.onStartUser-10_com.android.server.NetworkStatsServiceInitializer
11-06 16:06:40.636  1596  3127 D SystemServerTimingAsync: ssm.onStartUser-10_com.android.server.wifi.WifiService
11-06 16:06:40.636  1596  3126 V StorageManagerService: Package tech.simha.androidtvremote does not have legacy storage
11-06 16:06:40.636  1596  3127 D SystemServerTimingAsync: ssm.onStartUser-10_com.android.server.wifi.scanner.WifiScanningService
11-06 16:06:40.636  1596  3127 D SystemServerTimingAsync: ssm.onStartUser-10_com.android.server.wifi.rtt.RttService
11-06 16:06:40.636  1596  3126 V StorageManagerService: Package com.verizon.mips.services does not have legacy storage
11-06 16:06:40.636  1596  3127 D SystemServerTimingAsync: ssm.onStartUser-10_com.android.server.wifi.aware.WifiAwareService
11-06 16:06:40.636  1596  3126 V StorageManagerService: Package com.google.android.flipendo.auto_generated_rro_vendor__ does not have legacy storage
11-06 16:06:40.636  1596  3127 D SystemServerTimingAsync: ssm.onStartUser-10_com.android.server.wifi.p2p.WifiP2pService
11-06 16:06:40.636  1596  3127 D SystemServerTimingAsync: ssm.onStartUser-10_com.android.server.ConnectivityServiceInitializer
11-06 16:06:40.636  1596  3126 V StorageManagerService: Package com.android.providers.calendar does not have legacy storage
11-06 16:06:40.636  1596  3127 D SystemServerTimingAsync: ssm.onStartUser-10_com.android.server.notification.NotificationManagerService
11-06 16:06:40.636  1596  3127 D SystemServerTimingAsync: ssm.onStartUser-10_com.android.server.storage.DeviceStorageMonitorService
11-06 16:06:40.636  1596  3126 V StorageManagerService: Package com.google.android.pixelsystemservice does not have legacy storage
11-06 16:06:40.636  1596  3127 D SystemServerTimingAsync: ssm.onStartUser-10_com.android.server.timedetector.TimeDetectorService$Lifecycle
11-06 16:06:40.636  1596  3127 D SystemServerTimingAsync: ssm.onStartUser-10_com.android.server.location.LocationManagerService$Lifecycle
11-06 16:06:40.636  1596  3126 V StorageManagerService: Package com.google.android.googlequicksearchbox.nga_resources does not have legacy storage
11-06 16:06:40.636  1596  3126 V StorageManagerService: Package com.android.providers.media does not have legacy storage
11-06 16:06:40.636  1596  3126 V StorageManagerService: Package com.google.pixel.livewallpaper does not have legacy storage
11-06 16:06:40.636  1596  3126 V StorageManagerService: Package com.google.android.apps.docs.editors.docs does not have legacy storage
11-06 16:06:40.636  1596  3126 V StorageManagerService: Package com.google.android.onetimeinitializer does not have legacy storage
11-06 16:06:40.636  1596  3126 V StorageManagerService: Package com.google.android.ext.shared does not have legacy storage
11-06 16:06:40.636  1596  3126 V StorageManagerService: Package com.android.nfc.overlay does not have legacy storage
11-06 16:06:40.636  1596  3126 V StorageManagerService: Package com.qorvo.uwb.vendorservice does not have legacy storage
11-06 16:06:40.636  1596  3126 V StorageManagerService: Package com.android.hbmsvmanager does not have legacy storage
11-06 16:06:40.636  1596  3126 V StorageManagerService: Package com.google.android.euiccoverlay does not have legacy storage
11-06 16:06:40.636  1596  3126 V StorageManagerService: Package com.google.android.federatedcompute does not have legacy storage
11-06 16:06:40.636  1596  3126 V StorageManagerService: Package com.google.android.apps.diagnosticstool does not have legacy storage
11-06 16:06:40.636  1596  3126 V StorageManagerService: Package com.google.android.apps.mapslite does not have legacy storage
11-06 16:06:40.636  1596  3126 V StorageManagerService: Package com.google.euiccpixel.permissions does not have legacy storage
11-06 16:06:40.636  1596  3126 V StorageManagerService: Package com.google.euiccpixel does not have legacy storage
11-06 16:06:40.637  1596  3126 V StorageManagerService: Package com.google.android.server.deviceconfig.resources does not have legacy storage
11-06 16:06:40.637  1596  3126 V StorageManagerService: Package com.google.android.flipendo does not have legacy storage
11-06 16:06:40.637  1596  3126 V StorageManagerService: Package com.android.settings.overlay.g8v0u does not have legacy storage
11-06 16:06:40.637  1596  3126 V StorageManagerService: Package com.google.android.storagemanager.auto_generated_rro_product__ does not have legacy storage
11-06 16:06:40.637  1596  3126 V StorageManagerService: Package com.android.settings.overlay.raven does not have legacy storage
11-06 16:06:40.637  1596  3126 V StorageManagerService: Package com.android.providers.telephony.auto_generated_characteristics_rro does not have legacy storage
11-06 16:06:40.637  1596  3126 V StorageManagerService: Package com.google.android.apps.podcasts does not have legacy storage
11-06 16:06:40.637  1596  3126 V StorageManagerService: Package com.google.android.apps.idverify does not have legacy storage
11-06 16:06:40.637  1596  3126 V StorageManagerService: Package com.android.simappdialog.auto_generated_rro_product__ does not have legacy storage
11-06 16:06:40.637  1596  3126 V StorageManagerService: Package com.android.safetyregulatoryinfo.auto_generated_rro_product__ does not have legacy storage
11-06 16:06:40.637  1596  3126 V StorageManagerService: Package com.android.omadm.service.auto_generated_rro_product__ does not have legacy storage
11-06 16:06:40.637  1596  3126 V StorageManagerService: Package com.android.externalstorage does not have legacy storage
11-06 16:06:40.637  1596  3126 V StorageManagerService: Package com.android.htmlviewer does not have legacy storage
11-06 16:06:40.637  1596  3126 V StorageManagerService: Package com.whatsapp does not have legacy storage
11-06 16:06:40.637  1596  3126 V StorageManagerService: Package com.android.nfc.overlay.common does not have legacy storage
11-06 16:06:40.637  1596  3126 V StorageManagerService: Package com.google.android.telephony does not have legacy storage
11-06 16:06:40.637  1596  3126 V StorageManagerService: Package com.android.companiondevicemanager does not have legacy storage
11-06 16:06:40.637  1596  3126 V StorageManagerService: Package com.android.mms.service does not have legacy storage
11-06 16:06:40.637  1596  3126 V StorageManagerService: Package com.google.android.apps.docs.editors.sheets does not have legacy storage
11-06 16:06:40.637  1596  3126 V StorageManagerService: Package com.google.android.apps.docs.editors.slides does not have legacy storage
11-06 16:06:40.637  1596  3126 V StorageManagerService: Package com.android.providers.downloads does not have legacy storage
11-06 16:06:40.637  1596  3126 V StorageManagerService: Package com.google.android.apps.authenticator2 does not have legacy storage
11-06 16:06:40.637  1596  3126 V StorageManagerService: Package com.google.android.health.connect.backuprestore does not have legacy storage
11-06 16:06:40.637  1596  3126 V StorageManagerService: Package com.android.systemui.auto_generated_rro_product__ does not have legacy storage
11-06 16:06:40.637  1596  3126 V StorageManagerService: Package com.google.android.apps.messaging does not have legacy storage
11-06 16:06:40.637  1596  3126 V StorageManagerService: Package com.google.android.apps.dogfood does not have legacy storage
11-06 16:06:40.637  1596  3126 V StorageManagerService: Package com.google.android.soundpicker does not have legacy storage
11-06 16:06:40.637  1596  3126 V StorageManagerService: Package com.google.android.systemui.overlay.pixelbatteryhealthconfig does not have legacy storage
11-06 16:06:40.637  1596  3126 V StorageManagerService: Package androidx.room.benchmark.test does not have legacy storage
11-06 16:06:40.637  1596  3126 V StorageManagerService: Package com.hulu.plus does not have legacy storage
11-06 16:06:40.637  1596  3126 V StorageManagerService: Package com.example.directbootdatastore does not have legacy storage
11-06 16:06:40.637  1596  3126 V StorageManagerService: Package android.autoinstalls.config.google.nexus does not have legacy storage
11-06 16:06:40.637  1596  3126 V StorageManagerService: Package com.google.pixel.camera.services has legacy storage
11-06 16:06:40.637  1596  3126 V StorageManagerService: Package com.google.android.apps.scone.overlays does not have legacy storage
11-06 16:06:40.638  1596  3126 V StorageManagerService: Package com.google.android.configupdater does not have legacy storage
11-06 16:06:40.638  1596  3126 V StorageManagerService: Package com.google.corplogin.android does not have legacy storage
11-06 16:06:40.638  1596  3126 V StorageManagerService: Package com.google.android.providers.media.module does not have legacy storage
11-06 16:06:40.638  1596  3126 V StorageManagerService: Package com.android.systemui.clocks.bignum does not have legacy storage
11-06 16:06:40.638  1596  3126 V StorageManagerService: Package com.google.android.overlay.udfpsoverlay does not have legacy storage
11-06 16:06:40.638  1596  3126 V StorageManagerService: Package com.google.android.wifi.resources.pixel does not have legacy storage
11-06 16:06:40.638  1596  3126 V StorageManagerService: Package com.google.android.apps.accessibility.maui.actionblocks does not have legacy storage
11-06 16:06:40.638  1596  3126 V StorageManagerService: Package com.google.android.overlay.googlewebview does not have legacy storage
11-06 16:06:40.638  1596  3126 V StorageManagerService: Package com.google.android.apps.safetyhub does not have legacy storage
11-06 16:06:40.638  1596  3126 V StorageManagerService: Package com.google.android.factoryota does not have legacy storage
11-06 16:06:40.638  1596  3126 V StorageManagerService: Package com.android.healthconnect.overlay does not have legacy storage
11-06 16:06:40.638  1596  3126 V StorageManagerService: Package com.android.systemui.plugin.globalactions.wallet does not have legacy storage
11-06 16:06:40.638  1596  3126 V StorageManagerService: Package com.google.ar.core does not have legacy storage
11-06 16:06:40.638  1596  3126 V StorageManagerService: Package com.google.android.apps.emojiwallpaper does not have legacy storage
11-06 16:06:40.638  1596  3126 V StorageManagerService: Package com.android.providers.downloads.ui does not have legacy storage
11-06 16:06:40.638  1596  3126 V StorageManagerService: Package com.google.android.hotspot2.osulogin does not have legacy storage
11-06 16:06:40.638  1596  3126 V StorageManagerService: Package com.android.vending does not have legacy storage
11-06 16:06:40.638  1596  3126 V StorageManagerService: Package com.android.pacprocessor does not have legacy storage
11-06 16:06:40.638  1596  3126 V StorageManagerService: Package com.android.simappdialog does not have legacy storage
11-06 16:06:40.638  1596  3126 V StorageManagerService: Package com.android.cellbroadcastreceiver.overlay.pixel does not have legacy storage
11-06 16:06:40.638  1596  3126 V StorageManagerService: Package com.google.android.adservices.api does not have legacy storage
11-06 16:06:40.638  1596  3126 V StorageManagerService: Package com.android.systemui.clocks.growth does not have legacy storage
11-06 16:06:40.638  1596  3126 V StorageManagerService: Package com.google.android.overlay.pixelconfig2019midyear does not have legacy storage
11-06 16:06:40.638  1596  3126 V StorageManagerService: Package com.android.internal.display.cutout.emulation.hole does not have legacy storage
11-06 16:06:40.638  1596  3126 V StorageManagerService: Package com.android.internal.display.cutout.emulation.tall does not have legacy storage
11-06 16:06:40.638  1596  3126 V StorageManagerService: Package com.android.networkstack.overlay does not have legacy storage
11-06 16:06:40.638  1596  3126 V StorageManagerService: Package com.android.certinstaller does not have legacy storage
11-06 16:06:40.638  1596  3126 V StorageManagerService: Package com.google.android.marvin.talkback does not have legacy storage
11-06 16:06:40.638  1596  3126 V StorageManagerService: Package com.google.android.apps.accessibility.voiceaccess does not have legacy storage
11-06 16:06:40.638  1596  3126 V StorageManagerService: Package com.google.android.connectivity.resources.overlay does not have legacy storage
11-06 16:06:40.638  1596  3126 V StorageManagerService: Package com.reddit.frontpage does not have legacy storage
11-06 16:06:40.638  1596  3126 V StorageManagerService: Package com.android.internal.systemui.navbar.threebutton does not have legacy storage
11-06 16:06:40.638  1596  3126 V StorageManagerService: Package com.google.android.apps.work.oobconfig does not have legacy storage
11-06 16:06:40.638  1596  3126 V StorageManagerService: Package android has legacy storage
11-06 16:06:40.638  1596  3126 V StorageManagerService: Package com.android.hotwordenrollment.xgoogle does not have legacy storage
11-06 16:06:40.639  1596  3126 V StorageManagerService: Package com.google.android.pixel.setupwizard does not have legacy storage
11-06 16:06:40.639  1596  3126 V StorageManagerService: Package com.google.android.repairmode has legacy storage
11-06 16:06:40.639  1596  3126 V StorageManagerService: Package com.google.android.grilservice does not have legacy storage
11-06 16:06:40.639  1596  3126 V StorageManagerService: Package com.google.android.sdksandbox does not have legacy storage
11-06 16:06:40.639  1596  3126 V StorageManagerService: Package com.android.egg does not have legacy storage
11-06 16:06:40.639  1596  3126 V StorageManagerService: Package com.android.mtp does not have legacy storage
11-06 16:06:40.639  1596  3126 V StorageManagerService: Package com.android.nfc does not have legacy storage
11-06 16:06:40.639  1596  3126 V StorageManagerService: Package com.android.ons does not have legacy storage
11-06 16:06:40.639  1596  3125 D SystemServerTimingAsync: ssm.onStartUser-10_com.android.server.timezonedetector.TimeZoneDetectorService$Lifecycle
11-06 16:06:40.639  1596  3125 D SystemServerTimingAsync: ssm.onStartUser-10_com.android.server.location.altitude.AltitudeService$Lifecycle
11-06 16:06:40.639  1596  3126 V StorageManagerService: Package com.android.stk does not have legacy storage
11-06 16:06:40.639  1596  3125 D SystemServerTimingAsync: ssm.onStartUser-10_com.android.server.timezonedetector.location.LocationTimeZoneManagerService$Lifecycle
11-06 16:06:40.639  1596  3125 D SystemServerTimingAsync: ssm.onStartUser-10_com.android.server.search.SearchManagerService$Lifecycle
11-06 16:06:40.639  1596  3126 V StorageManagerService: Package com.google.android.pixel.avatarpicker does not have legacy storage
11-06 16:06:40.639  1596  3125 D SystemServerTimingAsync: ssm.onStartUser-10_com.android.server.wallpaper.WallpaperManagerService$Lifecycle
11-06 16:06:40.639  1596  3125 D SystemServerTimingAsync: ssm.onStartUser-10_com.android.server.wallpapereffectsgeneration.WallpaperEffectsGenerationManagerService
11-06 16:06:40.639  1596  3125 D SystemServerTimingAsync: ssm.onStartUser-10_com.android.server.audio.AudioService$Lifecycle
11-06 16:06:40.639  1596  3125 D SystemServerTimingAsync: ssm.onStartUser-10_com.android.server.soundtrigger_middleware.SoundTriggerMiddlewareService$Lifecycle
11-06 16:06:40.639  1596  3125 D SystemServerTimingAsync: ssm.onStartUser-10_com.android.server.DockObserver
11-06 16:06:40.639  1596  3125 D SystemServerTimingAsync: ssm.onStartUser-10_com.android.server.midi.MidiService$Lifecycle
11-06 16:06:40.639  1596  3126 V StorageManagerService: Package com.android.backupconfirm does not have legacy storage
11-06 16:06:40.639  1596  3126 V StorageManagerService: Package com.google.corp.moma.android does not have legacy storage
11-06 16:06:40.639  1596  3125 D SystemServerTimingAsync: ssm.onStartUser-10_com.android.server.adb.AdbService$Lifecycle
11-06 16:06:40.639  1596  3125 D SystemServerTimingAsync: ssm.onStartUser-10_com.android.server.usb.UsbService$Lifecycle
11-06 16:06:40.639  1596  3125 D SystemServerTimingAsync: ssm.onStartUser-10_com.android.server.SerialService$Lifecycle
11-06 16:06:40.639  1596  3125 D SystemServerTimingAsync: ssm.onStartUser-10_com.android.server.twilight.TwilightService
11-06 16:06:40.639  1596  3125 D SystemServerTimingAsync: ssm.onStartUser-10_com.android.server.display.color.ColorDisplayService
11-06 16:06:40.639  1596  3125 D SystemServerTimingAsync: ssm.onStartUser-10_com.android.server.job.JobSchedulerService
11-06 16:06:40.639  1596  3125 D SystemServerTimingAsync: ssm.onStartUser-10_com.android.server.soundtrigger.SoundTriggerService
11-06 16:06:40.639  1596  3125 D SystemServerTimingAsync: ssm.onStartUser-10_com.android.server.trust.TrustManagerService
11-06 16:06:40.639  1596  3125 D SystemServerTimingAsync: ssm.onStartUser-10_com.android.server.backup.BackupManagerService$Lifecycle
11-06 16:06:40.639  1596  3125 D SystemServerTimingAsync: ssm.onStartUser-10_com.android.server.appwidget.AppWidgetService
11-06 16:06:40.639  1596  3125 D SystemServerTimingAsync: ssm.onStartUser-10_com.android.server.GestureLauncherService
11-06 16:06:40.639  1596  3126 V StorageManagerService: Package com.instagram.android does not have legacy storage
11-06 16:06:40.639  1596  3125 D SystemServerTimingAsync: ssm.onStartUser-10_com.android.server.SensorNotificationService
11-06 16:06:40.639  1596  3125 D SystemServerTimingAsync: ssm.onStartUser-10_com.android.server.ContextHubSystemService
11-06 16:06:40.639  1596  3126 V StorageManagerService: Package com.android.settings.auto_generated_rro_vendor__ does not have legacy storage
11-06 16:06:40.639  1596  3125 D SystemServerTimingAsync: ssm.onStartUser-10_com.android.server.emergency.EmergencyAffordanceService
11-06 16:06:40.639  1596  3125 D SystemServerTimingAsync: ssm.onStartUser-10_com.android.server.blob.BlobStoreManagerService
11-06 16:06:40.639  1596  3126 V StorageManagerService: Package com.android.systemui.auto_generated_rro_vendor__ does not have legacy storage
11-06 16:06:40.639  1596  3125 D SystemServerTimingAsync: ssm.onStartUser-10_com.android.server.dreams.DreamManagerService
11-06 16:06:40.639  1596  3125 D SystemServerTimingAsync: ssm.onStartUser-10_com.android.server.print.PrintManagerService
11-06 16:06:40.639  1596  3126 V StorageManagerService: Package com.samsung.slsi.telephony.oem.oemrilhookservice does not have legacy storage
11-06 16:06:40.639  1596  3125 D SystemServerTimingAsync: ssm.onStartUser-10_com.android.server.security.AttestationVerificationManagerService
11-06 16:06:40.639  1596  3125 D SystemServerTimingAsync: ssm.onStartUser-10_com.android.server.companion.CompanionDeviceManagerService
11-06 16:06:40.639  1596  3125 D SystemServerTimingAsync: ssm.onStartUser-10_com.android.server.companion.virtual.VirtualDeviceManagerService
11-06 16:06:40.639  1596  3125 D SystemServerTimingAsync: ssm.onStartUser-10_com.android.server.restrictions.RestrictionsManagerService
11-06 16:06:40.639  1596  3125 D SystemServerTimingAsync: ssm.onStartUser-10_com.android.server.media.MediaSessionService
11-06 16:06:40.639  1596  3127 D SystemServerTimingAsync: ssm.onStartUser-10_com.android.server.media.MediaResourceMonitorService
11-06 16:06:40.639  1596  3127 D SystemServerTimingAsync: ssm.onStartUser-10_com.android.server.biometrics.sensors.fingerprint.FingerprintService
11-06 16:06:40.639  1596  3127 D SystemServerTimingAsync: ssm.onStartUser-10_com.android.server.biometrics.BiometricService
11-06 16:06:40.639  1596  3127 D SystemServerTimingAsync: ssm.onStartUser-10_com.android.server.biometrics.AuthService
11-06 16:06:40.640  1596  3127 D SystemServerTimingAsync: ssm.onStartUser-10_com.android.server.adaptiveauth.AdaptiveAuthService
11-06 16:06:40.640  1596  3127 D SystemServerTimingAsync: ssm.onStartUser-10_com.android.server.pm.ShortcutService$Lifecycle
11-06 16:06:40.640  1596  3127 D SystemServerTimingAsync: ssm.onStartUser-10_com.android.server.pm.CrossProfileAppsService
11-06 16:06:40.640  1596  3125 D SystemServerTimingAsync: ssm.onStartUser-10_com.android.server.pm.LauncherAppsService
11-06 16:06:40.640  1596  3127 D SystemServerTimingAsync: ssm.onStartUser-10_com.android.server.people.PeopleService
11-06 16:06:40.640  1596  3125 D SystemServerTimingAsync: ssm.onStartUser-10_com.android.server.media.metrics.MediaMetricsManagerService
11-06 16:06:40.640  1596  3126 V StorageManagerService: Package com.google.android.deskclock does not have legacy storage
11-06 16:06:40.640  1596  3125 D SystemServerTimingAsync: ssm.onStartUser-10_com.android.server.media.projection.MediaProjectionManagerService
11-06 16:06:40.640  1596  3125 D SystemServerTimingAsync: ssm.onStartUser-10_com.android.server.slice.SliceManagerService$Lifecycle
11-06 16:06:40.640  1596  3126 V StorageManagerService: Package com.pinterest does not have legacy storage
11-06 16:06:40.640  1596  3125 D SystemServerTimingAsync: ssm.onStartUser-10_com.android.server.stats.StatsCompanion$Lifecycle
11-06 16:06:40.640  1596  3125 D SystemServerTimingAsync: ssm.onStartUser-10_com.android.server.scheduling.RebootReadinessManagerService$Lifecycle
11-06 16:06:40.640  1596  3126 V StorageManagerService: Package com.android.systemui.clocks.numoverlap does not have legacy storage
11-06 16:06:40.640  1596  3125 D SystemServerTimingAsync: ssm.onStartUser-10_com.android.server.stats.pull.StatsPullAtomService
11-06 16:06:40.640  1596  3125 D SystemServerTimingAsync: ssm.onStartUser-10_com.android.server.stats.bootstrap.StatsBootstrapAtomService$Lifecycle
11-06 16:06:40.640  1596  3126 V StorageManagerService: Package com.example.fruitties.android does not have legacy storage
11-06 16:06:40.640  1596  3125 D SystemServerTimingAsync: ssm.onStartUser-10_com.android.server.incident.IncidentCompanionService
11-06 16:06:40.640  1596  3126 V StorageManagerService: Package com.google.android.as does not have legacy storage
11-06 16:06:40.640  1596  3125 D SystemServerTimingAsync: ssm.onStartUser-10_com.android.server.sdksandbox.SdkSandboxManagerService$Lifecycle
11-06 16:06:40.640  1596  3125 D SystemServerTimingAsync: ssm.onStartUser-10_com.android.server.adservices.AdServicesManagerService$Lifecycle
11-06 16:06:40.640  1596  3126 V StorageManagerService: Package com.google.android.gm does not have legacy storage
11-06 16:06:40.640  1596  3125 D SystemServerTimingAsync: ssm.onStartUser-10_com.android.server.ondevicepersonalization.OnDevicePersonalizationSystemService$Lifecycle
11-06 16:06:40.640  1596  3125 D SystemServerTimingAsync: ssm.onStartUser-10_android.os.profiling.ProfilingService$Lifecycle
11-06 16:06:40.640  1596  3126 V StorageManagerService: Package com.google.android.carrier does not have legacy storage
11-06 16:06:40.640  1596  3125 D SystemServerTimingAsync: ssm.onStartUser-10_com.android.server.MmsServiceBroker
11-06 16:06:40.640  1596  3125 D SystemServerTimingAsync: ssm.onStartUser-10_com.android.server.autofill.AutofillManagerService
11-06 16:06:40.640  1596  3126 V StorageManagerService: Package com.google.android.apps.tachyon does not have legacy storage
11-06 16:06:40.640  1596  3125 D SystemServerTimingAsync: ssm.onStartUser-10_com.android.server.credentials.CredentialManagerService
11-06 16:06:40.640  1596  3125 D SystemServerTimingAsync: ssm.onStartUser-10_com.android.server.translation.TranslationManagerService
11-06 16:06:40.640  1596  3126 V StorageManagerService: Package com.google.android.apps.dynamite does not have legacy storage
11-06 16:06:40.640  1596  3125 D SystemServerTimingAsync: ssm.onStartUser-10_com.android.server.clipboard.ClipboardService
11-06 16:06:40.640  1596  3126 V StorageManagerService: Package com.android.systemui.clocks.weather does not have legacy storage
11-06 16:06:40.640  1596  3125 D SystemServerTimingAsync: ssm.onStartUser-10_com.android.server.appbinding.AppBindingService$Lifecycle
11-06 16:06:40.640  1596  3126 V StorageManagerService: Package com.google.android.apps.security.securityhub does not have legacy storage
11-06 16:06:40.640  1596  3126 V StorageManagerService: Package com.google.android.turboadapter does not have legacy storage
11-06 16:06:40.640  1596  3126 V StorageManagerService: Package com.android.systemui.clocks.calligraphy does not have legacy storage
11-06 16:06:40.640  1596  3126 V StorageManagerService: Package com.android.managedprovisioning.overlay does not have legacy storage
11-06 16:06:40.640  1596  3126 V StorageManagerService: Package com.android.systemui.accessibility.accessibilitymenu does not have legacy storage
11-06 16:06:40.640  1596  3125 W AppBindingService: [Default SMS app] u10 Target package not found
11-06 16:06:40.640  1596  3126 V StorageManagerService: Package com.google.android.permissioncontroller does not have legacy storage
11-06 16:06:40.640  1596  3125 D SystemServerTimingAsync: ssm.onStartUser-10_com.android.server.tracing.TracingServiceProxy
11-06 16:06:40.640  1596  3125 D SystemServerTimingAsync: ssm.onStartUser-10_com.android.server.policy.PermissionPolicyService
11-06 16:06:40.640  1596  3126 V StorageManagerService: Package com.google.corp.bizapps.rews.food.android does not have legacy storage
11-06 16:06:40.640  1596  3125 D SystemServerTiming: Permission_grant_default_permissions-10
11-06 16:06:40.640  1596  3126 V StorageManagerService: Package com.google.intelligence.sense does not have legacy storage
11-06 16:06:40.640  1596  3125 D SystemServerTiming: Permission_synchronize_permissions-10
11-06 16:06:40.640  1596  3126 V StorageManagerService: Package com.google.android.setupwizard does not have legacy storage
11-06 16:06:40.640  1596  3126 V StorageManagerService: Package com.google.android.bluetooth does not have legacy storage
11-06 16:06:40.640  1596  3126 V StorageManagerService: Package com.google.pixel.digitalkey.timesync does not have legacy storage
11-06 16:06:40.640  1596  3126 V StorageManagerService: Package com.android.providers.settings has legacy storage
11-06 16:06:40.640  1596  3126 V StorageManagerService: Package com.google.android.networkstack.tethering.overlay2021 does not have legacy storage
11-06 16:06:40.640  1596  3126 V StorageManagerService: Package com.android.sharedstoragebackup does not have legacy storage
11-06 16:06:40.640  1596  3126 V StorageManagerService: Package com.verizon.services does not have legacy storage
11-06 16:06:40.640  1596  3126 V StorageManagerService: Package com.google.android.euicc does not have legacy storage
11-06 16:06:40.640  1596  3126 V StorageManagerService: Package com.google.android.iwlan has legacy storage
11-06 16:06:40.640  1596  3126 V StorageManagerService: Package com.android.printspooler does not have legacy storage
11-06 16:06:40.641  1596  3126 V StorageManagerService: Package com.att.callprotect does not have legacy storage
11-06 16:06:40.641  1596  3126 V StorageManagerService: Package com.android.hotwordenrollment.okgoogle does not have legacy storage
11-06 16:06:40.641  1596  3126 V StorageManagerService: Package com.android.sdm.plugins.diagmon does not have legacy storage
11-06 16:06:40.641  1596  3126 V StorageManagerService: Package com.android.dreams.basic does not have legacy storage
11-06 16:06:40.641  1596  3126 V StorageManagerService: Package com.google.android.aicore does not have legacy storage
11-06 16:06:40.641  1596  3126 V StorageManagerService: Package com.android.providers.settings.auto_generated_rro_product__ does not have legacy storage
11-06 16:06:40.641  1596  3126 V StorageManagerService: Package com.google.android.as.oss does not have legacy storage
11-06 16:06:40.641  1596  3126 V StorageManagerService: Package com.att.myWireless does not have legacy storage
11-06 16:06:40.641  1596  3126 V StorageManagerService: Package com.duokan.phone.remotecontroller does not have legacy storage
11-06 16:06:40.641  1596  3126 V StorageManagerService: Package com.android.se does not have legacy storage
11-06 16:06:40.641  1596  3126 V StorageManagerService: Package com.android.inputdevices has legacy storage
11-06 16:06:40.641  1596  3126 V StorageManagerService: Package com.android.traceur.auto_generated_rro_product__ does not have legacy storage
11-06 16:06:40.641  1596  3126 V StorageManagerService: Package com.google.android.apps.wellbeing does not have legacy storage
11-06 16:06:40.641  1596  3126 V StorageManagerService: Package com.google.android.devicelockcontroller does not have legacy storage
11-06 16:06:40.641  1596  3126 V StorageManagerService: Package com.google.android.dialer does not have legacy storage
11-06 16:06:40.641  1596  3126 V StorageManagerService: Package com.android.bips does not have legacy storage
11-06 16:06:40.641  1596  3126 V StorageManagerService: Package com.google.audio.hearing.visualization.accessibility.scribe does not have legacy storage
11-06 16:06:40.641  1596  3126 V StorageManagerService: Package com.google.android.apps.nbu.files does not have legacy storage
11-06 16:06:40.641  1596  3126 V StorageManagerService: Package com.wbd.stream does not have legacy storage
11-06 16:06:40.641  1596  3126 V StorageManagerService: Package com.google.android.apps.internal.assistant does not have legacy storage
11-06 16:06:40.641  1596  3126 V StorageManagerService: Package com.google.android.captiveportallogin does not have legacy storage
11-06 16:06:40.641  1596  3126 V StorageManagerService: Package com.google.android.flipendo.auto_generated_rro_product__ does not have legacy storage
11-06 16:06:40.641  1596  3126 V StorageManagerService: Package com.google.android.accessibility.soundamplifier does not have legacy storage
11-06 16:06:40.641  1596  3126 V StorageManagerService: Package com.google.corp.bizapps.rews.campus.android does not have legacy storage
11-06 16:06:40.641  1596  3126 V StorageManagerService: Package com.shannon.rcsservice does not have legacy storage
11-06 16:06:40.641  1596  3126 V StorageManagerService: Package android.auto_generated_characteristics_rro does not have legacy storage
11-06 16:06:40.641  1596  3126 V StorageManagerService: Package com.twitter.android does not have legacy storage
11-06 16:06:40.641  1596  3126 V StorageManagerService: Package com.google.android.appsearch.apk does not have legacy storage
11-06 16:06:40.641  1596  3126 V StorageManagerService: Package com.google.ambient.streaming does not have legacy storage
11-06 16:06:40.641  1596  3126 V StorageManagerService: Package com.android.musicfx does not have legacy storage
11-06 16:06:40.641  1596  3126 V StorageManagerService: Package com.android.ons.auto_generated_rro_vendor__ does not have legacy storage
11-06 16:06:40.641  1596  3126 V StorageManagerService: Package com.android.devicediagnostics.auto_generated_rro_vendor__ does not have legacy storage
11-06 16:06:40.641  1596  3126 V StorageManagerService: Package com.google.android.apps.docs does not have legacy storage
11-06 16:06:40.641  1596  3126 V StorageManagerService: Package com.google.android.apps.gsoc does not have legacy storage
11-06 16:06:40.641  1596  3126 V StorageManagerService: Package com.google.android.apps.maps does not have legacy storage
11-06 16:06:40.642  1596  3126 V StorageManagerService: Package com.google.android.apps.tips does not have legacy storage
11-06 16:06:40.642  1596  3126 V StorageManagerService: Package com.google.android.documentsui.theme.pixel does not have legacy storage
11-06 16:06:40.642  1596  3126 V StorageManagerService: Package com.google.android.modulemetadata does not have legacy storage
11-06 16:06:40.642  1596  3126 V StorageManagerService: Package com.google.android.avatarpicker does not have legacy storage
11-06 16:06:40.642  1596  3126 V StorageManagerService: Package com.google.android.microdroid.empty_payload does not have legacy storage
11-06 16:06:40.642  1596  3126 V StorageManagerService: Package com.google.android.markup does not have legacy storage
11-06 16:06:40.642  1596  3126 V StorageManagerService: Package com.android.cellbroadcastreceiver does not have legacy storage
11-06 16:06:40.642  1596  3126 V StorageManagerService: Package com.google.android.webview does not have legacy storage
11-06 16:06:40.642  1596  3126 V StorageManagerService: Package androidx.room.integration.multiplatformtestapp.test does not have legacy storage
11-06 16:06:40.642  1596  3126 V StorageManagerService: Package com.google.android.apps.carrier.log does not have legacy storage
11-06 16:06:40.642  1596  3126 V StorageManagerService: Package com.google.android.networkstack does not have legacy storage
11-06 16:06:40.642  1596  3126 V StorageManagerService: Package com.google.android.rkpdapp does not have legacy storage
11-06 16:06:40.642  1596  3126 V StorageManagerService: Package com.google.android.contactkeys does not have legacy storage
11-06 16:06:40.642  1596  3126 V StorageManagerService: Package com.google.android.contacts does not have legacy storage
11-06 16:06:40.642  1596  3126 V StorageManagerService: Package com.android.server.telecom has legacy storage
11-06 16:06:40.642  1596  3126 V StorageManagerService: Package com.android.keychain has legacy storage
11-06 16:06:40.642  1596  3126 V StorageManagerService: Package com.android.server.telecom.auto_generated_rro_product__ does not have legacy storage
11-06 16:06:40.642  1596  3125 D SystemServerTiming: Permission_synchronize_addPackages-10
11-06 16:06:40.642  1596  3127 D SystemServerTimingAsync: ssm.onStartUser-10_com.android.server.pm.BackgroundInstallControlService
11-06 16:06:40.642  1596  3127 D SystemServerTimingAsync: ssm.onStartUser-10_com.android.server.pm.StagingManager$Lifecycle
11-06 16:06:40.642  1596  3127 D SystemServerTimingAsync: ssm.onStartUser-10_com.android.server.app.GameManagerService$Lifecycle
11-06 16:06:40.642  1596  3127 D GameManagerService: Starting user 10
11-06 16:06:40.642  1596  3126 V StorageManagerService: Package com.android.phone.auto_generated_characteristics_rro does not have legacy storage
11-06 16:06:40.642  1596  3126 V StorageManagerService: Package com.google.android.overlay.googleconfig does not have legacy storage
11-06 16:06:40.642  1596  3126 V StorageManagerService: Package com.android.systemui.clocks.inflate does not have legacy storage
11-06 16:06:40.642  1596  3126 V StorageManagerService: Package com.google.android.calculator does not have legacy storage
11-06 16:06:40.642  1596  3126 V StorageManagerService: Package com.android.chrome does not have legacy storage
11-06 16:06:40.642  1596  3126 V StorageManagerService: Package com.android.bips.auto_generated_rro_product__ does not have legacy storage
11-06 16:06:40.642  1596  3126 V StorageManagerService: Package com.google.android.packageinstaller does not have legacy storage
11-06 16:06:40.643  1596  3126 V StorageManagerService: Package com.google.android.apps.customization.pixel does not have legacy storage
11-06 16:06:40.643  1596  3126 V StorageManagerService: Package com.google.android.gms does not have legacy storage
11-06 16:06:40.643  1596  3126 V StorageManagerService: Package com.google.android.gsf does not have legacy storage
11-06 16:06:40.643  1596  3126 V StorageManagerService: Package com.google.android.ims does not have legacy storage
11-06 16:06:40.643  1596  3126 V StorageManagerService: Package com.google.android.tag does not have legacy storage
11-06 16:06:40.643  1596  3126 V StorageManagerService: Package com.google.android.tts does not have legacy storage
11-06 16:06:40.643  1596  3126 V StorageManagerService: Package com.google.android.overlay.permissioncontroller does not have legacy storage
11-06 16:06:40.643  1596  3126 V StorageManagerService: Package com.google.android.apps.walletnfcrel does not have legacy storage
11-06 16:06:40.643  1596  3126 V StorageManagerService: Package com.android.calllogbackup does not have legacy storage
11-06 16:06:40.643  1596  3126 V StorageManagerService: Package com.google.android.partnersetup does not have legacy storage
11-06 16:06:40.643  1596  3126 V StorageManagerService: Package com.android.safetyregulatoryinfo does not have legacy storage
11-06 16:06:40.643  1596  3126 V StorageManagerService: Package com.android.cameraextensions does not have legacy storage
11-06 16:06:40.643  1596  3126 V StorageManagerService: Package com.google.android.apps.wallpaper.pixel does not have legacy storage
11-06 16:06:40.643  1596  3126 V StorageManagerService: Package com.android.localtransport has legacy storage
11-06 16:06:40.643  1596  3126 V StorageManagerService: Package com.fitbod.fitbod does not have legacy storage
11-06 16:06:40.643  1596  3126 V StorageManagerService: Package com.google.android.videos does not have legacy storage
11-06 16:06:40.643  1596  3126 V StorageManagerService: Package com.google.euiccpixel.overlay.gs101 does not have legacy storage
11-06 16:06:40.643  1596  3126 V StorageManagerService: Package com.google.android.wallpaper.effects does not have legacy storage
11-06 16:06:40.643  1596  3126 V StorageManagerService: Package com.google.android.apps.nexuslauncher does not have legacy storage
11-06 16:06:40.643  1596  3126 V StorageManagerService: Package com.android.carrierdefaultapp does not have legacy storage
11-06 16:06:40.643  1596  3126 V StorageManagerService: Package com.google.android.virtualmachine.res does not have legacy storage
11-06 16:06:40.643  1596  3126 V StorageManagerService: Package com.android.credentialmanager does not have legacy storage
11-06 16:06:40.643  1596  3126 V StorageManagerService: Package com.google.RilConfigService does not have legacy storage
11-06 16:06:40.643  1596  3126 V StorageManagerService: Package com.android.theme.font.notoserifsource does not have legacy storage
11-06 16:06:40.643  1596  3126 V StorageManagerService: Package com.android.DeviceAsWebcam has legacy storage
11-06 16:06:40.643  1596  3126 V StorageManagerService: Package com.android.proxyhandler does not have legacy storage
11-06 16:06:40.643  1596  3126 V StorageManagerService: Package com.google.android.safetycenter.resources does not have legacy storage
11-06 16:06:40.643  1596  3126 V StorageManagerService: Package com.google.android.compos.payload does not have legacy storage
11-06 16:06:40.643  1596  3126 V StorageManagerService: Package com.google.android.apps.motionsense.bridge does not have legacy storage
11-06 16:06:40.643  1596  3126 V StorageManagerService: Package com.android.internal.display.cutout.emulation.waterfall does not have legacy storage
11-06 16:06:40.643  1596  3126 V StorageManagerService: Package com.android.intentresolver does not have legacy storage
11-06 16:06:40.643  1596  3126 V StorageManagerService: Package com.google.SSRestartDetector has legacy storage
11-06 16:06:40.643  1596  3126 V StorageManagerService: Package com.google.android.storagemanager.auto_generated_rro_vendor__ does not have legacy storage
11-06 16:06:40.643  1596  3126 V StorageManagerService: Package com.netflix.mediaclient does not have legacy storage
11-06 16:06:40.644  1596  3126 V StorageManagerService: Package com.jrustonapps.myauroraforecast does not have legacy storage
11-06 16:06:40.644  1596  3126 V StorageManagerService: Package com.android.internal.systemui.navbar.transparent does not have legacy storage
11-06 16:06:40.644  1596  3126 V StorageManagerService: Package com.android.providers.contactkeys does not have legacy storage
11-06 16:06:40.644  1596  3126 V StorageManagerService: Package com.google.android.connectivity.resources does not have legacy storage
11-06 16:06:40.644  1596  3126 V StorageManagerService: Package com.android.providers.contacts.auto_generated_rro_product__ does not have legacy storage
11-06 16:06:40.644  1596  3126 V StorageManagerService: Package com.google.android.feedback does not have legacy storage
11-06 16:06:40.644  1596  3126 V StorageManagerService: Package com.google.android.printservice.recommendation does not have legacy storage
11-06 16:06:40.644  1596  3126 V StorageManagerService: Package com.google.android.apps.photos does not have legacy storage
11-06 16:06:40.644  1596  3126 V StorageManagerService: Package com.google.android.calendar does not have legacy storage
11-06 16:06:40.644  1596  3126 V StorageManagerService: Package com.android.managedprovisioning does not have legacy storage
11-06 16:06:40.644  1596  3126 V StorageManagerService: Package com.google.android.overlay.devicelockcontroller does not have legacy storage
11-06 16:06:40.644  1596  3126 V StorageManagerService: Package com.spotify.music does not have legacy storage
11-06 16:06:40.644  1596  3126 V StorageManagerService: Package com.google.android.pixelnfc does not have legacy storage
11-06 16:06:40.644  1596  3126 V StorageManagerService: Package com.android.soundpicker does not have legacy storage
11-06 16:06:40.644  1596  3126 V StorageManagerService: Package com.instructure.candroid does not have legacy storage
11-06 16:06:40.644  1596  3126 V StorageManagerService: Package com.ubercab does not have legacy storage
11-06 16:06:40.645  1596  3126 V StorageManagerService: Package com.google.android.documentsui does not have legacy storage
11-06 16:06:40.645  1596  3126 V StorageManagerService: Package com.google.android.accessibility.switchaccess does not have legacy storage
11-06 16:06:40.645  1596  3126 V StorageManagerService: Package com.google.mainline.telemetry does not have legacy storage
11-06 16:06:40.645  1596  3127 D SystemServerTimingAsync: ssm.onStartUser-10_com.android.server.uwb.UwbService
11-06 16:06:40.645  1596  3127 D SystemServerTimingAsync: ssm.onStartUser-10_com.android.safetycenter.SafetyCenterService
11-06 16:06:40.645  1596  3127 D SystemServerTimingAsync: ssm.onStartUser-10_com.android.server.appsearch.AppSearchModule$Lifecycle
11-06 16:06:40.645  1596  3127 D SystemServerTimingAsync: ssm.onStartUser-10_com.android.server.compos.IsolatedCompilationService
11-06 16:06:40.645  1596  3127 D SystemServerTimingAsync: ssm.onStartUser-10_com.android.server.media.MediaCommunicationService
11-06 16:06:40.645  1596  3127 D SystemServerTimingAsync: ssm.onStartUser-10_com.android.server.compat.overrides.AppCompatOverridesService$Lifecycle
11-06 16:06:40.645  1596  3127 D SystemServerTimingAsync: ssm.onStartUser-10_com.android.server.SensitiveContentProtectionManagerService
11-06 16:06:40.645  1596  3127 D SystemServerTimingAsync: ssm.onStartUser-10_com.android.system.virtualmachine.VirtualizationSystemService
11-06 16:06:40.645  1596  3126 V StorageManagerService: Package com.google.android.systemui.gxoverlay does not have legacy storage
11-06 16:06:40.645  1596  3126 V StorageManagerService: Package com.google.android.apps.internal.betterbug does not have legacy storage
11-06 16:06:40.645  1596  3126 V StorageManagerService: Package com.android.cellbroadcastservice.overlay.pixel does not have legacy storage
11-06 16:06:40.645  1596  3126 V StorageManagerService: Package com.amazon.avod.thirdpartyclient does not have legacy storage
11-06 16:06:40.645  1596  3126 V StorageManagerService: Package com.android.sdm.plugins.dcmo does not have legacy storage
11-06 16:06:40.645  1596  3126 V StorageManagerService: Package com.android.devicediagnostics.auto_generated_rro_product__ does not have legacy storage
11-06 16:06:40.645  1596  3126 V StorageManagerService: Package com.google.android.apps.camera.services does not have legacy storage
11-06 16:06:40.645  1596  3126 V StorageManagerService: Package com.android.devicediagnostics does not have legacy storage
11-06 16:06:40.646  1596  3126 V StorageManagerService: Package com.android.providers.partnerbookmarks does not have legacy storage
11-06 16:06:40.646  1596  3126 V StorageManagerService: Package com.android.role.notes.enabled does not have legacy storage
11-06 16:06:40.646  1596  3126 V StorageManagerService: Package com.shannon.imsservice does not have legacy storage
11-06 16:06:40.646  1596  3126 V StorageManagerService: Package com.android.wallpaper.livepicker does not have legacy storage
11-06 16:06:40.646  1596  3126 V StorageManagerService: Package com.android.providers.telephony.auto_generated_rro_product__ does not have legacy storage
11-06 16:06:40.646  1596  3126 V StorageManagerService: Package com.android.phone.auto_generated_rro_vendor__ does not have legacy storage
11-06 16:06:40.646  1596  3126 V StorageManagerService: Package com.android.systemui.clocks.flex does not have legacy storage
11-06 16:06:40.646  1596  3126 V StorageManagerService: Package com.google.mainline.adservices does not have legacy storage
